 untitled_sfun

 Timestamp is 51d11d55 (Mon Jul 01 16:10:29 2013)

 Preferred load address is 0000000180000000

 Start         Length     Name                   Class
 0001:00000000 00034ee4H .text                   CODE
 0001:00034ef0 00000092H .text$x                 CODE
 0002:00000000 00000488H .idata$5                DATA
 0002:00000488 00000008H .CRT$XCA                DATA
 0002:00000490 00000008H .CRT$XCZ                DATA
 0002:00000498 00000008H .CRT$XIA                DATA
 0002:000004a0 00000008H .CRT$XIAA               DATA
 0002:000004a8 00000008H .CRT$XIZ                DATA
 0002:000004b0 00004afcH .rdata                  DATA
 0002:00004fb0 00000008H .rtc$IAA                DATA
 0002:00004fb8 00000008H .rtc$IZZ                DATA
 0002:00004fc0 00000008H .rtc$TAA                DATA
 0002:00004fc8 00000008H .rtc$TZZ                DATA
 0002:00004fd0 00003f6cH .xdata                  DATA
 0002:00008f3c 000000a0H .idata$2                DATA
 0002:00008fdc 00000014H .idata$3                DATA
 0002:00008ff0 00000488H .idata$4                DATA
 0002:00009478 00000a82H .idata$6                DATA
 0002:00009f00 00000053H .edata                  DATA
 0003:00000000 00001628H .data                   DATA
 0003:00001640 000026d8H .bss                    DATA
 0004:00000000 00003048H .pdata                  DATA

  Address         Publics by Value              Rva+Base               Lib:Object

 0000:00000000       ___safe_se_handler_count   0000000000000000     <absolute>
 0000:00000000       ___safe_se_handler_table   0000000000000000     <absolute>
 0000:00000000       __ImageBase                0000000180000000     <linker-defined>
 0001:00000000       sf_c2_untitled_get_eml_resolved_functions_info 0000000180001000 f   c2_untitled.obj
 0001:00000570       sf_c2_untitled_get_check_sum 0000000180001570 f   c2_untitled.obj
 0001:000005f0       sf_c2_untitled_get_autoinheritance_info 00000001800015f0 f   c2_untitled.obj
 0001:00000a10       sf_internal_get_sim_state_c2_untitled 0000000180001a10 f   c2_untitled.obj
 0001:00000d60       sf_internal_set_sim_state_c2_untitled 0000000180001d60 f   c2_untitled.obj
 0001:00001160       c2_untitled_method_dispatcher 0000000180002160 f   c2_untitled.obj
 0001:00002910       sf_process_check_sum_call  0000000180003910 f   untitled_sfun_registry.obj
 0001:00002960       sf_process_autoinheritance_call 0000000180003960 f   untitled_sfun_registry.obj
 0001:00002b00       sf_process_get_eml_resolved_functions_info_call 0000000180003b00 f   untitled_sfun_registry.obj
 0001:00002c80       sf_mex_unlock_call         0000000180003c80 f   untitled_sfun_registry.obj
 0001:00002d30       sf_machine_global_initializer_called 0000000180003d30 f   untitled_sfun_registry.obj
 0001:00002d60       sf_machine_global_method_dispatcher 0000000180003d60 f   untitled_sfun_registry.obj
 0001:00002dc0       sf_machine_global_terminator 0000000180003dc0 f   untitled_sfun_registry.obj
 0001:00002e00       sf_register_machine_exported_symbols 0000000180003e00 f   untitled_sfun_registry.obj
 0001:00002e20       callCustomFcn              0000000180003e20 f   untitled_sfun_registry.obj
 0001:00002e30       sf_machine_global_initializer 0000000180003e30 f   untitled_sfun_registry.obj
 0001:00002ea0       _ssSetStateAbsTol          0000000180003ea0 f   untitled_sfun_registry.obj
 0001:00002f80       _ssGetAbsTol               0000000180003f80 f   untitled_sfun_registry.obj
 0001:00002ff0       _ssSetInputPortMatrixDimensions 0000000180003ff0 f   untitled_sfun_registry.obj
 0001:00003100       _ssSetOutputPortMatrixDimensions 0000000180004100 f   untitled_sfun_registry.obj
 0001:00003210       _ssSetInputPortVectorDimension 0000000180004210 f   untitled_sfun_registry.obj
 0001:000032e0       _ssSetOutputPortVectorDimension 00000001800042e0 f   untitled_sfun_registry.obj
 0001:000033b0       ssIsRunTimeParamTunable    00000001800043b0 f   untitled_sfun_registry.obj
 0001:00003420       ssGetSFuncBlockHandle      0000000180004420 f   untitled_sfun_registry.obj
 0001:00003490       _ssGetCurrentInputPortWidth 0000000180004490 f   untitled_sfun_registry.obj
 0001:000035b0       _ssGetCurrentOutputPortWidth 00000001800045b0 f   untitled_sfun_registry.obj
 0001:000036d0       _ssGetCallSystemNumFcnCallDestinations 00000001800046d0 f   untitled_sfun_registry.obj
 0001:00003740       ssWarning                  0000000180004740 f   untitled_sfun_registry.obj
 0001:00003850       ssGetIsZeroCrossControlDisabled 0000000180004850 f   untitled_sfun_registry.obj
 0001:000038c0       ssSetIsInputPortUsedForContZcSignal 00000001800048c0 f   untitled_sfun_registry.obj
 0001:00003930       ssSetZcSignalIsZcElementDisc 0000000180004930 f   untitled_sfun_registry.obj
 0001:000039e0       ssSetZcSignalName          00000001800049e0 f   untitled_sfun_registry.obj
 0001:00003a50       ssSetZcSignalWidth         0000000180004a50 f   untitled_sfun_registry.obj
 0001:00003ac0       ssSetZcSignalZcEventType   0000000180004ac0 f   untitled_sfun_registry.obj
 0001:00003b30       ssSetZcSignalType          0000000180004b30 f   untitled_sfun_registry.obj
 0001:00003ba0       ssSetZcSignalZcTol         0000000180004ba0 f   untitled_sfun_registry.obj
 0001:00003c10       ssSetZcSignalNeedsEventNotification 0000000180004c10 f   untitled_sfun_registry.obj
 0001:00003c80       ssCreateAndAddZcSignalInfo 0000000180004c80 f   untitled_sfun_registry.obj
 0001:00003cf0       ssCloneAndAddZcSignalInfo  0000000180004cf0 f   untitled_sfun_registry.obj
 0001:00003d60       ssGetNumZcSignals          0000000180004d60 f   untitled_sfun_registry.obj
 0001:00003dd0       ssGetZcSignalVector        0000000180004dd0 f   untitled_sfun_registry.obj
 0001:00003e40       ssGetZcSignalZcEvents      0000000180004e40 f   untitled_sfun_registry.obj
 0001:00003eb0       ssGetZcSignalName          0000000180004eb0 f   untitled_sfun_registry.obj
 0001:00003f20       ssGetZcSignalWidth         0000000180004f20 f   untitled_sfun_registry.obj
 0001:00003f90       ssGetZcSignalZcEventType   0000000180004f90 f   untitled_sfun_registry.obj
 0001:00004000       ssGetZcSignalType          0000000180005000 f   untitled_sfun_registry.obj
 0001:00004070       ssGetZcSignalZcTol         0000000180005070 f   untitled_sfun_registry.obj
 0001:000040f0       ssGetZcSignalNeedsEventNotification 00000001800050f0 f   untitled_sfun_registry.obj
 0001:00004160       ssGetZcSignalIsZcElementDisc 0000000180005160 f   untitled_sfun_registry.obj
 0001:00004200       ssGetIsInputPortElementContinuous 0000000180005200 f   untitled_sfun_registry.obj
 0001:000042a0       _ssGetInputPortSignalPtrsFcn 00000001800052a0 f   untitled_sfun_registry.obj
 0001:00004560       _ssGetInputPortSignalFcn   0000000180005560 f   untitled_sfun_registry.obj
 0001:00004780       _ssSetInputPortDirectFeedThroughFcn 0000000180005780 f   untitled_sfun_registry.obj
 0001:000048e0       _ssSetInputPortReusableFcn 00000001800058e0 f   untitled_sfun_registry.obj
 0001:000049d0       _ssSetOutputPortReusableFcn 00000001800059d0 f   untitled_sfun_registry.obj
 0001:00004ab0       ssGetDTypeIdFromMxArray    0000000180005ab0 f   untitled_sfun_registry.obj
 0001:00004bd0       ssWriteRTWStr              0000000180005bd0 f   untitled_sfun_registry.obj
 0001:00004c30       ssWriteRTWMxVectParam      0000000180005c30 f   untitled_sfun_registry.obj
 0001:00004c90       ssWriteRTWMx2dMatParam     0000000180005c90 f   untitled_sfun_registry.obj
 0001:00004d10       ssWriteRTWNameValuePair    0000000180005d10 f   untitled_sfun_registry.obj
 0001:00005200       ssWriteRTWParameters       0000000180006200 f   untitled_sfun_registry.obj
 0001:00005800       ssWriteRTWParamSettings    0000000180006800 f   untitled_sfun_registry.obj
 0001:00005ed0       ssWriteRTWWorkVect         0000000180006ed0 f   untitled_sfun_registry.obj
 0001:000063d0       mexFunction                00000001800073d0 f   untitled_sfun_registry.obj
 0001:00008090       ProcessMexSfunctionEveryCall 0000000180009090 f   untitled_sfun_registry.obj
 0001:00008200       untitled_initializer       0000000180009200 f   untitled_sfun.obj
 0001:00008210       untitled_terminator        0000000180009210 f   untitled_sfun.obj
 0001:00008220       sf_untitled_method_dispatcher 0000000180009220 f   untitled_sfun.obj
 0001:00008270       sf_untitled_process_check_sum_call 0000000180009270 f   untitled_sfun.obj
 0001:00008680       sf_untitled_autoinheritance_info 0000000180009680 f   untitled_sfun.obj
 0001:000087f0       sf_untitled_get_eml_resolved_functions_info 00000001800097f0 f   untitled_sfun.obj
 0001:00008920       untitled_debug_initialize  0000000180009920 f   untitled_sfun.obj
 0001:00008990       untitled_register_exported_symbols 0000000180009990 f   untitled_sfun.obj
 0001:000089a0       load_untitled_optimization_info 00000001800099a0 f   untitled_sfun.obj
 0001:000089f0       unload_untitled_optimization_info 00000001800099f0 f   untitled_sfun.obj
 0001:00008b10       sf_mex_mx_is_numeric       0000000180009b10 f   sfc_mex:sfc_mex.obj
 0001:00008b50       strcmp_ignore_ws           0000000180009b50 f   sfc_mex:sfc_mex.obj
 0001:00008c90       sf_mex_duplicatearraysafe  0000000180009c90 f   sfc_mex:sfc_mex.obj
 0001:00008df0       sf_set_error_debugger_context_message_fcn 0000000180009df0 f   sfc_mex:sfc_mex.obj
 0001:00008e00       sf_set_debugger_matlab_error_fcn 0000000180009e00 f   sfc_mex:sfc_mex.obj
 0001:00008e30       sf_set_error_prefix_string 0000000180009e30 f   sfc_mex:sfc_mex.obj
 0001:00008e60       sf_get_error_prefix_string 0000000180009e60 f   sfc_mex:sfc_mex.obj
 0001:00008e70       sf_mex_enter_parallel_region 0000000180009e70 f   sfc_mex:sfc_mex.obj
 0001:00008e80       sf_mex_exit_parallel_region 0000000180009e80 f   sfc_mex:sfc_mex.obj
 0001:00008e90       sf_get_current_jmp_buf_ptr 0000000180009e90 f   sfc_mex:sfc_mex.obj
 0001:00008ea0       sf_set_current_jmp_buf_ptr 0000000180009ea0 f   sfc_mex:sfc_mex.obj
 0001:00008eb0       sf_mex_set_halt_simulation 0000000180009eb0 f   sfc_mex:sfc_mex.obj
 0001:00008ec0       sf_mex_get_halt_simulation 0000000180009ec0 f   sfc_mex:sfc_mex.obj
 0001:00008ed0       sf_mex_clear_error_message 0000000180009ed0 f   sfc_mex:sfc_mex.obj
 0001:00008ef0       sf_mex_get_error_message_for_read 0000000180009ef0 f   sfc_mex:sfc_mex.obj
 0001:00008f00       sf_mex_get_error_message_buffer_length 0000000180009f00 f   sfc_mex:sfc_mex.obj
 0001:00008fe0       sf_mex_warning_message     0000000180009fe0 f   sfc_mex:sfc_mex.obj
 0001:00009050       sf_mex_v_errbuf_createf    000000018000a050 f   sfc_mex:sfc_mex.obj
 0001:00009060       sf_mex_errbuf_createf      000000018000a060 f   sfc_mex:sfc_mex.obj
 0001:00009090       sf_mex_v_errbuf_catf       000000018000a090 f   sfc_mex:sfc_mex.obj
 0001:000090d0       sf_mex_errbuf_catf         000000018000a0d0 f   sfc_mex:sfc_mex.obj
 0001:00009120       sf_mex_errbuf_copy         000000018000a120 f   sfc_mex:sfc_mex.obj
 0001:00009130       sf_mex_errbuf_clear        000000018000a130 f   sfc_mex:sfc_mex.obj
 0001:00009140       sf_mex_errbuf_isempty      000000018000a140 f   sfc_mex:sfc_mex.obj
 0001:00009250       sf_mex_set_error_status    000000018000a250 f   sfc_mex:sfc_mex.obj
 0001:000092a0       sf_mex_error_direct_call   000000018000a2a0 f   sfc_mex:sfc_mex.obj
 0001:000092c0       sf_mex_error_message_no_long_jump 000000018000a2c0 f   sfc_mex:sfc_mex.obj
 0001:000092e0       sf_mex_long_jump_on_error  000000018000a2e0 f   sfc_mex:sfc_mex.obj
 0001:00009310       sf_mex_call_matlab         000000018000a310 f   sfc_mex:sfc_mex.obj
 0001:00009430       sf_mex_check_builtin       000000018000a430 f   sfc_mex:sfc_mex.obj
 0001:000094d0       sf_mex_check_builtin_vs    000000018000a4d0 f   sfc_mex:sfc_mex.obj
 0001:00009590       sf_mex_check_enum          000000018000a590 f   sfc_mex:sfc_mex.obj
 0001:00009610       sf_mex_create_enum         000000018000a610 f   sfc_mex:sfc_mex.obj
 0001:00009680       sf_mex_get_enum_element    000000018000a680 f   sfc_mex:sfc_mex.obj
 0001:00009690       sf_mex_createcellarray     000000018000a690 f   sfc_mex:sfc_mex.obj
 0001:000096a0       sf_mex_setcell             000000018000a6a0 f   sfc_mex:sfc_mex.obj
 0001:000096b0       sf_mex_getcell             000000018000a6b0 f   sfc_mex:sfc_mex.obj
 0001:000096c0       sf_mex_dup                 000000018000a6c0 f   sfc_mex:sfc_mex.obj
 0001:000096e0       sf_mex_assign              000000018000a6e0 f   sfc_mex:sfc_mex.obj
 0001:00009760       sf_mex_destroy             000000018000a760 f   sfc_mex:sfc_mex.obj
 0001:00009790       mx_array_has_fi_type       000000018000a790 f   sfc_mex:sfc_mex.obj
 0001:000097c0       sf_mex_convert_from_fi     000000018000a7c0 f   sfc_mex:sfc_mex.obj
 0001:000098f0       sf_mex_convert_to_double   000000018000a8f0 f   sfc_mex:sfc_mex.obj
 0001:00009a10       sf_mex_import_fi_vs        000000018000aa10 f   sfc_mex:sfc_mex.obj
 0001:00009bd0       sf_matrix_matrix_index_ok  000000018000abd0 f   sfc_mex:sfc_mex.obj
 0001:00009c60       sf_vector_vector_index_ok  000000018000ac60 f   sfc_mex:sfc_mex.obj
 0001:00009c90       ssGetCurrentInputPortDimensions_wrapper 000000018000ac90 f   sfc_mex:sfc_mex.obj
 0001:00009cb0       ssGetCurrentOutputPortDimensions_wrapper 000000018000acb0 f   sfc_mex:sfc_mex.obj
 0001:00009cd0       sf_mex_emlrt_context_is_debug_mode 000000018000acd0 f   sfc_mex:sfc_mex.obj
 0001:00009ce0       sf_mex_emlrt_context_set_debug_mode 000000018000ace0 f   sfc_mex:sfc_mex.obj
 0001:00009cf0       sf_mex_emlrtNameCapturePostProcessR2012a 000000018000acf0 f   sfc_mex:sfc_mex.obj
 0001:00009d60       sf_clear_error_manager_info 000000018000ad60 f   sfc_mex:sfc_mex.obj
 0001:00009dc0       sf_mex_stop_simulation_abruptly_wo_error 000000018000adc0 f   sfc_mex:sfc_mex.obj
 0001:00009e00       sf_mex_error_message       000000018000ae00 f   sfc_mex:sfc_mex.obj
 0001:00009e60       sf_react_to_error_in_matlab_call 000000018000ae60 f   sfc_mex:sfc_mex.obj
 0001:00009e90       sf_mex_addfield            000000018000ae90 f   sfc_mex:sfc_mex.obj
 0001:00009f30       sf_mex_getfield            000000018000af30 f   sfc_mex:sfc_mex.obj
 0001:0000a230       sf_mex_check_class         000000018000b230 f   sfc_mex:sfc_mex.obj
 0001:0000a2d0       sf_mex_is_real             000000018000b2d0 f   sfc_mex:sfc_mex.obj
 0001:0000a740       sf_mex_decode_encoded_mx_struct_array 000000018000b740 f   sfc_mex:sfc_mex.obj
 0001:0000aa20       sf_mex_lw_bounds_check     000000018000ba20 f   sfc_mex:sfc_mex.obj
 0001:0000aa50       sf_mex_lw_size_eq_check_1d 000000018000ba50 f   sfc_mex:sfc_mex.obj
 0001:0000aa70       sf_mex_lw_size_eq_check_nd 000000018000ba70 f   sfc_mex:sfc_mex.obj
 0001:0000ac50       sf_mex_lw_dim_size_eq_check 000000018000bc50 f   sfc_mex:sfc_mex.obj
 0001:0000ac80       sf_mex_lw_dim_size_geq_check 000000018000bc80 f   sfc_mex:sfc_mex.obj
 0001:0000acb0       sf_mex_lw_sub_assign_size_check_nd 000000018000bcb0 f   sfc_mex:sfc_mex.obj
 0001:0000aee0       sf_mex_lw_runtime_error_msgid 000000018000bee0 f   sfc_mex:sfc_mex.obj
 0001:0000afd0       sf_mex_lw_matrix_matrix_index_check 000000018000bfd0 f   sfc_mex:sfc_mex.obj
 0001:0000aff0       sf_mex_lw_vector_vector_index_check 000000018000bff0 f   sfc_mex:sfc_mex.obj
 0001:0000b030       sf_mex_lw_for_loop_vector_check 000000018000c030 f   sfc_mex:sfc_mex.obj
 0001:0000b0c0       sf_mex_lw_non_negative_check 000000018000c0c0 f   sfc_mex:sfc_mex.obj
 0001:0000b100       sf_mex_overflow_error      000000018000c100 f   sfc_mex:sfc_mex.obj
 0001:0000b110       sf_mex_dividebyzero_error  000000018000c110 f   sfc_mex:sfc_mex.obj
 0001:0000b120       sf_mex_unsafe_enum_error   000000018000c120 f   sfc_mex:sfc_mex.obj
 0001:0000b130       sf_emlrtErrHandler         000000018000c130 f   sfc_mex:sfc_mex.obj
 0001:0000b210       sf_mex_size_one_check      000000018000c210 f   sfc_mex:sfc_mex.obj
 0001:0000b230       sf_mex_printf              000000018000c230 f   sfc_mex:sfc_mex.obj
 0001:0000b400       sf_mex_check_size          000000018000c400 f   sfc_mex:sfc_mex.obj
 0001:0000b6d0       sf_mex_check_struct        000000018000c6d0 f   sfc_mex:sfc_mex.obj
 0001:0000b930       sf_mex_check_struct_vs     000000018000c930 f   sfc_mex:sfc_mex.obj
 0001:0000b9c0       sf_mex_check_fi            000000018000c9c0 f   sfc_mex:sfc_mex.obj
 0001:0000bac0       sf_mex_check_fi_vs         000000018000cac0 f   sfc_mex:sfc_mex.obj
 0001:0000bb60       sf_echo_expression         000000018000cb60 f   sfc_mex:sfc_mex.obj
 0001:0000bbc0       sf_assertion_failed        000000018000cbc0 f   sfc_mex:sfc_mex.obj
 0001:0000bea0       sf_mex_evalin              000000018000cea0 f   sfc_mex:sfc_mex.obj
 0001:0000c110       sf_mex_export              000000018000d110 f   sfc_mex:sfc_mex.obj
 0001:0000c1d0       sf_mex_get_ml_var_no_error 000000018000d1d0 f   sfc_mex:sfc_mex.obj
 0001:0000c370       sf_mex_get_ml_var          000000018000d370 f   sfc_mex:sfc_mex.obj
 0001:0000c810       ml_set_element_value_in_array 000000018000d810 f   sfc_mex:sfc_mex.obj
 0001:0000dee0       sf_mex_call_impl           000000018000eee0 f   sfc_mex:sfc_mex.obj
 0001:0000e410       sf_mex_call_debug          000000018000f410 f   sfc_mex:sfc_mex.obj
 0001:0000e440       sf_mex_call                000000018000f440 f   sfc_mex:sfc_mex.obj
 0001:0000ea90       sf_mex_createstruct        000000018000fa90 f   sfc_mex:sfc_mex.obj
 0001:0000eb80       sf_mex_createstructarray   000000018000fb80 f   sfc_mex:sfc_mex.obj
 0001:0000ec00       sf_mex_get_mx_datatype_from_sf_datatype 000000018000fc00 f   sfc_mex:sfc_mex.obj
 0001:0000ef10       sf_mex_ml_var_sub          000000018000ff10 f   sfc_mex:sfc_mex.obj
 0001:0000f0e0       sf_mex_ml_var_subsasgn     00000001800100e0 f   sfc_mex:sfc_mex.obj
 0001:0000f4d0       sf_mex_sub                 00000001800104d0 f   sfc_mex:sfc_mex.obj
 0001:0000f6d0       sf_mex_subsasgn            00000001800106d0 f   sfc_mex:sfc_mex.obj
 0001:0000fbb0       sf_mex_create              0000000180010bb0 f   sfc_mex:sfc_mex.obj
 0001:00010600       sf_mex_import_named        0000000180011600 f   sfc_mex:sfc_mex.obj
 0001:00010660       sf_mex_import              0000000180011660 f   sfc_mex:sfc_mex.obj
 0001:000106b0       sf_mex_import_vs           00000001800116b0 f   sfc_mex:sfc_mex.obj
 0001:000107c0       sf_mex_lower_fixpt_mx_array 00000001800117c0 f   sfc_mex:sfc_mex.obj
 0001:00010ab0       sf_send_message_wrapper    0000000180011ab0 f   sfc_mex:sfc_sf.obj
 0001:00010ae0       sf_receive_message_wrapper 0000000180011ae0 f   sfc_mex:sfc_sf.obj
 0001:00010b20       sf_check_out_message_wrapper 0000000180011b20 f   sfc_mex:sfc_sf.obj
 0001:00010b60       sf_check_in_message_wrapper 0000000180011b60 f   sfc_mex:sfc_sf.obj
 0001:00010ba0       sf_no_message_wrapper      0000000180011ba0 f   sfc_mex:sfc_sf.obj
 0001:00010f30       sim_mode_is_rtw_gen        0000000180011f30 f   sfc_mex:sfc_sf.obj
 0001:00010f60       sim_mode_is_external       0000000180011f60 f   sfc_mex:sfc_sf.obj
 0001:00010f70       sim_mode_is_modelref_sim   0000000180011f70 f   sfc_mex:sfc_sf.obj
 0001:00010f90       mdlInitializeSizes         0000000180011f90 f   sfc_mex:sfc_sf.obj
 0001:00010fb0       mdlInitializeSampleTimes   0000000180011fb0 f   sfc_mex:sfc_sf.obj
 0001:00010ff0       mdlZeroCrossings           0000000180011ff0 f   sfc_mex:sfc_sf.obj
 0001:000110d0       mdlDerivatives             00000001800120d0 f   sfc_mex:sfc_sf.obj
 0001:00011180       mdl_initialize_conditions_processing 0000000180012180 f   sfc_mex:sfc_sf.obj
 0001:000111b0       mdlInitializeConditions    00000001800121b0 f   sfc_mex:sfc_sf.obj
 0001:00011270       mdlGetSimState             0000000180012270 f   sfc_mex:sfc_sf.obj
 0001:00011280       mdlSetSimState             0000000180012280 f   sfc_mex:sfc_sf.obj
 0001:00011290       mdl_ext_mode_exec_processing 0000000180012290 f   sfc_mex:sfc_sf.obj
 0001:000112b0       mdlExtModeExec             00000001800122b0 f   sfc_mex:sfc_sf.obj
 0001:00011440       mdlTerminate               0000000180012440 f   sfc_mex:sfc_sf.obj
 0001:000114b0       mdlRTW                     00000001800124b0 f   sfc_mex:sfc_sf.obj
 0001:000114e0       mdlSetWorkWidths           00000001800124e0 f   sfc_mex:sfc_sf.obj
 0001:000114f0       mdlProcessParameters       00000001800124f0 f   sfc_mex:sfc_sf.obj
 0001:00011500       mdl_start_processing       0000000180012500 f   sfc_mex:sfc_sf.obj
 0001:00011560       mdlStart                   0000000180012560 f   sfc_mex:sfc_sf.obj
 0001:00011670       mdlEnable                  0000000180012670 f   sfc_mex:sfc_sf.obj
 0001:00011740       mdlDisable                 0000000180012740 f   sfc_mex:sfc_sf.obj
 0001:000117f0       sf_get_chart_instance_ptr  00000001800127f0 f   sfc_mex:sfc_sf.obj
 0001:00011810       sf_load_rtw_optimization_info 0000000180012810 f   sfc_mex:sfc_sf.obj
 0001:000118e0       sf_rtw_info_uint_prop      00000001800128e0 f   sfc_mex:sfc_sf.obj
 0001:00011a20       sf_is_chart_inlinable      0000000180012a20 f   sfc_mex:sfc_sf.obj
 0001:00011a40       sf_mark_output_events_with_multiple_callers 0000000180012a40 f   sfc_mex:sfc_sf.obj
 0001:00011bd0       sf_mark_chart_reusable_outputs 0000000180012bd0 f   sfc_mex:sfc_sf.obj
 0001:00011e30       sf_mark_chart_expressionable_inputs 0000000180012e30 f   sfc_mex:sfc_sf.obj
 0001:00012090       sf_get_subchart_simstruct  0000000180013090 f   sfc_mex:sfc_sf.obj
 0001:000120e0       sf_get_fixpt_data_type_id  00000001800130e0 f   sfc_mex:sfc_sf.obj
 0001:00012120       sf_get_enum_data_type_id   0000000180013120 f   sfc_mex:sfc_sf.obj
 0001:00012160       sf_get_param_data_type_id  0000000180013160 f   sfc_mex:sfc_sf.obj
 0001:00012190       sf_mex_listen_for_ctrl_c_force 0000000180013190 f   sfc_mex:sfc_sf.obj
 0001:000122a0       sf_mex_draw_now            00000001800132a0 f   sfc_mex:sfc_sf.obj
 0001:000122e0       sf_mex_set_debugger_sim_status_listener_fcn 00000001800132e0 f   sfc_mex:sfc_sf.obj
 0001:000122f0       sf_mex_listen_for_ctrl_c   00000001800132f0 f   sfc_mex:sfc_sf.obj
 0001:00012380       sf_mex_get_sfun_param      0000000180013380 f   sfc_mex:sfc_sf.obj
 0001:000123d0       sf_get_runtime_param_data  00000001800133d0 f   sfc_mex:sfc_sf.obj
 0001:00012410       sf_call_output_fcn_call    0000000180013410 f   sfc_mex:sfc_sf.obj
 0001:00012550       sf_call_output_fcn_enable  0000000180013550 f   sfc_mex:sfc_sf.obj
 0001:000125e0       sf_call_output_fcn_disable 00000001800135e0 f   sfc_mex:sfc_sf.obj
 0001:00012670       sf_clear_rtw_identifier    0000000180013670 f   sfc_mex:sfc_sf.obj
 0001:00012e60       sf_set_encoded_dwork_info  0000000180013e60 f   sfc_mex:sfc_sf.obj
 0001:00012eb0       sf_get_dwork_info_from_mat_file 0000000180013eb0 f   sfc_mex:sfc_sf.obj
 0001:00013070       sf_set_rtw_dwork_info      0000000180014070 f   sfc_mex:sfc_sf.obj
 0001:000131e0       mdlOutputs                 00000001800141e0 f   sfc_mex:sfc_sf.obj
 0001:00013380       sf_debug_disp              0000000180014380 f   sfc_debug:sfcdebug.obj
 0001:000135e0       sf_debug_data_runtime_size_mismatch_error_check 00000001800145e0 f   sfc_debug:sfcdebug.obj
 0001:00013680       sf_debug_try_loading_machine 0000000180014680 f   sfc_debug:sfcdebug.obj
 0001:00013780       sf_debug_reset_current_state_configuration 0000000180014780 f   sfc_debug:sfcdebug.obj
 0001:00013810       sf_debug_store_current_state_configuration 0000000180014810 f   sfc_debug:sfcdebug.obj
 0001:000138a0       sf_debug_restore_previous_state_configuration 00000001800148a0 f   sfc_debug:sfcdebug.obj
 0001:00013930       sf_debug_restore_previous_state_configuration2 0000000180014930 f   sfc_debug:sfcdebug.obj
 0001:000139c0       sf_debug_get_event_scope   00000001800149c0 f   sfc_debug:sfcdebug.obj
 0001:00013b30       use_debugger_step_animation 0000000180014b30 f   sfc_debug:sfcdebug.obj
 0001:00013b50       sf_debug_get_script_id     0000000180014b50 f   sfc_debug:sfcdebug.obj
 0001:00013be0       sf_debug_set_script_translation 0000000180014be0 f   sfc_debug:sfcdebug.obj
 0001:00013d60       sf_debug_extract_message_post_receive_info 0000000180014d60 f   sfc_debug:sfcdebug.obj
 0001:00013e60       sf_debug_get_current_machine_id 0000000180014e60 f   sfc_debug:sfcdebug.obj
 0001:00013e80       sf_debug_get_current_optional_integer 0000000180014e80 f   sfc_debug:sfcdebug.obj
 0001:00013e90       sf_debug_get_current_machine_number 0000000180014e90 f   sfc_debug:sfcdebug.obj
 0001:00013eb0       sf_debug_get_current_machine_name 0000000180014eb0 f   sfc_debug:sfcdebug.obj
 0001:00013ed0       sf_debug_get_current_chart_id 0000000180014ed0 f   sfc_debug:sfcdebug.obj
 0001:00013f20       sf_debug_get_current_chart_number 0000000180014f20 f   sfc_debug:sfcdebug.obj
 0001:00013f30       sf_debug_get_current_instance_number 0000000180014f30 f   sfc_debug:sfcdebug.obj
 0001:00013f40       sf_debug_get_current_is_minor_time_step 0000000180014f40 f   sfc_debug:sfcdebug.obj
 0001:00013fc0       sf_debug_get_current_object_type 0000000180014fc0 f   sfc_debug:sfcdebug.obj
 0001:00013fd0       sf_debug_get_current_instance_handle 0000000180014fd0 f   sfc_debug:sfcdebug.obj
 0001:00014030       sf_debug_get_current_event_type 0000000180015030 f   sfc_debug:sfcdebug.obj
 0001:00014040       sf_debug_get_current_object_id 0000000180015040 f   sfc_debug:sfcdebug.obj
 0001:00014080       sf_debug_get_current_active_event_type 0000000180015080 f   sfc_debug:sfcdebug.obj
 0001:00014090       sf_debug_get_current_active_event_id 0000000180015090 f   sfc_debug:sfcdebug.obj
 0001:000140d0       sf_debug_get_current_tag_type 00000001800150d0 f   sfc_debug:sfcdebug.obj
 0001:000140e0       sf_debug_get_current_simulation_time 00000001800150e0 f   sfc_debug:sfcdebug.obj
 0001:000140f0       sf_debug_get_current_coverage_percentage 00000001800150f0 f   sfc_debug:sfcdebug.obj
 0001:00014100       sf_debug_current_statement_context 0000000180015100 f   sfc_debug:sfcdebug.obj
 0001:00014190       sf_debug_get_current_statement_info 0000000180015190 f   sfc_debug:sfcdebug.obj
 0001:00014310       sf_debug_terminate_instance 0000000180015310 f   sfc_debug:sfcdebug.obj
 0001:00014650       sf_debug_assertion_failed  0000000180015650 f   sfc_debug:sfcdebug.obj
 0001:000148b0       sf_debug_set_number_of_data_with_change_event_for_machine 00000001800158b0 f   sfc_debug:sfcdebug.obj
 0001:000148f0       sf_debug_set_machine_event_thresholds 00000001800158f0 f   sfc_debug:sfcdebug.obj
 0001:00014910       sf_debug_set_machine_event_scope 0000000180015910 f   sfc_debug:sfcdebug.obj
 0001:00014950       sf_debug_set_machine_data_thresholds 0000000180015950 f   sfc_debug:sfcdebug.obj
 0001:00014990       sf_debug_set_machine_data_scope 0000000180015990 f   sfc_debug:sfcdebug.obj
 0001:00014a20       sf_debug_set_machine_data_name 0000000180015a20 f   sfc_debug:sfcdebug.obj
 0001:00014ac0       sf_debug_set_machine_data_size 0000000180015ac0 f   sfc_debug:sfcdebug.obj
 0001:00014c00       sf_debug_set_machine_data_type 0000000180015c00 f   sfc_debug:sfcdebug.obj
 0001:00014d70       sf_debug_get_chart_data_number 0000000180015d70 f   sfc_debug:sfcdebug.obj
 0001:00014d90       sf_debug_get_chart_event_number 0000000180015d90 f   sfc_debug:sfcdebug.obj
 0001:00014db0       sf_debug_set_chart_state_info 0000000180015db0 f   sfc_debug:sfcdebug.obj
 0001:00014e30       sf_debug_set_chart_decomposition 0000000180015e30 f   sfc_debug:sfcdebug.obj
 0001:00014ea0       sf_debug_set_chart_substate_count 0000000180015ea0 f   sfc_debug:sfcdebug.obj
 0001:00014f80       sf_debug_set_chart_substate_index 0000000180015f80 f   sfc_debug:sfcdebug.obj
 0001:00014ff0       sf_debug_set_chart_state_substate_count 0000000180015ff0 f   sfc_debug:sfcdebug.obj
 0001:00015100       sf_debug_set_chart_state_substate_index 0000000180016100 f   sfc_debug:sfcdebug.obj
 0001:00015180       sf_debug_set_number_of_data_with_change_event_for_chart 0000000180016180 f   sfc_debug:sfcdebug.obj
 0001:00015200       sf_debug_set_number_of_states_with_entry_event_for_chart 0000000180016200 f   sfc_debug:sfcdebug.obj
 0001:00015270       sf_debug_set_number_of_states_with_exit_event_for_chart 0000000180016270 f   sfc_debug:sfcdebug.obj
 0001:000152e0       sf_debug_set_chart_disable_implicit_casting 00000001800162e0 f   sfc_debug:sfcdebug.obj
 0001:00015350       sf_debug_set_chart_event_thresholds 0000000180016350 f   sfc_debug:sfcdebug.obj
 0001:000153c0       sf_debug_set_chart_data_compiled_props 00000001800163c0 f   sfc_debug:sfcdebug.obj
 0001:00015710       sf_debug_set_chart_data_props 0000000180016710 f   sfc_debug:sfcdebug.obj
 0001:00015a30       sf_debug_check_fi_license  0000000180016a30 f   sfc_debug:sfcdebug.obj
 0001:00015c20       sf_debug_symbol_scope_push 0000000180016c20 f   sfc_debug:sfcdebug.obj
 0001:00015c60       sf_debug_symbol_scope_push_eml 0000000180016c60 f   sfc_debug:sfcdebug.obj
 0001:00015cb0       sf_debug_symbol_scope_pop  0000000180016cb0 f   sfc_debug:sfcdebug.obj
 0001:00015cf0       sf_debug_symbol_scope_add_importable 0000000180016cf0 f   sfc_debug:sfcdebug.obj
 0001:00015d70       sf_debug_symbol_scope_add  0000000180016d70 f   sfc_debug:sfcdebug.obj
 0001:00015df0       sf_debug_symbol_scope_add_dyn_importable 0000000180016df0 f   sfc_debug:sfcdebug.obj
 0001:00015eb0       sf_debug_symbol_scope_add_dyn 0000000180016eb0 f   sfc_debug:sfcdebug.obj
 0001:00015ee0       sf_debug_symbol_scope_add_eml_importable 0000000180016ee0 f   sfc_debug:sfcdebug.obj
 0001:00015f20       sf_debug_symbol_scope_add_eml 0000000180016f20 f   sfc_debug:sfcdebug.obj
 0001:00015f60       sf_debug_symbol_scope_add_eml_dyn_importable 0000000180016f60 f   sfc_debug:sfcdebug.obj
 0001:00015fd0       sf_debug_symbol_scope_add_eml_dyn 0000000180016fd0 f   sfc_debug:sfcdebug.obj
 0001:00016030       sf_debug_symbol_switch     0000000180017030 f   sfc_debug:sfcdebug.obj
 0001:00016050       sf_debug_symbol_scope_add_verbose 0000000180017050 f   sfc_debug:sfcdebug.obj
 0001:00016120       sf_debug_set_machine_data_value_ptr 0000000180017120 f   sfc_debug:sfcdebug.obj
 0001:00016160       sf_debug_set_instance_data_value_ptr 0000000180017160 f   sfc_debug:sfcdebug.obj
 0001:00016220       sf_debug_unset_instance_data_value_ptr 0000000180017220 f   sfc_debug:sfcdebug.obj
 0001:000162d0       sf_debug_set_chart_event_scope 00000001800172d0 f   sfc_debug:sfcdebug.obj
 0001:00016350       sf_debug_set_chart_transition_coverage_maps 0000000180017350 f   sfc_debug:sfcdebug.obj
 0001:00016460       sf_debug_set_chart_state_coverage_maps 0000000180017460 f   sfc_debug:sfcdebug.obj
 0001:00016540       sf_debug_set_instance_transition_coverage_weights 0000000180017540 f   sfc_debug:sfcdebug.obj
 0001:000165e0       sf_debug_set_instance_state_coverage_weights 00000001800175e0 f   sfc_debug:sfcdebug.obj
 0001:00016830       sf_debug_unload_machine    0000000180017830 f   sfc_debug:sfcdebug.obj
 0001:00016880       sf_debug_load_machine      0000000180017880 f   sfc_debug:sfcdebug.obj
 0001:00016980       sf_debug_set_active_instance_in_data_dictionary 0000000180017980 f   sfc_debug:sfcdebug.obj
 0001:00016b60       sf_debug_set_active_instance 0000000180017b60 f   sfc_debug:sfcdebug.obj
 0001:00016cc0       sf_debug_chart_visiblity_change 0000000180017cc0 f   sfc_debug:sfcdebug.obj
 0001:00016dc0       sf_debug_select_chart      0000000180017dc0 f   sfc_debug:sfcdebug.obj
 0001:00016f30       sf_debug_set_instance_cv_ids 0000000180017f30 f   sfc_debug:sfcdebug.obj
 0001:00017240       sf_debug_select_charts     0000000180018240 f   sfc_debug:sfcdebug.obj
 0001:000173d0       sf_debug_initialized       00000001800183d0 f   sfc_debug:sfcdebug.obj
 0001:000173e0       sf_debug_is_uninterruptible 00000001800183e0 f   sfc_debug:sfcdebug.obj
 0001:00017410       sf_debug_initialize_debugger_gui 0000000180018410 f   sfc_debug:sfcdebug.obj
 0001:00017800       sf_debug_resume            0000000180018800 f   sfc_debug:sfcdebug.obj
 0001:00017820       sf_debug_go                0000000180018820 f   sfc_debug:sfcdebug.obj
 0001:00017830       sf_debug_break             0000000180018830 f   sfc_debug:sfcdebug.obj
 0001:00017840       sf_debug_step_over         0000000180018840 f   sfc_debug:sfcdebug.obj
 0001:00017850       sf_debug_step_out          0000000180018850 f   sfc_debug:sfcdebug.obj
 0001:00017860       sf_debug_set_disable_all_breakpoints 0000000180018860 f   sfc_debug:sfcdebug.obj
 0001:00017870       sf_debug_disable_all_breakpoints_and_go 0000000180018870 f   sfc_debug:sfcdebug.obj
 0001:00017880       sf_debug_break_on_chart_entry 0000000180018880 f   sfc_debug:sfcdebug.obj
 0001:00017890       sf_debug_break_on_event_broadcast 0000000180018890 f   sfc_debug:sfcdebug.obj
 0001:000178a0       sf_debug_break_on_state_entry 00000001800188a0 f   sfc_debug:sfcdebug.obj
 0001:000178b0       sf_debug_break_between_times 00000001800188b0 f   sfc_debug:sfcdebug.obj
 0001:000178d0       sf_debug_browse_data       00000001800188d0 f   sfc_debug:sfcdebug.obj
 0001:000178f0       sf_debug_watch_data        00000001800188f0 f   sfc_debug:sfcdebug.obj
 0001:00017910       sf_debug_assign_data       0000000180018910 f   sfc_debug:sfcdebug.obj
 0001:00017930       sf_debug_whos              0000000180018930 f   sfc_debug:sfcdebug.obj
 0001:00017950       sf_debug_get_consistency_info 0000000180018950 f   sfc_debug:sfcdebug.obj
 0001:00017960       sf_debug_browse_trace      0000000180018960 f   sfc_debug:sfcdebug.obj
 0001:00017970       sf_debug_set_breakpoints   0000000180018970 f   sfc_debug:sfcdebug.obj
 0001:00017ad0       sf_debug_set_eml_breakpoints 0000000180018ad0 f   sfc_debug:sfcdebug.obj
 0001:00017c30       sf_debug_set_script_breakpoints 0000000180018c30 f   sfc_debug:sfcdebug.obj
 0001:00017cb0       sf_debug_add_script_breakpoints 0000000180018cb0 f   sfc_debug:sfcdebug.obj
 0001:00017d20       sf_debug_clear_script_breakpoints 0000000180018d20 f   sfc_debug:sfcdebug.obj
 0001:00017d90       sf_debug_query_script_breakpoints 0000000180018d90 f   sfc_debug:sfcdebug.obj
 0001:00017e50       sf_debug_get_eml_script_id 0000000180018e50 f   sfc_debug:sfcdebug.obj
 0001:00017ea0       sf_debug_set_watch         0000000180018ea0 f   sfc_debug:sfcdebug.obj
 0001:000180d0       sf_debug_get_instance_handle 00000001800190d0 f   sfc_debug:sfcdebug.obj
 0001:00018160       sf_debug_get_active_states 0000000180019160 f   sfc_debug:sfcdebug.obj
 0001:00018170       sf_debug_get_animation     0000000180019170 f   sfc_debug:sfcdebug.obj
 0001:00018180       sf_debug_set_animation     0000000180019180 f   sfc_debug:sfcdebug.obj
 0001:00018190       sf_debug_animate           0000000180019190 f   sfc_debug:sfcdebug.obj
 0001:000181c0       sf_debug_cycle_detection_check 00000001800191c0 f   sfc_debug:sfcdebug.obj
 0001:000181d0       sf_debug_data_range_check  00000001800191d0 f   sfc_debug:sfcdebug.obj
 0001:000181e0       sf_debug_transition_conflict_check 00000001800191e0 f   sfc_debug:sfcdebug.obj
 0001:000181f0       sf_debug_state_consistency_check 00000001800191f0 f   sfc_debug:sfcdebug.obj
 0001:00018200       sf_debug_data_range_check_enabled 0000000180019200 f   sfc_debug:sfcdebug.obj
 0001:00018220       sf_debug_transition_conflict_check_enabled 0000000180019220 f   sfc_debug:sfcdebug.obj
 0001:00018240       sf_debug_transition_conflict_check_begin 0000000180019240 f   sfc_debug:sfcdebug.obj
 0001:00018260       sf_debug_transition_conflict_check_end 0000000180019260 f   sfc_debug:sfcdebug.obj
 0001:00018280       sf_debug_stop_debugging    0000000180019280 f   sfc_debug:sfcdebug.obj
 0001:000182b0       sf_debug_is_cycle_detected 00000001800192b0 f   sfc_debug:sfcdebug.obj
 0001:000182c0       sf_debug_is_array_bounds_detected 00000001800192c0 f   sfc_debug:sfcdebug.obj
 0001:000182d0       sf_debug_get_state_vectors_data_size 00000001800192d0 f   sfc_debug:sfcdebug.obj
 0001:00018310       sf_debug_get_state_vectors_data 0000000180019310 f   sfc_debug:sfcdebug.obj
 0001:00018410       sf_debug_set_state_vectors_data 0000000180019410 f   sfc_debug:sfcdebug.obj
 0001:000186d0       sf_debug_get_script_index  00000001800196d0 f   sfc_debug:sfcdebug.obj
 0001:00018860       sf_debug_add_script        0000000180019860 f   sfc_debug:sfcdebug.obj
 0001:000189f0       cv_eval_point              00000001800199f0 f   sfc_debug:sfcdebug.obj
 0001:00018b60       cv_eval_testobjective      0000000180019b60 f   sfc_debug:sfcdebug.obj
 0001:00018c80       sf_debug_cv_init_state     0000000180019c80 f   sfc_debug:sfcdebug.obj
 0001:00018da0       sf_debug_cv_init_chart     0000000180019da0 f   sfc_debug:sfcdebug.obj
 0001:00018e80       sf_debug_cv_init_trans     0000000180019e80 f   sfc_debug:sfcdebug.obj
 0001:00018f80       sf_debug_cv_init_testobjectives 0000000180019f80 f   sfc_debug:sfcdebug.obj
 0001:00019160       cv_eml_init_script         000000018001a160 f   sfc_debug:sfcdebug.obj
 0001:00019270       cv_eml_init_fcn            000000018001a270 f   sfc_debug:sfcdebug.obj
 0001:00019320       cv_eml_init_testobjective  000000018001a320 f   sfc_debug:sfcdebug.obj
 0001:000193f0       cv_eml_init_saturation     000000018001a3f0 f   sfc_debug:sfcdebug.obj
 0001:000194b0       cv_eml_init_if             000000018001a4b0 f   sfc_debug:sfcdebug.obj
 0001:00019580       cv_eml_init_for            000000018001a580 f   sfc_debug:sfcdebug.obj
 0001:00019640       cv_eml_init_while          000000018001a640 f   sfc_debug:sfcdebug.obj
 0001:00019700       cv_eml_init_mcdc           000000018001a700 f   sfc_debug:sfcdebug.obj
 0001:00019810       cv_eml_init_switch         000000018001a810 f   sfc_debug:sfcdebug.obj
 0001:00019900       cv_eml_eval                000000018001a900 f   sfc_debug:sfcdebug.obj
 0001:000199e0       sf_debug_bm_is_a_eml_breakpoint 000000018001a9e0 f   sfc_debug:sfcdebug.obj
 0001:00019b30       sf_debug_temporal_threshold 000000018001ab30 f   sfc_debug:sfcdebug.obj
 0001:00019e90       sf_debug_transition_conflict_error 000000018001ae90 f   sfc_debug:sfcdebug.obj
 0001:0001a210       sf_debug_state_inconsistency_error 000000018001b210 f   sfc_debug:sfcdebug.obj
 0001:0001a330       sf_debug_check_for_state_inconsistency 000000018001b330 f   sfc_debug:sfcdebug.obj
 0001:0001a360       sf_debug_cycle_detecton_error 000000018001b360 f   sfc_debug:sfcdebug.obj
 0001:0001ab30       sf_debug_size_eq_check_1d  000000018001bb30 f   sfc_debug:sfcdebug.obj
 0001:0001ab50       sf_debug_size_eq_check_nd  000000018001bb50 f   sfc_debug:sfcdebug.obj
 0001:0001ad30       sf_debug_dim_size_eq_check 000000018001bd30 f   sfc_debug:sfcdebug.obj
 0001:0001ad60       sf_debug_dim_size_geq_check 000000018001bd60 f   sfc_debug:sfcdebug.obj
 0001:0001ad90       sf_debug_sub_assign_size_check_nd 000000018001bd90 f   sfc_debug:sfcdebug.obj
 0001:0001afd0       sf_debug_matrix_matrix_index_check 000000018001bfd0 f   sfc_debug:sfcdebug.obj
 0001:0001b000       sf_debug_vector_vector_index_check 000000018001c000 f   sfc_debug:sfcdebug.obj
 0001:0001b030       sf_debug_for_loop_vector_check 000000018001c030 f   sfc_debug:sfcdebug.obj
 0001:0001b0c0       sf_debug_runtime_error_msgid 000000018001c0c0 f   sfc_debug:sfcdebug.obj
 0001:0001b150       sf_debug_data_array_bounds_error_check 000000018001c150 f   sfc_debug:sfcdebug.obj
 0001:0001b260       sf_debug_eml_data_array_bounds_error_check 000000018001c260 f   sfc_debug:sfcdebug.obj
 0001:0001b740       sf_debug_integer_check     000000018001c740 f   sfc_debug:sfcdebug.obj
 0001:0001b820       sf_debug_not_nan_check     000000018001c820 f   sfc_debug:sfcdebug.obj
 0001:0001b8e0       sf_debug_non_negative_check 000000018001c8e0 f   sfc_debug:sfcdebug.obj
 0001:0001b9a0       sf_debug_overflow_detection 000000018001c9a0 f   sfc_debug:sfcdebug.obj
 0001:0001c090       sf_debug_cast_to_real32_T  000000018001d090 f   sfc_debug:sfcdebug.obj
 0001:0001c150       sf_debug_cast_to_int8_T    000000018001d150 f   sfc_debug:sfcdebug.obj
 0001:0001c210       sf_debug_cast_to_uint8_T   000000018001d210 f   sfc_debug:sfcdebug.obj
 0001:0001c2d0       sf_debug_cast_to_int16_T   000000018001d2d0 f   sfc_debug:sfcdebug.obj
 0001:0001c390       sf_debug_cast_to_uint16_T  000000018001d390 f   sfc_debug:sfcdebug.obj
 0001:0001c450       sf_debug_cast_to_int32_T   000000018001d450 f   sfc_debug:sfcdebug.obj
 0001:0001c510       sf_debug_cast_to_uint32_T  000000018001d510 f   sfc_debug:sfcdebug.obj
 0001:0001c5d0       sf_debug_data_range_error  000000018001d5d0 f   sfc_debug:sfcdebug.obj
 0001:0001c920       sf_debug_read_before_write_check 000000018001d920 f   sfc_debug:sfcdebug.obj
 0001:0001cd80       sf_debug_data_range_error_wrapper_min_max 000000018001dd80 f   sfc_debug:sfcdebug.obj
 0001:0001ce70       sf_debug_data_range_error_wrapper_min 000000018001de70 f   sfc_debug:sfcdebug.obj
 0001:0001cf50       sf_debug_data_range_error_wrapper_max 000000018001df50 f   sfc_debug:sfcdebug.obj
 0001:0001d030       sf_debug_data_range_wrapper 000000018001e030 f   sfc_debug:sfcdebug.obj
 0001:0001d0e0       sf_debug_set_current_status_info 000000018001e0e0 f   sfc_debug:sfcdebug.obj
 0001:0001d490       sf_debug_register_message_post_receive_info 000000018001e490 f   sfc_debug:sfcdebug.obj
 0001:0001d700       sf_debug_call              000000018001e700 f   sfc_debug:sfcdebug.obj
 0001:0001e360       sf_debug_initialize_machine 000000018001f360 f   sfc_debug:sfcdebug.obj
 0001:0001e670       sf_debug_initialize_chart  000000018001f670 f   sfc_debug:sfcdebug.obj
 0001:0001eac0       sf_debug_ensure_script     000000018001fac0 f   sfc_debug:sfcdebug.obj
 0001:0001eb80       cv_script_init_script      000000018001fb80 f   sfc_debug:sfcdebug.obj
 0001:0001ec70       cv_script_init_fcn         000000018001fc70 f   sfc_debug:sfcdebug.obj
 0001:0001ed20       cv_script_init_testobjective 000000018001fd20 f   sfc_debug:sfcdebug.obj
 0001:0001edd0       cv_script_init_if          000000018001fdd0 f   sfc_debug:sfcdebug.obj
 0001:0001ee80       cv_script_init_for         000000018001fe80 f   sfc_debug:sfcdebug.obj
 0001:0001ef30       cv_script_init_while       000000018001ff30 f   sfc_debug:sfcdebug.obj
 0001:0001efe0       cv_script_init_mcdc        000000018001ffe0 f   sfc_debug:sfcdebug.obj
 0001:0001f0e0       cv_script_init_switch      00000001800200e0 f   sfc_debug:sfcdebug.obj
 0001:0001f1c0       cv_script_eval             00000001800201c0 f   sfc_debug:sfcdebug.obj
 0001:0001f2a0       eml_debug_line_call        00000001800202a0 f   sfc_debug:sfcdebug.obj
 0001:0001f450       sf_debug_terminate         0000000180020450 f   sfc_debug:sfcdebug.obj
 0001:0001f5c0       sf_debug_set_script_cv_ids 00000001800205c0 f   sfc_debug:sfcdebug.obj
 0001:0001f6f0       sf_debug_api               00000001800206f0 f   sfc_debug:sfc_api.obj
 0001:00020da0       sf_debug_sm_terminate      0000000180021da0 f   sfc_debug:sfdb_animation.obj
 0001:00020f60       sf_debug_reset_path_objects 0000000180021f60 f   sfc_debug:sfdb_animation.obj
 0001:00020fe0       sf_debug_sm_reset_object_selection_status 0000000180021fe0 f   sfc_debug:sfdb_animation.obj
 0001:00021080       sf_debug_sm_reset_state_buffer 0000000180022080 f   sfc_debug:sfdb_animation.obj
 0001:00021150       sf_debug_sm_store_state_buffer 0000000180022150 f   sfc_debug:sfdb_animation.obj
 0001:000211d0       sf_debug_sm_restore_state_buffer1 00000001800221d0 f   sfc_debug:sfdb_animation.obj
 0001:00021240       sf_debug_sm_restore_state_buffer2 0000000180022240 f   sfc_debug:sfdb_animation.obj
 0001:000212b0       sf_debug_sm_chart_active   00000001800222b0 f   sfc_debug:sfdb_animation.obj
 0001:00021300       sf_debug_sm_select_active_objects 0000000180022300 f   sfc_debug:sfdb_animation.obj
 0001:000217f0       sf_debug_sm_is_chart_active 00000001800227f0 f   sfc_debug:sfdb_animation.obj
 0001:00021830       sf_debug_sm_is_state_active 0000000180022830 f   sfc_debug:sfdb_animation.obj
 0001:00021a70       sf_debug_sm_get_active_states 0000000180022a70 f   sfc_debug:sfdb_animation.obj
 0001:00022030       sf_debug_sm_initialize_instance 0000000180023030 f   sfc_debug:sfdb_animation.obj
 0001:00022250       sf_debug_sm_change_object_selection_status 0000000180023250 f   sfc_debug:sfdb_animation.obj
 0001:00022560       cv_create_interface        0000000180023560 f   sfc_debug:cv_sfinterface.obj
 0001:000228c0       cv_init_trans              00000001800238c0 f   sfc_debug:cv_sfinterface.obj
 0001:00022910       cv_init_testobjective      0000000180023910 f   sfc_debug:cv_sfinterface.obj
 0001:00022950       cv_init_state              0000000180023950 f   sfc_debug:cv_sfinterface.obj
 0001:000229c0       cv_init_chart              00000001800239c0 f   sfc_debug:cv_sfinterface.obj
 0001:00022a10       cv_dec_update_call         0000000180023a10 f   sfc_debug:cv_sfinterface.obj
 0001:00022a50       cv_cond_update_call        0000000180023a50 f   sfc_debug:cv_sfinterface.obj
 0001:00022a90       cv_testobjective_update_call 0000000180023a90 f   sfc_debug:cv_sfinterface.obj
 0001:00022ad0       cv_sigrange_update         0000000180023ad0 f   sfc_debug:cv_sfinterface.obj
 0001:00022b10       cvsf_eml_eval              0000000180023b10 f   sfc_debug:cv_sfinterface.obj
 0001:00022c00       cvsf_eml_init_script       0000000180023c00 f   sfc_debug:cv_sfinterface.obj
 0001:00022c90       cvsf_eml_init_fcn          0000000180023c90 f   sfc_debug:cv_sfinterface.obj
 0001:00022cf0       cvsf_eml_init_testobjective 0000000180023cf0 f   sfc_debug:cv_sfinterface.obj
 0001:00022d50       cvsf_eml_init_saturation   0000000180023d50 f   sfc_debug:cv_sfinterface.obj
 0001:00022da0       cvsf_eml_init_if           0000000180023da0 f   sfc_debug:cv_sfinterface.obj
 0001:00022e00       cvsf_eml_init_for          0000000180023e00 f   sfc_debug:cv_sfinterface.obj
 0001:00022e50       cvsf_eml_init_while        0000000180023e50 f   sfc_debug:cv_sfinterface.obj
 0001:00022ea0       cvsf_eml_init_mcdc         0000000180023ea0 f   sfc_debug:cv_sfinterface.obj
 0001:00022f30       cvsf_eml_init_switch       0000000180023f30 f   sfc_debug:cv_sfinterface.obj
 0001:00022fa0       cvsf_script_eval           0000000180023fa0 f   sfc_debug:cv_sfinterface.obj
 0001:00023090       cvsf_script_init_script    0000000180024090 f   sfc_debug:cv_sfinterface.obj
 0001:00023120       cvsf_script_init_fcn       0000000180024120 f   sfc_debug:cv_sfinterface.obj
 0001:00023180       cvsf_script_init_testobjective 0000000180024180 f   sfc_debug:cv_sfinterface.obj
 0001:000231e0       cvsf_script_init_saturation 00000001800241e0 f   sfc_debug:cv_sfinterface.obj
 0001:00023230       cvsf_script_init_if        0000000180024230 f   sfc_debug:cv_sfinterface.obj
 0001:00023290       cvsf_script_init_for       0000000180024290 f   sfc_debug:cv_sfinterface.obj
 0001:000232e0       cvsf_script_init_while     00000001800242e0 f   sfc_debug:cv_sfinterface.obj
 0001:00023330       cvsf_script_init_mcdc      0000000180024330 f   sfc_debug:cv_sfinterface.obj
 0001:000233c0       cvsf_script_init_switch    00000001800243c0 f   sfc_debug:cv_sfinterface.obj
 0001:00023430       cv_destroy_interface       0000000180024430 f   sfc_debug:cv_sfinterface.obj
 0001:00023450       cv_create_instance_objects 0000000180024450 f   sfc_debug:cv_sfinterface.obj
 0001:00023900       cv_is_enabled              0000000180024900 f   sfc_debug:cv_sfinterface.obj
 0001:00023910       sf_debug_cv_initialize_script 0000000180024910 f   sfc_debug:cv_sfinterface.obj
 0001:00023ac0       sf_debug_cv_initialize_instance 0000000180024ac0 f   sfc_debug:cv_sfinterface.obj
 0001:00023e60       sf_debug_cv_terminate_chart 0000000180024e60 f   sfc_debug:cv_sfinterface.obj
 0001:00023fa0       cv_call_trans_test         0000000180024fa0 f   sfc_debug:cv_sfinterface.obj
 0001:00023fb0       cv_call_sub_cond_test      0000000180024fb0 f   sfc_debug:cv_sfinterface.obj
 0001:00023ff0       sf_debug_st_initialize_machine 0000000180024ff0 f   sfc_debug:sfdb_data_browse.obj
 0001:000240b0       sf_debug_st_initialize_instance 00000001800250b0 f   sfc_debug:sfdb_data_browse.obj
 0001:000242e0       sf_debug_st_terminate      00000001800252e0 f   sfc_debug:sfdb_data_browse.obj
 0001:00024680       sf_debug_st_set_data_value_ptr_in_machine 0000000180025680 f   sfc_debug:sfdb_data_browse.obj
 0001:00024710       sf_debug_st_set_data_value_ptr_in_instance 0000000180025710 f   sfc_debug:sfdb_data_browse.obj
 0001:000247f0       sf_debug_st_unset_data_value_ptr_in_machine 00000001800257f0 f   sfc_debug:sfdb_data_browse.obj
 0001:00024860       sf_debug_st_unset_data_value_ptr_in_instance 0000000180025860 f   sfc_debug:sfdb_data_browse.obj
 0001:00024b70       sf_debug_mx_value          0000000180025b70 f   sfc_debug:sfdb_data_browse.obj
 0001:00024bd0       sf_debug_mx_packed_vector  0000000180025bd0 f   sfc_debug:sfdb_data_browse.obj
 0001:00024cb0       sf_debug_mx_uint_vector    0000000180025cb0 f   sfc_debug:sfdb_data_browse.obj
 0001:00024d70       sf_debug_st_get_double_value_from_void_ptr_vector 0000000180025d70 f   sfc_debug:sfdb_data_browse.obj
 0001:00025860       sf_debug_st_browse_data    0000000180026860 f   sfc_debug:sfdb_data_browse.obj
 0001:000260f0       sf_debug_hm_initialize_instance 00000001800270f0 f   sfc_debug:sfdb_handle_management.obj
 0001:00026620       sf_debug_hm_get_object_id  0000000180027620 f   sfc_debug:sfdb_handle_management.obj
 0001:000271d0       sf_debug_hm_update_chart_visibility 00000001800281d0 f   sfc_debug:sfdb_handle_management.obj
 0001:000284b0       sf_debug_object_is_eml_function 00000001800294b0 f   sfc_debug:sfdb_handle_management.obj
 0001:00028520       sf_debug_hm_initialize_ids_in_machine 0000000180029520 f   sfc_debug:sfdb_handle_management.obj
 0001:00028690       sf_debug_hm_initialize_ids_in_chart 0000000180029690 f   sfc_debug:sfdb_handle_management.obj
 0001:00028790       sf_debug_hm_initialize_chart 0000000180029790 f   sfc_debug:sfdb_handle_management.obj
 0001:00028f30       sf_debug_hm_terminate      0000000180029f30 f   sfc_debug:sfdb_handle_management.obj
 0001:00028f90       sf_debug_hm_initialize_machine 0000000180029f90 f   sfc_debug:sfdb_handle_management.obj
 0001:00029740       sf_debug_ss_initialize     000000018002a740 f   sfc_debug:sfdb_symbol_scope.obj
 0001:00029760       sf_debug_ss_terminate      000000018002a760 f   sfc_debug:sfdb_symbol_scope.obj
 0001:000297f0       sf_debug_ss_push_symbol_scope 000000018002a7f0 f   sfc_debug:sfdb_symbol_scope.obj
 0001:000298f0       sf_debug_ss_push_symbol_scope_eml 000000018002a8f0 f   sfc_debug:sfdb_symbol_scope.obj
 0001:00029950       sf_debug_ss_pop_symbol_scope 000000018002a950 f   sfc_debug:sfdb_symbol_scope.obj
 0001:00029a00       sf_debug_ss_add_symbol     000000018002aa00 f   sfc_debug:sfdb_symbol_scope.obj
 0001:00029b60       sf_debug_ss_add_symbol_eml 000000018002ab60 f   sfc_debug:sfdb_symbol_scope.obj
 0001:0002a880       sf_debug_ss_set_data_value 000000018002b880 f   sfc_debug:sfdb_symbol_scope.obj
 0001:0002ad50       getInstanceNumber          000000018002bd50 f   sfc_debug:sfdb_symbol_scope.obj
 0001:0002ae20       sf_debug_ss_watch_data     000000018002be20 f   sfc_debug:sfdb_symbol_scope.obj
 0001:0002afc0       sf_debug_ss_assign_data    000000018002bfc0 f   sfc_debug:sfdb_symbol_scope.obj
 0001:0002b9e0       get_data_entry_name        000000018002c9e0 f   sfc_debug:sfdb_symbol_scope.obj
 0001:0002ba30       sf_debug_ss_whos           000000018002ca30 f   sfc_debug:sfdb_symbol_scope.obj
 0001:0002c150       sf_debug_cc_initialize_chart 000000018002d150 f   sfc_debug:sfdb_coverage.obj
 0001:0002cb40       sf_debug_cc_initialize_instance 000000018002db40 f   sfc_debug:sfdb_coverage.obj
 0001:0002d950       sf_debug_cc_terminate      000000018002e950 f   sfc_debug:sfdb_coverage.obj
 0001:0002da40       sf_debug_cc_set_transition_maps 000000018002ea40 f   sfc_debug:sfdb_coverage.obj
 0001:0002db70       sf_debug_cc_set_state_maps 000000018002eb70 f   sfc_debug:sfdb_coverage.obj
 0001:0002dc50       sf_debug_cc_set_transition_weights 000000018002ec50 f   sfc_debug:sfdb_coverage.obj
 0001:0002df20       sf_debug_cc_set_state_weights 000000018002ef20 f   sfc_debug:sfdb_coverage.obj
 0001:0002e1f0       sf_debug_cc_mark_transition_guard 000000018002f1f0 f   sfc_debug:sfdb_coverage.obj
 0001:0002e280       sf_debug_cc_mark_transition_trigger 000000018002f280 f   sfc_debug:sfdb_coverage.obj
 0001:0002e310       sf_debug_cc_mark_transition_decision 000000018002f310 f   sfc_debug:sfdb_coverage.obj
 0001:0002e380       sf_debug_cc_mark_transition_condition_action 000000018002f380 f   sfc_debug:sfdb_coverage.obj
 0001:0002e3d0       sf_debug_cc_mark_transition_transition_action 000000018002f3d0 f   sfc_debug:sfdb_coverage.obj
 0001:0002e420       sf_debug_cc_mark_state_entry 000000018002f420 f   sfc_debug:sfdb_coverage.obj
 0001:0002e470       sf_debug_cc_mark_state_during 000000018002f470 f   sfc_debug:sfdb_coverage.obj
 0001:0002e4c0       sf_debug_cc_mark_state_exit 000000018002f4c0 f   sfc_debug:sfdb_coverage.obj
 0001:0002e510       sf_debug_bm_clear_script_breakpoints 000000018002f510 f   sfc_debug:sfdb_breakpoints.obj
 0001:0002e540       sf_debug_bm_set_script_breakpoint 000000018002f540 f   sfc_debug:sfdb_breakpoints.obj
 0001:0002e5c0       sf_debug_bm_clear_single_script_breakpoint 000000018002f5c0 f   sfc_debug:sfdb_breakpoints.obj
 0001:0002e640       sf_debug_bm_query_script_breakpoint 000000018002f640 f   sfc_debug:sfdb_breakpoints.obj
 0001:0002e690       sf_debug_bm_initialize_scripts 000000018002f690 f   sfc_debug:sfdb_breakpoints.obj
 0001:0002edb0       sf_debug_bm_terminate      000000018002fdb0 f   sfc_debug:sfdb_breakpoints.obj
 0001:0002f0a0       sf_debug_bm_remove_all_breakpoints_in_machine 00000001800300a0 f   sfc_debug:sfdb_breakpoints.obj
 0001:0002f110       sf_debug_bm_remove_all_breakpoints_in_chart 0000000180030110 f   sfc_debug:sfdb_breakpoints.obj
 0001:0002f260       sf_debug_bm_initialize_global_breakpoints 0000000180030260 f   sfc_debug:sfdb_breakpoints.obj
 0001:0002f3e0       sf_debug_bm_set_breakpoint 00000001800303e0 f   sfc_debug:sfdb_breakpoints.obj
 0001:0002f9e0       sf_debug_bm_set_eml_breakpoint 00000001800309e0 f   sfc_debug:sfdb_breakpoints.obj
 0001:0002fa80       sf_debug_bm_initialize_machine_breakpoint_map 0000000180030a80 f   sfc_debug:sfdb_breakpoints.obj
 0001:0002fea0       sf_debug_bm_is_a_breakpoint 0000000180030ea0 f   sfc_debug:sfdb_breakpoints.obj
 0001:00030480       sf_debug_bm_get_all_breakpoints_in_machine 0000000180031480 f   sfc_debug:sfdb_breakpoints.obj
 0001:00030780       sf_debug_bm_get_all_breakpoints_in_chart 0000000180031780 f   sfc_debug:sfdb_breakpoints.obj
 0001:00031440       sf_debug_bm_initialize_machine 0000000180032440 f   sfc_debug:sfdb_breakpoints.obj
 0001:00031510       sf_debug_bm_initialize_chart 0000000180032510 f   sfc_debug:sfdb_breakpoints.obj
 0001:00031930       sf_debug_sc_terminate      0000000180032930 f   sfc_debug:sfdb_state_consistency.obj
 0001:00031c60       sf_debug_sc_is_chart_consistent 0000000180032c60 f   sfc_debug:sfdb_state_consistency.obj
 0001:00031f10       sf_debug_sc_get_consistency_error_info 0000000180032f10 f   sfc_debug:sfdb_state_consistency.obj
 0001:00032360       sf_debug_tm_terminate      0000000180033360 f   sfc_debug:sfdb_call_stack.obj
 0001:00032420       sf_debug_tm_push_chart_instance 0000000180033420 f   sfc_debug:sfdb_call_stack.obj
 0001:00032570       sf_debug_tm_pop_chart_instance 0000000180033570 f   sfc_debug:sfdb_call_stack.obj
 0001:000325d0       sf_debug_tm_push_trace_node 00000001800335d0 f   sfc_debug:sfdb_call_stack.obj
 0001:00032760       sf_debug_tm_pop_trace_node 0000000180033760 f   sfc_debug:sfdb_call_stack.obj
 0001:000327e0       sf_debug_tm_get_current_global_trace_index 00000001800337e0 f   sfc_debug:sfdb_call_stack.obj
 0001:000327f0       sf_debug_tm_get_current_local_trace_index 00000001800337f0 f   sfc_debug:sfdb_call_stack.obj
 0001:00032820       sf_debug_tm_set_cycle_detected_flag 0000000180033820 f   sfc_debug:sfdb_call_stack.obj
 0001:00032860       sf_debug_tm_set_cycle_started_flag 0000000180033860 f   sfc_debug:sfdb_call_stack.obj
 0001:000328a0       sf_debug_tm_get_chart_number_from_stack 00000001800338a0 f   sfc_debug:sfdb_call_stack.obj
 0001:00032aa0       sf_debug_tm_browse_trace   0000000180033aa0 f   sfc_debug:sfdb_call_stack.obj
 0001:00032de0       sf_debug_cd_initialize_instance 0000000180033de0 f   sfc_debug:sfdb_cycle_detection.obj
 0001:00033090       sf_debug_cd_mark_processed_transition_in_instance 0000000180034090 f   sfc_debug:sfdb_cycle_detection.obj
 0001:00033130       sf_debug_cd_checksum_push  0000000180034130 f   sfc_debug:sfdb_cycle_detection.obj
 0001:000333f0       sf_debug_cd_checksum_pop   00000001800343f0 f   sfc_debug:sfdb_cycle_detection.obj
 0001:00033460       sf_debug_cd_turn_off_cycle_detection 0000000180034460 f   sfc_debug:sfdb_cycle_detection.obj
 0001:000334b0       sf_debug_cd_terminate      00000001800344b0 f   sfc_debug:sfdb_cycle_detection.obj
 0001:000336f0       md5_initialize_state       00000001800346f0 f   sfc_debug:ckmd5.obj
 0001:00034160       md5_update_state           0000000180035160 f   sfc_debug:ckmd5.obj
 0001:00034180       md5_get_hash               0000000180035180 f   sfc_debug:ckmd5.obj
 0001:000341b0       md5_get_hash_for_a_single_string 00000001800351b0 f   sfc_debug:ckmd5.obj
 0001:00034214       mxGetPr                    0000000180035214 f   libmx:libmx.dll
 0001:0003421a       mxCreateDoubleScalar       000000018003521a f   libmx:libmx.dll
 0001:00034220       mxCreateDoubleMatrix_730   0000000180035220 f   libmx:libmx.dll
 0001:00034226       mxSetField_730             0000000180035226 f   libmx:libmx.dll
 0001:0003422c       mxCreateString             000000018003522c f   libmx:libmx.dll
 0001:00034232       mxCreateStructMatrix_730   0000000180035232 f   libmx:libmx.dll
 0001:00034238       mxDestroyArray             0000000180035238 f   libmx:libmx.dll
 0001:0003423e       mxDuplicateArray           000000018003523e f   libmx:libmx.dll
 0001:00034244       mxGetString_730            0000000180035244 f   libmx:libmx.dll
 0001:0003424a       mxIsChar                   000000018003524a f   libmx:libmx.dll
 0001:00034250       mxGetClassID               0000000180035250 f   libmx:libmx.dll
 0001:00034256       mxIsNumeric                0000000180035256 f   libmx:libmx.dll
 0001:0003425c       mxIsComplex                000000018003525c f   libmx:libmx.dll
 0001:00034262       mxGetN                     0000000180035262 f   libmx:libmx.dll
 0001:00034268       mxGetM                     0000000180035268 f   libmx:libmx.dll
 0001:0003426e       mxCalloc                   000000018003526e f   libmx:libmx.dll
 0001:00034274       mxGetScalar                0000000180035274 f   libmx:libmx.dll
 0001:0003427a       mxIsLogical                000000018003527a f   libmx:libmx.dll
 0001:00034280       mxCreateDoubleMatrix_700   0000000180035280 f   libmx:libmx.dll
 0001:00034286       mxFree                     0000000180035286 f   libmx:libmx.dll
 0001:0003428c       mxArrayToString            000000018003528c f   libmx:libmx.dll
 0001:00034292       mxCreateCellMatrix_700     0000000180035292 f   libmx:libmx.dll
 0001:00034298       mxSetCell_700              0000000180035298 f   libmx:libmx.dll
 0001:0003429e       mxGetCell_700              000000018003529e f   libmx:libmx.dll
 0001:000342a4       mxGetClassName             00000001800352a4 f   libmx:libmx.dll
 0001:000342aa       mxSetField_700             00000001800352aa f   libmx:libmx.dll
 0001:000342b0       mxAddField                 00000001800352b0 f   libmx:libmx.dll
 0001:000342b6       mxGetField_700             00000001800352b6 f   libmx:libmx.dll
 0001:000342bc       mxGetNumberOfElements      00000001800352bc f   libmx:libmx.dll
 0001:000342c2       mxIsStruct                 00000001800352c2 f   libmx:libmx.dll
 0001:000342c8       mxIsA                      00000001800352c8 f   libmx:libmx.dll
 0001:000342ce       mxIsClass                  00000001800352ce f   libmx:libmx.dll
 0001:000342d4       mxGetLogicals              00000001800352d4 f   libmx:libmx.dll
 0001:000342da       mxIsSparse                 00000001800352da f   libmx:libmx.dll
 0001:000342e0       mxSetFieldByNumber_700     00000001800352e0 f   libmx:libmx.dll
 0001:000342e6       mxGetFieldByNumber_700     00000001800352e6 f   libmx:libmx.dll
 0001:000342ec       mxGetFieldNameByNumber     00000001800352ec f   libmx:libmx.dll
 0001:000342f2       mxGetNumberOfFields        00000001800352f2 f   libmx:libmx.dll
 0001:000342f8       mxCreateStructMatrix_700   00000001800352f8 f   libmx:libmx.dll
 0001:000342fe       mxGetFieldNumber           00000001800352fe f   libmx:libmx.dll
 0001:00034304       mxIsNaN                    0000000180035304 f   libmx:libmx.dll
 0001:0003430a       mxIsEmpty                  000000018003530a f   libmx:libmx.dll
 0001:00034310       mxGetData                  0000000180035310 f   libmx:libmx.dll
 0001:00034316       mxGetImagData              0000000180035316 f   libmx:libmx.dll
 0001:0003431c       mxArrayClassIDName         000000018003531c f   libmx:libmx.dll
 0001:00034322       mxCreateNumericMatrix_700  0000000180035322 f   libmx:libmx.dll
 0001:00034328       mxCreateStructArray_700    0000000180035328 f   libmx:libmx.dll
 0001:0003432e       mxCalcSingleSubscript_700  000000018003532e f   libmx:libmx.dll
 0001:00034334       mxGetDimensions_700        0000000180035334 f   libmx:libmx.dll
 0001:0003433a       mxGetNumberOfDimensions_700 000000018003533a f   libmx:libmx.dll
 0001:00034340       mxCreateNumericArray_700   0000000180035340 f   libmx:libmx.dll
 0001:00034346       mxGetElementSize           0000000180035346 f   libmx:libmx.dll
 0001:0003434c       mxCreateStringFromNChars_700 000000018003534c f   libmx:libmx.dll
 0001:00034352       mxGetString_700            0000000180035352 f   libmx:libmx.dll
 0001:00034358       mxIsLogicalScalarTrue      0000000180035358 f   libmx:libmx.dll
 0001:0003435e       mxCreateLogicalScalar      000000018003535e f   libmx:libmx.dll
 0001:00034364       mexUnlock                  0000000180035364 f   libmex:libmex.dll
 0001:0003436a       mexIsLocked                000000018003536a f   libmex:libmex.dll
 0001:00034370       mexWarnMsgTxt              0000000180035370 f   libmex:libmex.dll
 0001:00034376       mexCallMATLAB              0000000180035376 f   libmex:libmex.dll
 0001:0003437c       mexErrMsgTxt               000000018003537c f   libmex:libmex.dll
 0001:00034382       mexMakeArrayPersistent     0000000180035382 f   libmex:libmex.dll
 0001:00034388       mexSetTrapFlag             0000000180035388 f   libmex:libmex.dll
 0001:0003438e       mexPutVariable             000000018003538e f   libmex:libmex.dll
 0001:00034394       mexGetVariable             0000000180035394 f   libmex:libmex.dll
 0001:0003439a       mexLock                    000000018003539a f   libmex:libmex.dll
 0001:000343a0       mexMakeMemoryPersistent    00000001800353a0 f   libmex:libmex.dll
 0001:000343a6       mexFunctionName            00000001800353a6 f   libmex:libmex.dll
 0001:000343ac       ssRegisterDataTypeFxpFSlopeFixExpBias 00000001800353ac f   libfixedpoint:libfixedpoint.dll
 0001:000343b2       utVSNprintf                00000001800353b2 f   libut:libut.dll
 0001:000343b8       utCPUtime                  00000001800353b8 f   libut:libut.dll
 0001:000343be       utFree                     00000001800353be f   libut:libut.dll
 0001:000343c4       utMalloc                   00000001800353c4 f   libut:libut.dll
 0001:000343ca       muDoubleScalarSin          00000001800353ca f   libmwmathutil:libmwmathutil.dll
 0001:000343d0       emlrtCreateRootTLS         00000001800353d0 f   libemlrt:libemlrt.dll
 0001:000343d6       emlrtDestroyRootTLS        00000001800353d6 f   libemlrt:libemlrt.dll
 0001:000343dc       emlrtCheckBuiltInR2012b    00000001800353dc f   libemlrt:libemlrt.dll
 0001:000343e2       emlrtCheckVsBuiltInR2012b  00000001800353e2 f   libemlrt:libemlrt.dll
 0001:000343e8       emlrtCheckEnumR2012b       00000001800353e8 f   libemlrt:libemlrt.dll
 0001:000343ee       emlrtCreateEnumR2012b      00000001800353ee f   libemlrt:libemlrt.dll
 0001:000343f4       emlrtGetEnumElementR2009a  00000001800353f4 f   libemlrt:libemlrt.dll
 0001:000343fa       emlrtCreateReference       00000001800353fa f   libemlrt:libemlrt.dll
 0001:00034400       emlrtImportVsFiArrayR2009b 0000000180035400 f   libemlrt:libemlrt.dll
 0001:00034406       emlrtNameCapturePostProcessR2012a 0000000180035406 f   libemlrt:libemlrt.dll
 0001:0003440c       emlrtExtractMessageId      000000018003540c f   libemlrt:libemlrt.dll
 0001:00034412       emlrtTranslateMessageIDtoLCPstring 0000000180035412 f   libemlrt:libemlrt.dll
 0001:00034418       emlrtForLoopVectorIsValidR2011b 0000000180035418 f   libemlrt:libemlrt.dll
 0001:0003441e       emlrtTranslateUTF16MessagetoLCPstring 000000018003541e f   libemlrt:libemlrt.dll
 0001:00034424       emlrtGetEnumUnderlyingArrayR2009a 0000000180035424 f   libemlrt:libemlrt.dll
 0001:0003442a       emlrtIsEnumR2009a          000000018003542a f   libemlrt:libemlrt.dll
 0001:00034430       strlen                     0000000180035430 f   MSVCRT:MSVCR100.dll
 0001:00034436       memset                     0000000180035436 f   MSVCRT:MSVCR100.dll
 0001:0003443c       malloc                     000000018003543c f   MSVCRT:MSVCR100.dll
 0001:00034444       __GSHandlerCheckCommon     0000000180035444 f   MSVCRT:gshandler.obj
 0001:000344a8       __GSHandlerCheck           00000001800354a8 f   MSVCRT:gshandler.obj
 0001:000344e0       __security_check_cookie    00000001800354e0 f   MSVCRT:amdsecgs.obj
 0001:00034500       free                       0000000180035500 f   MSVCRT:MSVCR100.dll
 0001:00034506       strcmp                     0000000180035506 f   MSVCRT:MSVCR100.dll
 0001:0003450c       sprintf                    000000018003550c f   MSVCRT:MSVCR100.dll
 0001:00034512       strcat                     0000000180035512 f   MSVCRT:MSVCR100.dll
 0001:00034518       memcpy                     0000000180035518 f   MSVCRT:MSVCR100.dll
 0001:00034520       NtCurrentTeb               0000000180035520 f i MSVCRT:crtdll.obj
 0001:0003458c       _CRT_INIT                  000000018003558c f   MSVCRT:crtdll.obj
 0001:00034924       _DllMainCRTStartup         0000000180035924 f   MSVCRT:crtdll.obj
 0001:00034962       strncpy                    0000000180035962 f   MSVCRT:MSVCR100.dll
 0001:00034980       _alloca_probe              0000000180035980     MSVCRT:chkstk.obj
 0001:00034980       __chkstk                   0000000180035980 f   MSVCRT:chkstk.obj
 0001:000349ce       longjmp                    00000001800359ce f   MSVCRT:MSVCR100.dll
 0001:000349d4       strncmp                    00000001800359d4 f   MSVCRT:MSVCR100.dll
 0001:000349da       ceil                       00000001800359da f   MSVCRT:MSVCR100.dll
 0001:000349e0       strrchr                    00000001800359e0 f   MSVCRT:MSVCR100.dll
 0001:000349e6       _setjmp                    00000001800359e6 f   MSVCRT:MSVCR100.dll
 0001:000349ec       calloc                     00000001800359ec f   MSVCRT:MSVCR100.dll
 0001:000349f2       realloc                    00000001800359f2 f   MSVCRT:MSVCR100.dll
 0001:000349f8       ldexp                      00000001800359f8 f   MSVCRT:MSVCR100.dll
 0001:00034a00       __report_gsfailure         0000000180035a00 f   MSVCRT:gs_report.obj
 0001:00034b4c       __clean_type_info_names    0000000180035b4c f   MSVCRT:tncleanup.obj
 0001:00034b58       _onexit                    0000000180035b58 f   MSVCRT:atonexit.obj
 0001:00034c08       atexit                     0000000180035c08 f   MSVCRT:atonexit.obj
 0001:00034c20       _RTC_Initialize            0000000180035c20 f   MSVCRT:_initsect_.obj
 0001:00034c58       _RTC_Terminate             0000000180035c58 f   MSVCRT:_initsect_.obj
 0001:00034c90       _malloc_crt                0000000180035c90 f   MSVCRT:MSVCR100.dll
 0001:00034ca0       _ValidateImageBase         0000000180035ca0 f   MSVCRT:pesect.obj
 0001:00034cd0       _FindPESection             0000000180035cd0 f   MSVCRT:pesect.obj
 0001:00034d20       _IsNonwritableInCurrentImage 0000000180035d20 f   MSVCRT:pesect.obj
 0001:00034d62       _initterm                  0000000180035d62 f   MSVCRT:MSVCR100.dll
 0001:00034d68       _initterm_e                0000000180035d68 f   MSVCRT:MSVCR100.dll
 0001:00034d6e       _encoded_null              0000000180035d6e f   MSVCRT:MSVCR100.dll
 0001:00034d74       _amsg_exit                 0000000180035d74 f   MSVCRT:MSVCR100.dll
 0001:00034d7a       __C_specific_handler       0000000180035d7a f   MSVCRT:MSVCR100.dll
 0001:00034d80       __CppXcptFilter            0000000180035d80 f   MSVCRT:MSVCR100.dll
 0001:00034d88       DllMain                    0000000180035d88 f   MSVCRT:dllmain.obj
 0001:00034dac       __security_init_cookie     0000000180035dac f   MSVCRT:gs_support.obj
 0001:00034e60       __crt_debugger_hook        0000000180035e60 f   MSVCRT:MSVCR100.dll
 0001:00034e66       __clean_type_info_names_internal 0000000180035e66 f   MSVCRT:MSVCR100.dll
 0001:00034e6c       _unlock                    0000000180035e6c f   MSVCRT:MSVCR100.dll
 0001:00034e72       __dllonexit                0000000180035e72 f   MSVCRT:MSVCR100.dll
 0001:00034e78       _lock                      0000000180035e78 f   MSVCRT:MSVCR100.dll
 0001:00034e7e       EncodePointer              0000000180035e7e f   kernel32:KERNEL32.dll
 0001:00034e84       DecodePointer              0000000180035e84 f   kernel32:KERNEL32.dll
 0001:00034e8a       Sleep                      0000000180035e8a f   kernel32:KERNEL32.dll
 0001:00034e90       TerminateProcess           0000000180035e90 f   kernel32:KERNEL32.dll
 0001:00034e96       GetCurrentProcess          0000000180035e96 f   kernel32:KERNEL32.dll
 0001:00034e9c       UnhandledExceptionFilter   0000000180035e9c f   kernel32:KERNEL32.dll
 0001:00034ea2       SetUnhandledExceptionFilter 0000000180035ea2 f   kernel32:KERNEL32.dll
 0001:00034ea8       IsDebuggerPresent          0000000180035ea8 f   kernel32:KERNEL32.dll
 0001:00034eae       RtlVirtualUnwind           0000000180035eae f   kernel32:KERNEL32.dll
 0001:00034eb4       RtlLookupFunctionEntry     0000000180035eb4 f   kernel32:KERNEL32.dll
 0001:00034eba       RtlCaptureContext          0000000180035eba f   kernel32:KERNEL32.dll
 0001:00034ec0       DisableThreadLibraryCalls  0000000180035ec0 f   kernel32:KERNEL32.dll
 0001:00034ec6       QueryPerformanceCounter    0000000180035ec6 f   kernel32:KERNEL32.dll
 0001:00034ecc       GetTickCount               0000000180035ecc f   kernel32:KERNEL32.dll
 0001:00034ed2       GetCurrentThreadId         0000000180035ed2 f   kernel32:KERNEL32.dll
 0001:00034ed8       GetCurrentProcessId        0000000180035ed8 f   kernel32:KERNEL32.dll
 0001:00034ede       GetSystemTimeAsFileTime    0000000180035ede f   kernel32:KERNEL32.dll
 0002:00000000       __imp_DisableThreadLibraryCalls 0000000180036000     kernel32:KERNEL32.dll
 0002:00000008       __imp_RtlCaptureContext    0000000180036008     kernel32:KERNEL32.dll
 0002:00000010       __imp_RtlLookupFunctionEntry 0000000180036010     kernel32:KERNEL32.dll
 0002:00000018       __imp_RtlVirtualUnwind     0000000180036018     kernel32:KERNEL32.dll
 0002:00000020       __imp_IsDebuggerPresent    0000000180036020     kernel32:KERNEL32.dll
 0002:00000028       __imp_SetUnhandledExceptionFilter 0000000180036028     kernel32:KERNEL32.dll
 0002:00000030       __imp_UnhandledExceptionFilter 0000000180036030     kernel32:KERNEL32.dll
 0002:00000038       __imp_GetCurrentProcess    0000000180036038     kernel32:KERNEL32.dll
 0002:00000040       __imp_TerminateProcess     0000000180036040     kernel32:KERNEL32.dll
 0002:00000048       __imp_Sleep                0000000180036048     kernel32:KERNEL32.dll
 0002:00000050       __imp_DecodePointer        0000000180036050     kernel32:KERNEL32.dll
 0002:00000058       __imp_EncodePointer        0000000180036058     kernel32:KERNEL32.dll
 0002:00000060       __imp_GetTickCount         0000000180036060     kernel32:KERNEL32.dll
 0002:00000068       __imp_GetCurrentThreadId   0000000180036068     kernel32:KERNEL32.dll
 0002:00000070       __imp_GetCurrentProcessId  0000000180036070     kernel32:KERNEL32.dll
 0002:00000078       __imp_GetSystemTimeAsFileTime 0000000180036078     kernel32:KERNEL32.dll
 0002:00000080       __imp_QueryPerformanceCounter 0000000180036080     kernel32:KERNEL32.dll
 0002:00000088       \177KERNEL32_NULL_THUNK_DATA 0000000180036088     kernel32:KERNEL32.dll
 0002:00000090       __imp_memcpy               0000000180036090     MSVCRT:MSVCR100.dll
 0002:00000098       __imp__onexit              0000000180036098     MSVCRT:MSVCR100.dll
 0002:000000a0       __imp__lock                00000001800360a0     MSVCRT:MSVCR100.dll
 0002:000000a8       __imp___dllonexit          00000001800360a8     MSVCRT:MSVCR100.dll
 0002:000000b0       __imp__unlock              00000001800360b0     MSVCRT:MSVCR100.dll
 0002:000000b8       __imp___clean_type_info_names_internal 00000001800360b8     MSVCRT:MSVCR100.dll
 0002:000000c0       __imp___crt_debugger_hook  00000001800360c0     MSVCRT:MSVCR100.dll
 0002:000000c8       __imp___CppXcptFilter      00000001800360c8     MSVCRT:MSVCR100.dll
 0002:000000d0       __imp___C_specific_handler 00000001800360d0     MSVCRT:MSVCR100.dll
 0002:000000d8       __imp__amsg_exit           00000001800360d8     MSVCRT:MSVCR100.dll
 0002:000000e0       __imp__encoded_null        00000001800360e0     MSVCRT:MSVCR100.dll
 0002:000000e8       __imp__initterm_e          00000001800360e8     MSVCRT:MSVCR100.dll
 0002:000000f0       __imp__initterm            00000001800360f0     MSVCRT:MSVCR100.dll
 0002:000000f8       __imp__malloc_crt          00000001800360f8     MSVCRT:MSVCR100.dll
 0002:00000100       __imp_ldexp                0000000180036100     MSVCRT:MSVCR100.dll
 0002:00000108       __imp_realloc              0000000180036108     MSVCRT:MSVCR100.dll
 0002:00000110       __imp_calloc               0000000180036110     MSVCRT:MSVCR100.dll
 0002:00000118       __imp__setjmp              0000000180036118     MSVCRT:MSVCR100.dll
 0002:00000120       __imp_strrchr              0000000180036120     MSVCRT:MSVCR100.dll
 0002:00000128       __imp_ceil                 0000000180036128     MSVCRT:MSVCR100.dll
 0002:00000130       __imp_strncmp              0000000180036130     MSVCRT:MSVCR100.dll
 0002:00000138       __imp_longjmp              0000000180036138     MSVCRT:MSVCR100.dll
 0002:00000140       __imp_strncpy              0000000180036140     MSVCRT:MSVCR100.dll
 0002:00000148       __imp_memset               0000000180036148     MSVCRT:MSVCR100.dll
 0002:00000150       __imp_strcat               0000000180036150     MSVCRT:MSVCR100.dll
 0002:00000158       __imp_sprintf              0000000180036158     MSVCRT:MSVCR100.dll
 0002:00000160       __imp_strcmp               0000000180036160     MSVCRT:MSVCR100.dll
 0002:00000168       __imp_free                 0000000180036168     MSVCRT:MSVCR100.dll
 0002:00000170       __imp_malloc               0000000180036170     MSVCRT:MSVCR100.dll
 0002:00000178       __imp_strlen               0000000180036178     MSVCRT:MSVCR100.dll
 0002:00000180       \177MSVCR100_NULL_THUNK_DATA 0000000180036180     MSVCRT:MSVCR100.dll
 0002:00000188       __imp_emlrtCreateRootTLS   0000000180036188     libemlrt:libemlrt.dll
 0002:00000190       __imp_emlrtIsEnumR2009a    0000000180036190     libemlrt:libemlrt.dll
 0002:00000198       __imp_emlrtGetEnumUnderlyingArrayR2009a 0000000180036198     libemlrt:libemlrt.dll
 0002:000001a0       __imp_emlrtTranslateUTF16MessagetoLCPstring 00000001800361a0     libemlrt:libemlrt.dll
 0002:000001a8       __imp_emlrtForLoopVectorIsValidR2011b 00000001800361a8     libemlrt:libemlrt.dll
 0002:000001b0       __imp_emlrtTranslateMessageIDtoLCPstring 00000001800361b0     libemlrt:libemlrt.dll
 0002:000001b8       __imp_emlrtExtractMessageId 00000001800361b8     libemlrt:libemlrt.dll
 0002:000001c0       __imp_emlrtNameCapturePostProcessR2012a 00000001800361c0     libemlrt:libemlrt.dll
 0002:000001c8       __imp_emlrtImportVsFiArrayR2009b 00000001800361c8     libemlrt:libemlrt.dll
 0002:000001d0       __imp_emlrtCreateReference 00000001800361d0     libemlrt:libemlrt.dll
 0002:000001d8       __imp_emlrtGetEnumElementR2009a 00000001800361d8     libemlrt:libemlrt.dll
 0002:000001e0       __imp_emlrtCreateEnumR2012b 00000001800361e0     libemlrt:libemlrt.dll
 0002:000001e8       __imp_emlrtCheckEnumR2012b 00000001800361e8     libemlrt:libemlrt.dll
 0002:000001f0       __imp_emlrtCheckVsBuiltInR2012b 00000001800361f0     libemlrt:libemlrt.dll
 0002:000001f8       __imp_emlrtCheckBuiltInR2012b 00000001800361f8     libemlrt:libemlrt.dll
 0002:00000200       __imp_emlrtDestroyRootTLS  0000000180036200     libemlrt:libemlrt.dll
 0002:00000208       \177libemlrt_NULL_THUNK_DATA 0000000180036208     libemlrt:libemlrt.dll
 0002:00000210       __imp_ssRegisterDataTypeFxpFSlopeFixExpBias 0000000180036210     libfixedpoint:libfixedpoint.dll
 0002:00000218       \177libfixedpoint_NULL_THUNK_DATA 0000000180036218     libfixedpoint:libfixedpoint.dll
 0002:00000220       __imp_mexFunctionName      0000000180036220     libmex:libmex.dll
 0002:00000228       __imp_mexIsLocked          0000000180036228     libmex:libmex.dll
 0002:00000230       __imp_mexMakeMemoryPersistent 0000000180036230     libmex:libmex.dll
 0002:00000238       __imp_mexWarnMsgTxt        0000000180036238     libmex:libmex.dll
 0002:00000240       __imp_mexCallMATLAB        0000000180036240     libmex:libmex.dll
 0002:00000248       __imp_mexErrMsgTxt         0000000180036248     libmex:libmex.dll
 0002:00000250       __imp_mexMakeArrayPersistent 0000000180036250     libmex:libmex.dll
 0002:00000258       __imp_mexSetTrapFlag       0000000180036258     libmex:libmex.dll
 0002:00000260       __imp_mexPutVariable       0000000180036260     libmex:libmex.dll
 0002:00000268       __imp_mexUnlock            0000000180036268     libmex:libmex.dll
 0002:00000270       __imp_mexLock              0000000180036270     libmex:libmex.dll
 0002:00000278       __imp_mexGetVariable       0000000180036278     libmex:libmex.dll
 0002:00000280       \177libmex_NULL_THUNK_DATA 0000000180036280     libmex:libmex.dll
 0002:00000288       __imp_muDoubleScalarSin    0000000180036288     libmwmathutil:libmwmathutil.dll
 0002:00000290       \177libmwmathutil_NULL_THUNK_DATA 0000000180036290     libmwmathutil:libmwmathutil.dll
 0002:00000298       __imp_mxCalloc             0000000180036298     libmx:libmx.dll
 0002:000002a0       __imp_mxGetScalar          00000001800362a0     libmx:libmx.dll
 0002:000002a8       __imp_mxGetPr              00000001800362a8     libmx:libmx.dll
 0002:000002b0       __imp_mxIsLogical          00000001800362b0     libmx:libmx.dll
 0002:000002b8       __imp_mxGetM               00000001800362b8     libmx:libmx.dll
 0002:000002c0       __imp_mxGetN               00000001800362c0     libmx:libmx.dll
 0002:000002c8       __imp_mxCreateLogicalScalar 00000001800362c8     libmx:libmx.dll
 0002:000002d0       __imp_mxIsLogicalScalarTrue 00000001800362d0     libmx:libmx.dll
 0002:000002d8       __imp_mxGetString_700      00000001800362d8     libmx:libmx.dll
 0002:000002e0       __imp_mxCreateStringFromNChars_700 00000001800362e0     libmx:libmx.dll
 0002:000002e8       __imp_mxGetElementSize     00000001800362e8     libmx:libmx.dll
 0002:000002f0       __imp_mxCreateNumericArray_700 00000001800362f0     libmx:libmx.dll
 0002:000002f8       __imp_mxGetNumberOfDimensions_700 00000001800362f8     libmx:libmx.dll
[...]
 0001:0000a5b0       sf_mex_check_fimath        000000018000b5b0 f   sfc_mex:sfc_mex.obj
 0001:0000b160       size_mismatch_error        000000018000c160 f   sfc_mex:sfc_mex.obj
 0001:0000bc00       check_array_dimensions     000000018000cc00 f   sfc_mex:sfc_mex.obj
 0001:0000bc70       check_input_mxarray        000000018000cc70 f   sfc_mex:sfc_mex.obj
 0001:0000c3b0       sf_numeric_value_to_double 000000018000d3b0 f   sfc_mex:sfc_mex.obj
 0001:0000c400       ml_generic_out_of_bounds_check 000000018000d400 f   sfc_mex:sfc_mex.obj
 0001:0000c5d0       ml_get_element_value_from_array 000000018000d5d0 f   sfc_mex:sfc_mex.obj
 0001:0000c970       _ml_generic_castability_check 000000018000d970 f   sfc_mex:sfc_mex.obj
 0001:0000d6d0       ml_generic_castability_check 000000018000e6d0 f   sfc_mex:sfc_mex.obj
 0001:0000d770       ml_check_mx_array_for_single_castability 000000018000e770 f   sfc_mex:sfc_mex.obj
 0001:0000d810       ml_check_mx_array_for_logical_castability 000000018000e810 f   sfc_mex:sfc_mex.obj
 0001:0000d8b0       ml_check_mx_array_for_int8_castability 000000018000e8b0 f   sfc_mex:sfc_mex.obj
 0001:0000d960       ml_check_mx_array_for_uint8_castability 000000018000e960 f   sfc_mex:sfc_mex.obj
 0001:0000d9c0       ml_check_mx_array_for_int16_castability 000000018000e9c0 f   sfc_mex:sfc_mex.obj
 0001:0000da20       ml_check_mx_array_for_uint16_castability 000000018000ea20 f   sfc_mex:sfc_mex.obj
 0001:0000da80       ml_check_mx_array_for_int32_castability 000000018000ea80 f   sfc_mex:sfc_mex.obj
 0001:0000dae0       ml_check_mx_array_for_uint32_castability 000000018000eae0 f   sfc_mex:sfc_mex.obj
 0001:0000db40       ml_check_mx_array_for_castability 000000018000eb40 f   sfc_mex:sfc_mex.obj
 0001:0000e470       set_data_value             000000018000f470 f   sfc_mex:sfc_mex.obj
 0001:0000e7e0       get_data_value             000000018000f7e0 f   sfc_mex:sfc_mex.obj
 0001:0000e8f0       get_next_element_address   000000018000f8f0 f   sfc_mex:sfc_mex.obj
 0001:0000e9c0       sf_normalize_index         000000018000f9c0 f   sfc_mex:sfc_mex.obj
 0001:0000ed50       ml_array_index_bound_check 000000018000fd50 f   sfc_mex:sfc_mex.obj
 0001:0000f870       mx_value                   0000000180010870 f   sfc_mex:sfc_mex.obj
 0001:0000f8c0       sf_create_numeric_array    00000001800108c0 f   sfc_mex:sfc_mex.obj
 0001:0000f960       sf_mex_assign_to_mx_array  0000000180010960 f   sfc_mex:sfc_mex.obj
 0001:0000fcb0       assign_from_mx_array       0000000180010cb0 f   sfc_mex:sfc_mex.obj
 0001:000104e0       sf_mex_import_v            00000001800114e0 f   sfc_mex:sfc_mex.obj
 0001:00010be0       get_machine_and_chart_file_number 0000000180011be0 f   sfc_mex:sfc_sf.obj
 0001:00010cd0       get_sfun_block_specialization 0000000180011cd0 f   sfc_mex:sfc_sf.obj
 0001:00010d80       call_sf_machine_global_method_dispatcher 0000000180011d80 f   sfc_mex:sfc_sf.obj
 0001:00010fd0       mdl_zeroCrossings_processing 0000000180011fd0 f   sfc_mex:sfc_sf.obj
 0001:000110a0       mdl_derivatives_processing 00000001800120a0 f   sfc_mex:sfc_sf.obj
 0001:00011360       mdl_outputs_continuous_legacy 0000000180012360 f   sfc_mex:sfc_sf.obj
 0001:000113e0       mdl_outputs_processing     00000001800123e0 f   sfc_mex:sfc_sf.obj
 0001:00011650       mdl_enable_processing      0000000180012650 f   sfc_mex:sfc_sf.obj
 0001:00011720       mdl_disable_processing     0000000180012720 f   sfc_mex:sfc_sf.obj
 0001:00012490       sf_call_output_fcn_enable_disable 0000000180013490 f   sfc_mex:sfc_sf.obj
 0001:00012710       set_dwork_information_from_mx_array 0000000180013710 f   sfc_mex:sfc_sf.obj
 0001:00012fd0       ptr2mxStruct               0000000180013fd0 f   sfc_mex:sfc_sf.obj
 0001:000132e0       SNPRINTF_WRAPPER           00000001800142e0 f   sfc_debug:sfcdebug.obj
 0001:00013300       sf_debug_chart_instance_initialized_quick 0000000180014300 f   sfc_debug:sfcdebug.obj
 0001:00013310       sf_debug_chart_instance_initialized 0000000180014310 f   sfc_debug:sfcdebug.obj
 0001:000134b0       sfrtAddSize                00000001800144b0 f   sfc_debug:sfcdebug.obj
 0001:00013570       sfrtGenSizeString          0000000180014570 f   sfc_debug:sfcdebug.obj
 0001:00013c80       fill_single_message_info   0000000180014c80 f   sfc_debug:sfcdebug.obj
 0001:00013e40       sf_debug_sim_status_listener 0000000180014e40 f   sfc_debug:sfcdebug.obj
 0001:000143b0       sf_debug_form_mask_bits    00000001800153b0 f   sfc_debug:sfcdebug.obj
 0001:000143f0       sf_debug_form_sf_data_type_offsets 00000001800153f0 f   sfc_debug:sfcdebug.obj
 0001:000144b0       sf_debug_free_all          00000001800154b0 f   sfc_debug:sfcdebug.obj
 0001:00014660       sf_debug_append_debugger_context 0000000180015660 f   sfc_debug:sfcdebug.obj
 0001:00014800       sf_debug_update_always_honor_breakpoints 0000000180015800 f   sfc_debug:sfcdebug.obj
 0001:000149d0       local_strdup               00000001800159d0 f   sfc_debug:sfcdebug.obj
 0001:000158b0       sf_debug_em_terminate      00000001800168b0 f   sfc_debug:sfcdebug.obj
 0001:000158f0       sf_debug_push_eml_function 00000001800168f0 f   sfc_debug:sfcdebug.obj
 0001:00015990       sf_debug_pop_eml_function  0000000180016990 f   sfc_debug:sfcdebug.obj
 0001:00016690       sf_debug_get_machine_number_from_id_or_name 0000000180017690 f   sfc_debug:sfcdebug.obj
 0001:000167e0       sf_debug_get_chart_number_from_id 00000001800177e0 f   sfc_debug:sfcdebug.obj
 0001:00017580       sf_debug_transfer_control_to_debugger_GUI 0000000180018580 f   sfc_debug:sfcdebug.obj
 0001:00018510       sf_debug_scripts_rehash    0000000180019510 f   sfc_debug:sfcdebug.obj
 0001:00018750       sf_debug_get_script_line_count 0000000180019750 f   sfc_debug:sfcdebug.obj
 0001:00019080       cv_eml_state_cvId          000000018001a080 f   sfc_debug:sfcdebug.obj
 0001:000190f0       cv_eml_trans_cvId          000000018001a0f0 f   sfc_debug:sfcdebug.obj
 0001:0001a480       sf_debug_data_array_bounds_error 000000018001b480 f   sfc_debug:sfcdebug.obj
 0001:0001a8b0       eml_debug_runtime_error_doclink 000000018001b8b0 f   sfc_debug:sfcdebug.obj
 0001:0001aa10       sf_debug_runtime_error     000000018001ba10 f   sfc_debug:sfcdebug.obj
 0001:0001aa80       sf_debug_matlab_error      000000018001ba80 f   sfc_debug:sfcdebug.obj
 0001:0001b3c0       sf_debug_data_value_error  000000018001c3c0 f   sfc_debug:sfcdebug.obj
 0001:0001bcc0       sf_debug_data_loss_error   000000018001ccc0 f   sfc_debug:sfcdebug.obj
 0001:0001cc50       call_cv_range_check        000000018001dc50 f   sfc_debug:sfcdebug.obj
 0001:0001d420       sf_debug_invoke_cycle_detection_code 000000018001e420 f   sfc_debug:sfcdebug.obj
 0001:0001e2a0       sf_reset_debug_info_struct 000000018001f2a0 f   sfc_debug:sfcdebug.obj
 0001:0001eb00       cv_script_cvId             000000018001fb00 f   sfc_debug:sfcdebug.obj
 0001:0001f860       sfc_api_chart_visible      0000000180020860 f   sfc_debug:sfc_api.obj
 0001:0001f8e0       sfc_api_active_instance    00000001800208e0 f   sfc_debug:sfc_api.obj
 0001:0001f960       sfc_api_machine_load       0000000180020960 f   sfc_debug:sfc_api.obj
 0001:0001fa30       sfc_api_debugger_alive     0000000180020a30 f   sfc_debug:sfc_api.obj
 0001:0001fa40       sfc_api_go                 0000000180020a40 f   sfc_debug:sfc_api.obj
 0001:0001fa50       sfc_api_step_over          0000000180020a50 f   sfc_debug:sfc_api.obj
 0001:0001fa60       sfc_api_step_out           0000000180020a60 f   sfc_debug:sfc_api.obj
 0001:0001fa70       sfc_api_resume             0000000180020a70 f   sfc_debug:sfc_api.obj
 0001:0001fa80       sfc_api_break              0000000180020a80 f   sfc_debug:sfc_api.obj
 0001:0001fa90       sfc_api_stop_debugging     0000000180020a90 f   sfc_debug:sfc_api.obj
 0001:0001fae0       sfc_api_is_cycle_detected  0000000180020ae0 f   sfc_debug:sfc_api.obj
 0001:0001fb30       sfc_api_is_array_bounds_detected 0000000180020b30 f   sfc_debug:sfc_api.obj
 0001:0001fb80       sfc_api_set_disable_all_breakpoints 0000000180020b80 f   sfc_debug:sfc_api.obj
 0001:0001fbf0       sfc_api_disable_all_breakpoints_and_go 0000000180020bf0 f   sfc_debug:sfc_api.obj
 0001:0001fc00       sfc_api_close              0000000180020c00 f   sfc_debug:sfc_api.obj
 0001:0001fc10       sfc_api_browse_data        0000000180020c10 f   sfc_debug:sfc_api.obj
 0001:0001fc80       sfc_api_watch_data         0000000180020c80 f   sfc_debug:sfc_api.obj
 0001:0001fd80       sfc_api_extract_message_post_receive_info 0000000180020d80 f   sfc_debug:sfc_api.obj
 0001:0001fda0       sfc_api_assign_data        0000000180020da0 f   sfc_debug:sfc_api.obj
 0001:0001fe40       sfc_api_whos               0000000180020e40 f   sfc_debug:sfc_api.obj
 0001:0001fed0       sfc_api_get_consistency_info 0000000180020ed0 f   sfc_debug:sfc_api.obj
 0001:0001fee0       sfc_api_browse_trace       0000000180020ee0 f   sfc_debug:sfc_api.obj
 0001:0001fef0       sfc_api_break_on_chart_entry 0000000180020ef0 f   sfc_debug:sfc_api.obj
 0001:0001ff10       sfc_api_break_on_event_broadcast 0000000180020f10 f   sfc_debug:sfc_api.obj
 0001:0001ff30       sfc_api_break_on_state_entry 0000000180020f30 f   sfc_debug:sfc_api.obj
 0001:0001ff50       sfc_api_set_watch          0000000180020f50 f   sfc_debug:sfc_api.obj
 0001:0001fff0       sfc_api_set_breakpoints    0000000180020ff0 f   sfc_debug:sfc_api.obj
 0001:00020090       sfc_api_set_eml_breakpoints 0000000180021090 f   sfc_debug:sfc_api.obj
 0001:00020110       sfc_api_set_script_breakpoints 0000000180021110 f   sfc_debug:sfc_api.obj
 0001:00020160       sfc_api_add_script_breakpoints 0000000180021160 f   sfc_debug:sfc_api.obj
 0001:000201b0       sfc_api_clear_script_breakpoints 00000001800211b0 f   sfc_debug:sfc_api.obj
 0001:00020200       sfc_api_query_script_breakpoints 0000000180021200 f   sfc_debug:sfc_api.obj
 0001:00020260       sfc_api_get_script_id      0000000180021260 f   sfc_debug:sfc_api.obj
 0001:00020320       sfc_api_get_active_states  0000000180021320 f   sfc_debug:sfc_api.obj
 0001:000203a0       sfc_api_break_between_times 00000001800213a0 f   sfc_debug:sfc_api.obj
 0001:00020400       sfc_api_get_instance_handle 0000000180021400 f   sfc_debug:sfc_api.obj
 0001:000204b0       sfc_api_set_animation      00000001800214b0 f   sfc_debug:sfc_api.obj
 0001:00020500       sfc_api_select_chart       0000000180021500 f   sfc_debug:sfc_api.obj
 0001:00020560       sfc_api_select_charts      0000000180021560 f   sfc_debug:sfc_api.obj
 0001:00020590       sfc_api_cycle_detection_check 0000000180021590 f   sfc_debug:sfc_api.obj
 0001:000205e0       sfc_api_data_range_check   00000001800215e0 f   sfc_debug:sfc_api.obj
 0001:00020630       sfc_api_transition_conflict_check 0000000180021630 f   sfc_debug:sfc_api.obj
 0001:00020680       sfc_api_state_consistency_check 0000000180021680 f   sfc_debug:sfc_api.obj
 0001:000206d0       sfc_api_set_instance_cv_ids 00000001800216d0 f   sfc_debug:sfc_api.obj
 0001:000207e0       sfc_api_set_script_cv_ids  00000001800217e0 f   sfc_debug:sfc_api.obj
 0001:00020890       sfc_api_get_current_machine_id 0000000180021890 f   sfc_debug:sfc_api.obj
 0001:000208c0       sfc_api_get_current_machine_number 00000001800218c0 f   sfc_debug:sfc_api.obj
 0001:000208f0       sfc_api_get_current_chart_number 00000001800218f0 f   sfc_debug:sfc_api.obj
 0001:00020920       sfc_api_get_current_instance_number 0000000180021920 f   sfc_debug:sfc_api.obj
 0001:00020950       sfc_api_get_current_instance_handle 0000000180021950 f   sfc_debug:sfc_api.obj
 0001:00020970       sfc_api_get_current_is_minor_time_step 0000000180021970 f   sfc_debug:sfc_api.obj
 0001:000209a0       sfc_api_get_current_machine_name 00000001800219a0 f   sfc_debug:sfc_api.obj
 0001:000209c0       sfc_api_get_current_chart_id 00000001800219c0 f   sfc_debug:sfc_api.obj
 0001:000209f0       sfc_api_get_current_object_type 00000001800219f0 f   sfc_debug:sfc_api.obj
 0001:00020a20       sfc_api_get_current_event_type 0000000180021a20 f   sfc_debug:sfc_api.obj
 0001:00020a50       sfc_api_get_current_object_id 0000000180021a50 f   sfc_debug:sfc_api.obj
 0001:00020a80       sfc_get_current_active_event_type 0000000180021a80 f   sfc_debug:sfc_api.obj
 0001:00020ab0       sfc_api_get_current_active_event_id 0000000180021ab0 f   sfc_debug:sfc_api.obj
 0001:00020ae0       sfc_api_get_current_simulation_time 0000000180021ae0 f   sfc_debug:sfc_api.obj
 0001:00020b00       sfc_get_current_tag_type   0000000180021b00 f   sfc_debug:sfc_api.obj
 0001:00020b30       sfc_get_current_coverage_percentage 0000000180021b30 f   sfc_debug:sfc_api.obj
 0001:00020b50       sfc_get_current_statement_context 0000000180021b50 f   sfc_debug:sfc_api.obj
 0001:00020b70       sfc_get_current_optional_integer 0000000180021b70 f   sfc_debug:sfc_api.obj
 0001:00020ba0       sfc_get_current_statement_info 0000000180021ba0 f   sfc_debug:sfc_api.obj
 0001:00020c40       sfc_api_get                0000000180021c40 f   sfc_debug:sfc_api.obj
 0001:000218b0       sf_debug_sm_fill_state_activity_data 00000001800228b0 f   sfc_debug:sfdb_animation.obj
 0001:000241b0       void_ptr_stack_vector_free_total 00000001800251b0 f   sfc_debug:sfdb_data_browse.obj
 0001:00024240       sf_debug_st_terminate_machine 0000000180025240 f   sfc_debug:sfdb_data_browse.obj
 0001:00024280       sf_debug_st_terminate_instance 0000000180025280 f   sfc_debug:sfdb_data_browse.obj
 0001:00024630       push_on_to_void_ptr_stack  0000000180025630 f   sfc_debug:sfdb_data_browse.obj
 0001:000247c0       pop_from_void_ptr_stack    00000001800257c0 f   sfc_debug:sfdb_data_browse.obj
 0001:000248f0       sf_debug_st_get_data_value 00000001800258f0 f   sfc_debug:sfdb_data_browse.obj
 0001:00024e80       mx_value                   0000000180025e80 f   sfc_debug:sfdb_data_browse.obj
 0001:00024ec0       sf_debug_st_fill_data_struct 0000000180025ec0 f   sfc_debug:sfdb_data_browse.obj
 0001:00025200       data_type_format_strings   0000000180026200 f   sfc_debug:sfdb_data_browse.obj
 0001:000252b0       sf_debug_st_fill_data      00000001800262b0 f   sfc_debug:sfdb_data_browse.obj
 0001:00026000       sf_debug_hm_get_simulink_handle 0000000180027000 f   sfc_debug:sfdb_handle_management.obj
 0001:00026b00       sf_debug_hm_initialize_globals 0000000180027b00 f   sfc_debug:sfdb_handle_management.obj
 0001:00026c00       sf_debug_hm_get_machine_debug_flag 0000000180027c00 f   sfc_debug:sfdb_handle_management.obj
 0001:00026d70       sf_debug_hm_get_machine_id 0000000180027d70 f   sfc_debug:sfdb_handle_management.obj
 0001:00026e90       sf_debug_hm_get_chart_id   0000000180027e90 f   sfc_debug:sfdb_handle_management.obj
 0001:00027030       sf_debug_hm_register_executing_SFunction 0000000180028030 f   sfc_debug:sfdb_handle_management.obj
 0001:000273c0       sf_debug_hm_form_object_boolean_properties 00000001800283c0 f   sfc_debug:sfdb_handle_management.obj
 0001:00027690       sf_debug_hm_form_object_properties 0000000180028690 f   sfc_debug:sfdb_handle_management.obj
 0001:000278d0       sf_debug_hm_terminate_charts 00000001800288d0 f   sfc_debug:sfdb_handle_management.obj
 0001:00028030       sf_debug_hm_terminate_machines 0000000180029030 f   sfc_debug:sfdb_handle_management.obj
 0001:00029c30       sf_debug_ss_copy_dimension 000000018002ac30 f   sfc_debug:sfdb_symbol_scope.obj
 0001:00029cf0       sf_debug_ss_get_number_elements 000000018002acf0 f   sfc_debug:sfdb_symbol_scope.obj
 0001:00029d10       sf_debug_ss_fill_data_struct 000000018002ad10 f   sfc_debug:sfdb_symbol_scope.obj
 0001:0002a060       sf_debug_ss_reset_data_info 000000018002b060 f   sfc_debug:sfdb_symbol_scope.obj
 0001:0002a0c0       sf_debug_fill_data_info_by_symbol_scope_entry 000000018002b0c0 f   sfc_debug:sfdb_symbol_scope.obj
 0001:0002a180       sf_debug_fill_data_info_by_data_vector 000000018002b180 f   sfc_debug:sfdb_symbol_scope.obj
 0001:0002a3d0       get_data_info_helper       000000018002b3d0 f   sfc_debug:sfdb_symbol_scope.obj
 0001:0002a4d0       sf_debug_ss_get_data_info  000000018002b4d0 f   sfc_debug:sfdb_symbol_scope.obj
 0001:0002a700       sf_debug_select_mex_function 000000018002b700 f   sfc_debug:sfdb_symbol_scope.obj
 0001:0002a730       sf_debug_is_dyn_matrix_initialized 000000018002b730 f   sfc_debug:sfdb_symbol_scope.obj
 0001:0002a750       sf_debug_ss_set_data_value_try 000000018002b750 f   sfc_debug:sfdb_symbol_scope.obj
 0001:0002a920       sf_debug_ss_get_data_value 000000018002b920 f   sfc_debug:sfdb_symbol_scope.obj
 0001:0002b090       sf_debug_ss_data_bytes_string 000000018002c090 f   sfc_debug:sfdb_symbol_scope.obj
 0001:0002b140       sf_debug_ss_data_class_string 000000018002c140 f   sfc_debug:sfdb_symbol_scope.obj
 0001:0002b4d0       sf_debug_ss_data_size_string 000000018002c4d0 f   sfc_debug:sfdb_symbol_scope.obj
 0001:0002b5b0       sf_debug_ss_data_create_data_info_struct 000000018002c5b0 f   sfc_debug:sfdb_symbol_scope.obj
 0001:0002b880       sf_debug_ss_data_create_name_value_pair 000000018002c880 f   sfc_debug:sfdb_symbol_scope.obj
 0001:0002b920       sf_debug_ss_data_get_whos_info 000000018002c920 f   sfc_debug:sfdb_symbol_scope.obj
 0001:0002b930       same_named_data_in_data_array 000000018002c930 f   sfc_debug:sfdb_symbol_scope.obj
 0001:0002d1c0       sf_debug_cc_terminate_chart 000000018002e1c0 f   sfc_debug:sfdb_coverage.obj
 0001:0002d560       sf_debug_cc_terminate_instance 000000018002e560 f   sfc_debug:sfdb_coverage.obj
 0001:0002e150       sf_debug_cc_mark_object_if_needed 000000018002f150 f   sfc_debug:sfdb_coverage.obj
 0001:0002ea50       sf_debug_bm_initialize_eml 000000018002fa50 f   sfc_debug:sfdb_breakpoints.obj
 0001:0002fb90       sf_debug_bm_map_debug_tag_to_breakpoint_tag 0000000180030b90 f   sfc_debug:sfdb_breakpoints.obj
 0001:0002fc70       sf_debug_bm_is_a_eml_breakpoint_impl 0000000180030c70 f   sfc_debug:sfdb_breakpoints.obj
 0001:000317b0       sf_debug_sc_push_on_error_stack 00000001800327b0 f   sfc_debug:sfdb_state_consistency.obj
 0001:000318e0       sf_debug_sc_reset_error_stack 00000001800328e0 f   sfc_debug:sfdb_state_consistency.obj
 0001:00031a70       sf_debug_sc_is_state_inconsistent 0000000180032a70 f   sfc_debug:sfdb_state_consistency.obj
 0001:00031d70       sf_debug_sc_fill_consistency_info 0000000180032d70 f   sfc_debug:sfdb_state_consistency.obj
 0001:00032350       void_assertion_fcn         0000000180033350 f   sfc_debug:sfdb_call_stack.obj
 0001:000328d0       sf_debug_tm_fill_local_trace 00000001800338d0 f   sfc_debug:sfdb_call_stack.obj
 0001:00032ea0       sf_debug_cd_terminate_instance 0000000180033ea0 f   sfc_debug:sfdb_cycle_detection.obj
 0001:00032f00       sf_debug_cd_free_checksum_stack 0000000180033f00 f   sfc_debug:sfdb_cycle_detection.obj
 0001:00032f50       sf_debug_cd_reset_pack_strings 0000000180033f50 f   sfc_debug:sfdb_cycle_detection.obj
 0001:00033610       md5file_clear              0000000180034610 f   sfc_debug:ckmd5.obj
 0001:00033640       Encode                     0000000180034640 f   sfc_debug:ckmd5.obj
 0001:00033690       Decode                     0000000180034690 f   sfc_debug:ckmd5.obj
 0001:00033730       MD5Transform               0000000180034730 f   sfc_debug:ckmd5.obj
 0001:00033f80       md5file_addn               0000000180034f80 f   sfc_debug:ckmd5.obj
 0001:00034050       md5file_hash               0000000180035050 f   sfc_debug:ckmd5.obj
 0001:0003452c       pre_c_init                 000000018003552c f   MSVCRT:crtdll.obj
 0001:000347e8       __DllMainCRTStartup        00000001800357e8 f   MSVCRT:crtdll.obj
 0001:00034ef0       __DllMainCRTStartup$filt$0 0000000180035ef0 f   MSVCRT:crtdll.obj
 0001:00034f20       __DllMainCRTStartup$fin$1  0000000180035f20 f   MSVCRT:crtdll.obj
 0001:00034f3a       _onexit$fin$0              0000000180035f3a f   MSVCRT:atonexit.obj
 0001:00034f60       _IsNonwritableInCurrentImage$filt$0 0000000180035f60 f   MSVCRT:pesect.obj
