 sim_Motor_2kW_openloop_THD_sfun

 Timestamp is 51a56c07 (Wed May 29 12:46:31 2013)

 Preferred load address is 0000000180000000

 Start         Length     Name                   Class
 0001:00000000 00038154H .text                   CODE
 0001:00038160 00000092H .text$x                 CODE
 0002:00000000 00000498H .idata$5                DATA
 0002:00000498 00000008H .CRT$XCA                DATA
 0002:000004a0 00000008H .CRT$XCZ                DATA
 0002:000004a8 00000008H .CRT$XIA                DATA
 0002:000004b0 00000008H .CRT$XIAA               DATA
 0002:000004b8 00000008H .CRT$XIZ                DATA
 0002:000004c0 00004b5cH .rdata                  DATA
 0002:00005020 00000008H .rtc$IAA                DATA
 0002:00005028 00000008H .rtc$IZZ                DATA
 0002:00005030 00000008H .rtc$TAA                DATA
 0002:00005038 00000008H .rtc$TZZ                DATA
 0002:00005040 00003fc4H .xdata                  DATA
 0002:00009004 000000a0H .idata$2                DATA
 0002:000090a4 00000014H .idata$3                DATA
 0002:000090b8 00000498H .idata$4                DATA
 0002:00009550 00000aaeH .idata$6                DATA
 0002:0000a000 00000065H .edata                  DATA
 0003:00000000 000022d8H .data                   DATA
 0003:000022e0 000026d8H .bss                    DATA
 0004:00000000 00003084H .pdata                  DATA

  Address         Publics by Value              Rva+Base               Lib:Object

 0000:00000000       ___safe_se_handler_table   0000000000000000     <absolute>
 0000:00000000       ___safe_se_handler_count   0000000000000000     <absolute>
 0000:00000000       __ImageBase                0000000180000000     <linker-defined>
 0001:00000000       sf_c2_sim_Motor_2kW_openloop_THD_get_eml_resolved_functions_info 0000000180001000 f   c2_sim_Motor_2kW_openloop_THD.obj
 0001:00000e10       sf_c2_sim_Motor_2kW_openloop_THD_get_check_sum 0000000180001e10 f   c2_sim_Motor_2kW_openloop_THD.obj
 0001:00000e90       sf_c2_sim_Motor_2kW_openloop_THD_get_autoinheritance_info 0000000180001e90 f   c2_sim_Motor_2kW_openloop_THD.obj
 0001:00001910       sf_internal_get_sim_state_c2_sim_Motor_2kW_openloop_THD 0000000180002910 f   c2_sim_Motor_2kW_openloop_THD.obj
 0001:00001d90       sf_internal_set_sim_state_c2_sim_Motor_2kW_openloop_THD 0000000180002d90 f   c2_sim_Motor_2kW_openloop_THD.obj
 0001:000023c0       c2_sim_Motor_2kW_openloop_THD_method_dispatcher 00000001800033c0 f   c2_sim_Motor_2kW_openloop_THD.obj
 0001:00005b70       sf_process_check_sum_call  0000000180006b70 f   sim_Motor_2kW_openloop_THD_sfun_registry.obj
 0001:00005bc0       sf_process_autoinheritance_call 0000000180006bc0 f   sim_Motor_2kW_openloop_THD_sfun_registry.obj
 0001:00005d60       sf_process_get_eml_resolved_functions_info_call 0000000180006d60 f   sim_Motor_2kW_openloop_THD_sfun_registry.obj
 0001:00005ee0       sf_mex_unlock_call         0000000180006ee0 f   sim_Motor_2kW_openloop_THD_sfun_registry.obj
 0001:00005f90       sf_machine_global_initializer_called 0000000180006f90 f   sim_Motor_2kW_openloop_THD_sfun_registry.obj
 0001:00005fc0       sf_machine_global_method_dispatcher 0000000180006fc0 f   sim_Motor_2kW_openloop_THD_sfun_registry.obj
 0001:00006020       sf_machine_global_terminator 0000000180007020 f   sim_Motor_2kW_openloop_THD_sfun_registry.obj
 0001:00006060       sf_register_machine_exported_symbols 0000000180007060 f   sim_Motor_2kW_openloop_THD_sfun_registry.obj
 0001:00006080       callCustomFcn              0000000180007080 f   sim_Motor_2kW_openloop_THD_sfun_registry.obj
 0001:00006090       sf_machine_global_initializer 0000000180007090 f   sim_Motor_2kW_openloop_THD_sfun_registry.obj
 0001:00006100       _ssSetStateAbsTol          0000000180007100 f   sim_Motor_2kW_openloop_THD_sfun_registry.obj
 0001:000061e0       _ssGetAbsTol               00000001800071e0 f   sim_Motor_2kW_openloop_THD_sfun_registry.obj
 0001:00006250       _ssSetInputPortMatrixDimensions 0000000180007250 f   sim_Motor_2kW_openloop_THD_sfun_registry.obj
 0001:00006360       _ssSetOutputPortMatrixDimensions 0000000180007360 f   sim_Motor_2kW_openloop_THD_sfun_registry.obj
 0001:00006470       _ssSetInputPortVectorDimension 0000000180007470 f   sim_Motor_2kW_openloop_THD_sfun_registry.obj
 0001:00006540       _ssSetOutputPortVectorDimension 0000000180007540 f   sim_Motor_2kW_openloop_THD_sfun_registry.obj
 0001:00006610       ssIsRunTimeParamTunable    0000000180007610 f   sim_Motor_2kW_openloop_THD_sfun_registry.obj
 0001:00006680       ssGetSFuncBlockHandle      0000000180007680 f   sim_Motor_2kW_openloop_THD_sfun_registry.obj
 0001:000066f0       _ssGetCurrentInputPortWidth 00000001800076f0 f   sim_Motor_2kW_openloop_THD_sfun_registry.obj
 0001:00006810       _ssGetCurrentOutputPortWidth 0000000180007810 f   sim_Motor_2kW_openloop_THD_sfun_registry.obj
 0001:00006930       _ssGetCallSystemNumFcnCallDestinations 0000000180007930 f   sim_Motor_2kW_openloop_THD_sfun_registry.obj
 0001:000069a0       ssWarning                  00000001800079a0 f   sim_Motor_2kW_openloop_THD_sfun_registry.obj
 0001:00006ab0       ssGetIsZeroCrossControlDisabled 0000000180007ab0 f   sim_Motor_2kW_openloop_THD_sfun_registry.obj
 0001:00006b20       ssSetIsInputPortUsedForContZcSignal 0000000180007b20 f   sim_Motor_2kW_openloop_THD_sfun_registry.obj
 0001:00006b90       ssSetZcSignalIsZcElementDisc 0000000180007b90 f   sim_Motor_2kW_openloop_THD_sfun_registry.obj
 0001:00006c40       ssSetZcSignalName          0000000180007c40 f   sim_Motor_2kW_openloop_THD_sfun_registry.obj
 0001:00006cb0       ssSetZcSignalWidth         0000000180007cb0 f   sim_Motor_2kW_openloop_THD_sfun_registry.obj
 0001:00006d20       ssSetZcSignalZcEventType   0000000180007d20 f   sim_Motor_2kW_openloop_THD_sfun_registry.obj
 0001:00006d90       ssSetZcSignalType          0000000180007d90 f   sim_Motor_2kW_openloop_THD_sfun_registry.obj
 0001:00006e00       ssSetZcSignalZcTol         0000000180007e00 f   sim_Motor_2kW_openloop_THD_sfun_registry.obj
 0001:00006e70       ssSetZcSignalNeedsEventNotification 0000000180007e70 f   sim_Motor_2kW_openloop_THD_sfun_registry.obj
 0001:00006ee0       ssCreateAndAddZcSignalInfo 0000000180007ee0 f   sim_Motor_2kW_openloop_THD_sfun_registry.obj
 0001:00006f50       ssCloneAndAddZcSignalInfo  0000000180007f50 f   sim_Motor_2kW_openloop_THD_sfun_registry.obj
 0001:00006fc0       ssGetNumZcSignals          0000000180007fc0 f   sim_Motor_2kW_openloop_THD_sfun_registry.obj
 0001:00007030       ssGetZcSignalVector        0000000180008030 f   sim_Motor_2kW_openloop_THD_sfun_registry.obj
 0001:000070a0       ssGetZcSignalZcEvents      00000001800080a0 f   sim_Motor_2kW_openloop_THD_sfun_registry.obj
 0001:00007110       ssGetZcSignalName          0000000180008110 f   sim_Motor_2kW_openloop_THD_sfun_registry.obj
 0001:00007180       ssGetZcSignalWidth         0000000180008180 f   sim_Motor_2kW_openloop_THD_sfun_registry.obj
 0001:000071f0       ssGetZcSignalZcEventType   00000001800081f0 f   sim_Motor_2kW_openloop_THD_sfun_registry.obj
 0001:00007260       ssGetZcSignalType          0000000180008260 f   sim_Motor_2kW_openloop_THD_sfun_registry.obj
 0001:000072d0       ssGetZcSignalZcTol         00000001800082d0 f   sim_Motor_2kW_openloop_THD_sfun_registry.obj
 0001:00007350       ssGetZcSignalNeedsEventNotification 0000000180008350 f   sim_Motor_2kW_openloop_THD_sfun_registry.obj
 0001:000073c0       ssGetZcSignalIsZcElementDisc 00000001800083c0 f   sim_Motor_2kW_openloop_THD_sfun_registry.obj
 0001:00007460       ssGetIsInputPortElementContinuous 0000000180008460 f   sim_Motor_2kW_openloop_THD_sfun_registry.obj
 0001:00007500       _ssGetInputPortSignalPtrsFcn 0000000180008500 f   sim_Motor_2kW_openloop_THD_sfun_registry.obj
 0001:000077c0       _ssGetInputPortSignalFcn   00000001800087c0 f   sim_Motor_2kW_openloop_THD_sfun_registry.obj
 0001:000079e0       _ssSetInputPortDirectFeedThroughFcn 00000001800089e0 f   sim_Motor_2kW_openloop_THD_sfun_registry.obj
 0001:00007b40       _ssSetInputPortReusableFcn 0000000180008b40 f   sim_Motor_2kW_openloop_THD_sfun_registry.obj
 0001:00007c30       _ssSetOutputPortReusableFcn 0000000180008c30 f   sim_Motor_2kW_openloop_THD_sfun_registry.obj
 0001:00007d10       ssGetDTypeIdFromMxArray    0000000180008d10 f   sim_Motor_2kW_openloop_THD_sfun_registry.obj
 0001:00007e30       ssWriteRTWStr              0000000180008e30 f   sim_Motor_2kW_openloop_THD_sfun_registry.obj
 0001:00007e90       ssWriteRTWMxVectParam      0000000180008e90 f   sim_Motor_2kW_openloop_THD_sfun_registry.obj
 0001:00007ef0       ssWriteRTWMx2dMatParam     0000000180008ef0 f   sim_Motor_2kW_openloop_THD_sfun_registry.obj
 0001:00007f70       ssWriteRTWNameValuePair    0000000180008f70 f   sim_Motor_2kW_openloop_THD_sfun_registry.obj
 0001:00008460       ssWriteRTWParameters       0000000180009460 f   sim_Motor_2kW_openloop_THD_sfun_registry.obj
 0001:00008a60       ssWriteRTWParamSettings    0000000180009a60 f   sim_Motor_2kW_openloop_THD_sfun_registry.obj
 0001:00009130       ssWriteRTWWorkVect         000000018000a130 f   sim_Motor_2kW_openloop_THD_sfun_registry.obj
 0001:00009630       mexFunction                000000018000a630 f   sim_Motor_2kW_openloop_THD_sfun_registry.obj
 0001:0000b2f0       ProcessMexSfunctionEveryCall 000000018000c2f0 f   sim_Motor_2kW_openloop_THD_sfun_registry.obj
 0001:0000b460       sim_Motor_2kW_openloop_THD_initializer 000000018000c460 f   sim_Motor_2kW_openloop_THD_sfun.obj
 0001:0000b470       sim_Motor_2kW_openloop_THD_terminator 000000018000c470 f   sim_Motor_2kW_openloop_THD_sfun.obj
 0001:0000b480       sf_sim_Motor_2kW_openloop_THD_method_dispatcher 000000018000c480 f   sim_Motor_2kW_openloop_THD_sfun.obj
 0001:0000b4d0       sf_sim_Motor_2kW_openloop_THD_process_check_sum_call 000000018000c4d0 f   sim_Motor_2kW_openloop_THD_sfun.obj
 0001:0000b8e0       sf_sim_Motor_2kW_openloop_THD_autoinheritance_info 000000018000c8e0 f   sim_Motor_2kW_openloop_THD_sfun.obj
 0001:0000ba50       sf_sim_Motor_2kW_openloop_THD_get_eml_resolved_functions_info 000000018000ca50 f   sim_Motor_2kW_openloop_THD_sfun.obj
 0001:0000bb80       sim_Motor_2kW_openloop_THD_debug_initialize 000000018000cb80 f   sim_Motor_2kW_openloop_THD_sfun.obj
 0001:0000bbf0       sim_Motor_2kW_openloop_THD_register_exported_symbols 000000018000cbf0 f   sim_Motor_2kW_openloop_THD_sfun.obj
 0001:0000bc00       load_sim_Motor_2kW_openloop_THD_optimization_info 000000018000cc00 f   sim_Motor_2kW_openloop_THD_sfun.obj
 0001:0000bc50       unload_sim_Motor_2kW_openloop_THD_optimization_info 000000018000cc50 f   sim_Motor_2kW_openloop_THD_sfun.obj
 0001:0000bd70       sf_mex_mx_is_numeric       000000018000cd70 f   sfc_mex:sfc_mex.obj
 0001:0000bdb0       strcmp_ignore_ws           000000018000cdb0 f   sfc_mex:sfc_mex.obj
 0001:0000bef0       sf_mex_duplicatearraysafe  000000018000cef0 f   sfc_mex:sfc_mex.obj
 0001:0000c050       sf_set_error_debugger_context_message_fcn 000000018000d050 f   sfc_mex:sfc_mex.obj
 0001:0000c060       sf_set_debugger_matlab_error_fcn 000000018000d060 f   sfc_mex:sfc_mex.obj
 0001:0000c090       sf_set_error_prefix_string 000000018000d090 f   sfc_mex:sfc_mex.obj
 0001:0000c0c0       sf_get_error_prefix_string 000000018000d0c0 f   sfc_mex:sfc_mex.obj
 0001:0000c0d0       sf_mex_enter_parallel_region 000000018000d0d0 f   sfc_mex:sfc_mex.obj
 0001:0000c0e0       sf_mex_exit_parallel_region 000000018000d0e0 f   sfc_mex:sfc_mex.obj
 0001:0000c0f0       sf_get_current_jmp_buf_ptr 000000018000d0f0 f   sfc_mex:sfc_mex.obj
 0001:0000c100       sf_set_current_jmp_buf_ptr 000000018000d100 f   sfc_mex:sfc_mex.obj
 0001:0000c110       sf_mex_set_halt_simulation 000000018000d110 f   sfc_mex:sfc_mex.obj
 0001:0000c120       sf_mex_get_halt_simulation 000000018000d120 f   sfc_mex:sfc_mex.obj
 0001:0000c130       sf_mex_clear_error_message 000000018000d130 f   sfc_mex:sfc_mex.obj
 0001:0000c150       sf_mex_get_error_message_for_read 000000018000d150 f   sfc_mex:sfc_mex.obj
 0001:0000c160       sf_mex_get_error_message_buffer_length 000000018000d160 f   sfc_mex:sfc_mex.obj
 0001:0000c240       sf_mex_warning_message     000000018000d240 f   sfc_mex:sfc_mex.obj
 0001:0000c2b0       sf_mex_v_errbuf_createf    000000018000d2b0 f   sfc_mex:sfc_mex.obj
 0001:0000c2c0       sf_mex_errbuf_createf      000000018000d2c0 f   sfc_mex:sfc_mex.obj
 0001:0000c2f0       sf_mex_v_errbuf_catf       000000018000d2f0 f   sfc_mex:sfc_mex.obj
 0001:0000c330       sf_mex_errbuf_catf         000000018000d330 f   sfc_mex:sfc_mex.obj
 0001:0000c380       sf_mex_errbuf_copy         000000018000d380 f   sfc_mex:sfc_mex.obj
 0001:0000c390       sf_mex_errbuf_clear        000000018000d390 f   sfc_mex:sfc_mex.obj
 0001:0000c3a0       sf_mex_errbuf_isempty      000000018000d3a0 f   sfc_mex:sfc_mex.obj
 0001:0000c4b0       sf_mex_set_error_status    000000018000d4b0 f   sfc_mex:sfc_mex.obj
 0001:0000c500       sf_mex_error_direct_call   000000018000d500 f   sfc_mex:sfc_mex.obj
 0001:0000c520       sf_mex_error_message_no_long_jump 000000018000d520 f   sfc_mex:sfc_mex.obj
 0001:0000c540       sf_mex_long_jump_on_error  000000018000d540 f   sfc_mex:sfc_mex.obj
 0001:0000c570       sf_mex_call_matlab         000000018000d570 f   sfc_mex:sfc_mex.obj
 0001:0000c690       sf_mex_check_builtin       000000018000d690 f   sfc_mex:sfc_mex.obj
 0001:0000c730       sf_mex_check_builtin_vs    000000018000d730 f   sfc_mex:sfc_mex.obj
 0001:0000c7f0       sf_mex_check_enum          000000018000d7f0 f   sfc_mex:sfc_mex.obj
 0001:0000c870       sf_mex_create_enum         000000018000d870 f   sfc_mex:sfc_mex.obj
 0001:0000c8e0       sf_mex_get_enum_element    000000018000d8e0 f   sfc_mex:sfc_mex.obj
 0001:0000c8f0       sf_mex_createcellarray     000000018000d8f0 f   sfc_mex:sfc_mex.obj
 0001:0000c900       sf_mex_setcell             000000018000d900 f   sfc_mex:sfc_mex.obj
 0001:0000c910       sf_mex_getcell             000000018000d910 f   sfc_mex:sfc_mex.obj
 0001:0000c920       sf_mex_dup                 000000018000d920 f   sfc_mex:sfc_mex.obj
 0001:0000c940       sf_mex_assign              000000018000d940 f   sfc_mex:sfc_mex.obj
 0001:0000c9c0       sf_mex_destroy             000000018000d9c0 f   sfc_mex:sfc_mex.obj
 0001:0000c9f0       mx_array_has_fi_type       000000018000d9f0 f   sfc_mex:sfc_mex.obj
 0001:0000ca20       sf_mex_convert_from_fi     000000018000da20 f   sfc_mex:sfc_mex.obj
 0001:0000cb50       sf_mex_convert_to_double   000000018000db50 f   sfc_mex:sfc_mex.obj
 0001:0000cc70       sf_mex_import_fi_vs        000000018000dc70 f   sfc_mex:sfc_mex.obj
 0001:0000ce30       sf_matrix_matrix_index_ok  000000018000de30 f   sfc_mex:sfc_mex.obj
 0001:0000cec0       sf_vector_vector_index_ok  000000018000dec0 f   sfc_mex:sfc_mex.obj
 0001:0000cef0       ssGetCurrentInputPortDimensions_wrapper 000000018000def0 f   sfc_mex:sfc_mex.obj
 0001:0000cf10       ssGetCurrentOutputPortDimensions_wrapper 000000018000df10 f   sfc_mex:sfc_mex.obj
 0001:0000cf30       sf_mex_emlrt_context_is_debug_mode 000000018000df30 f   sfc_mex:sfc_mex.obj
 0001:0000cf40       sf_mex_emlrt_context_set_debug_mode 000000018000df40 f   sfc_mex:sfc_mex.obj
 0001:0000cf50       sf_mex_emlrtNameCapturePostProcessR2012a 000000018000df50 f   sfc_mex:sfc_mex.obj
 0001:0000cfc0       sf_clear_error_manager_info 000000018000dfc0 f   sfc_mex:sfc_mex.obj
 0001:0000d020       sf_mex_stop_simulation_abruptly_wo_error 000000018000e020 f   sfc_mex:sfc_mex.obj
 0001:0000d060       sf_mex_error_message       000000018000e060 f   sfc_mex:sfc_mex.obj
 0001:0000d0c0       sf_react_to_error_in_matlab_call 000000018000e0c0 f   sfc_mex:sfc_mex.obj
 0001:0000d0f0       sf_mex_addfield            000000018000e0f0 f   sfc_mex:sfc_mex.obj
 0001:0000d190       sf_mex_getfield            000000018000e190 f   sfc_mex:sfc_mex.obj
 0001:0000d490       sf_mex_check_class         000000018000e490 f   sfc_mex:sfc_mex.obj
 0001:0000d530       sf_mex_is_real             000000018000e530 f   sfc_mex:sfc_mex.obj
 0001:0000d9a0       sf_mex_decode_encoded_mx_struct_array 000000018000e9a0 f   sfc_mex:sfc_mex.obj
 0001:0000dc80       sf_mex_lw_bounds_check     000000018000ec80 f   sfc_mex:sfc_mex.obj
 0001:0000dcb0       sf_mex_lw_size_eq_check_1d 000000018000ecb0 f   sfc_mex:sfc_mex.obj
 0001:0000dcd0       sf_mex_lw_size_eq_check_nd 000000018000ecd0 f   sfc_mex:sfc_mex.obj
 0001:0000deb0       sf_mex_lw_dim_size_eq_check 000000018000eeb0 f   sfc_mex:sfc_mex.obj
 0001:0000dee0       sf_mex_lw_dim_size_geq_check 000000018000eee0 f   sfc_mex:sfc_mex.obj
 0001:0000df10       sf_mex_lw_sub_assign_size_check_nd 000000018000ef10 f   sfc_mex:sfc_mex.obj
 0001:0000e140       sf_mex_lw_runtime_error_msgid 000000018000f140 f   sfc_mex:sfc_mex.obj
 0001:0000e230       sf_mex_lw_matrix_matrix_index_check 000000018000f230 f   sfc_mex:sfc_mex.obj
 0001:0000e250       sf_mex_lw_vector_vector_index_check 000000018000f250 f   sfc_mex:sfc_mex.obj
 0001:0000e290       sf_mex_lw_for_loop_vector_check 000000018000f290 f   sfc_mex:sfc_mex.obj
 0001:0000e320       sf_mex_lw_non_negative_check 000000018000f320 f   sfc_mex:sfc_mex.obj
 0001:0000e360       sf_mex_overflow_error      000000018000f360 f   sfc_mex:sfc_mex.obj
 0001:0000e370       sf_mex_dividebyzero_error  000000018000f370 f   sfc_mex:sfc_mex.obj
 0001:0000e380       sf_mex_unsafe_enum_error   000000018000f380 f   sfc_mex:sfc_mex.obj
 0001:0000e390       sf_emlrtErrHandler         000000018000f390 f   sfc_mex:sfc_mex.obj
 0001:0000e470       sf_mex_size_one_check      000000018000f470 f   sfc_mex:sfc_mex.obj
 0001:0000e490       sf_mex_printf              000000018000f490 f   sfc_mex:sfc_mex.obj
 0001:0000e660       sf_mex_check_size          000000018000f660 f   sfc_mex:sfc_mex.obj
 0001:0000e930       sf_mex_check_struct        000000018000f930 f   sfc_mex:sfc_mex.obj
 0001:0000eb90       sf_mex_check_struct_vs     000000018000fb90 f   sfc_mex:sfc_mex.obj
 0001:0000ec20       sf_mex_check_fi            000000018000fc20 f   sfc_mex:sfc_mex.obj
 0001:0000ed20       sf_mex_check_fi_vs         000000018000fd20 f   sfc_mex:sfc_mex.obj
 0001:0000edc0       sf_echo_expression         000000018000fdc0 f   sfc_mex:sfc_mex.obj
 0001:0000ee20       sf_assertion_failed        000000018000fe20 f   sfc_mex:sfc_mex.obj
 0001:0000f100       sf_mex_evalin              0000000180010100 f   sfc_mex:sfc_mex.obj
 0001:0000f370       sf_mex_export              0000000180010370 f   sfc_mex:sfc_mex.obj
 0001:0000f430       sf_mex_get_ml_var_no_error 0000000180010430 f   sfc_mex:sfc_mex.obj
 0001:0000f5d0       sf_mex_get_ml_var          00000001800105d0 f   sfc_mex:sfc_mex.obj
 0001:0000fa70       ml_set_element_value_in_array 0000000180010a70 f   sfc_mex:sfc_mex.obj
 0001:00011140       sf_mex_call_impl           0000000180012140 f   sfc_mex:sfc_mex.obj
 0001:00011670       sf_mex_call_debug          0000000180012670 f   sfc_mex:sfc_mex.obj
 0001:000116a0       sf_mex_call                00000001800126a0 f   sfc_mex:sfc_mex.obj
 0001:00011cf0       sf_mex_createstruct        0000000180012cf0 f   sfc_mex:sfc_mex.obj
 0001:00011de0       sf_mex_createstructarray   0000000180012de0 f   sfc_mex:sfc_mex.obj
 0001:00011e60       sf_mex_get_mx_datatype_from_sf_datatype 0000000180012e60 f   sfc_mex:sfc_mex.obj
 0001:00012170       sf_mex_ml_var_sub          0000000180013170 f   sfc_mex:sfc_mex.obj
 0001:00012340       sf_mex_ml_var_subsasgn     0000000180013340 f   sfc_mex:sfc_mex.obj
 0001:00012730       sf_mex_sub                 0000000180013730 f   sfc_mex:sfc_mex.obj
 0001:00012930       sf_mex_subsasgn            0000000180013930 f   sfc_mex:sfc_mex.obj
 0001:00012e10       sf_mex_create              0000000180013e10 f   sfc_mex:sfc_mex.obj
 0001:00013860       sf_mex_import_named        0000000180014860 f   sfc_mex:sfc_mex.obj
 0001:000138c0       sf_mex_import              00000001800148c0 f   sfc_mex:sfc_mex.obj
 0001:00013910       sf_mex_import_vs           0000000180014910 f   sfc_mex:sfc_mex.obj
 0001:00013a20       sf_mex_lower_fixpt_mx_array 0000000180014a20 f   sfc_mex:sfc_mex.obj
 0001:00013d10       sf_send_message_wrapper    0000000180014d10 f   sfc_mex:sfc_sf.obj
 0001:00013d40       sf_receive_message_wrapper 0000000180014d40 f   sfc_mex:sfc_sf.obj
 0001:00013d80       sf_check_out_message_wrapper 0000000180014d80 f   sfc_mex:sfc_sf.obj
 0001:00013dc0       sf_check_in_message_wrapper 0000000180014dc0 f   sfc_mex:sfc_sf.obj
 0001:00013e00       sf_no_message_wrapper      0000000180014e00 f   sfc_mex:sfc_sf.obj
 0001:00014190       sim_mode_is_rtw_gen        0000000180015190 f   sfc_mex:sfc_sf.obj
 0001:000141c0       sim_mode_is_external       00000001800151c0 f   sfc_mex:sfc_sf.obj
 0001:000141d0       sim_mode_is_modelref_sim   00000001800151d0 f   sfc_mex:sfc_sf.obj
 0001:000141f0       mdlInitializeSizes         00000001800151f0 f   sfc_mex:sfc_sf.obj
 0001:00014210       mdlInitializeSampleTimes   0000000180015210 f   sfc_mex:sfc_sf.obj
 0001:00014250       mdlZeroCrossings           0000000180015250 f   sfc_mex:sfc_sf.obj
 0001:00014330       mdlDerivatives             0000000180015330 f   sfc_mex:sfc_sf.obj
 0001:000143e0       mdl_initialize_conditions_processing 00000001800153e0 f   sfc_mex:sfc_sf.obj
 0001:00014410       mdlInitializeConditions    0000000180015410 f   sfc_mex:sfc_sf.obj
 0001:000144d0       mdlGetSimState             00000001800154d0 f   sfc_mex:sfc_sf.obj
 0001:000144e0       mdlSetSimState             00000001800154e0 f   sfc_mex:sfc_sf.obj
 0001:000144f0       mdl_ext_mode_exec_processing 00000001800154f0 f   sfc_mex:sfc_sf.obj
 0001:00014510       mdlExtModeExec             0000000180015510 f   sfc_mex:sfc_sf.obj
 0001:000146a0       mdlTerminate               00000001800156a0 f   sfc_mex:sfc_sf.obj
 0001:00014710       mdlRTW                     0000000180015710 f   sfc_mex:sfc_sf.obj
 0001:00014740       mdlSetWorkWidths           0000000180015740 f   sfc_mex:sfc_sf.obj
 0001:00014750       mdlProcessParameters       0000000180015750 f   sfc_mex:sfc_sf.obj
 0001:00014760       mdl_start_processing       0000000180015760 f   sfc_mex:sfc_sf.obj
 0001:000147c0       mdlStart                   00000001800157c0 f   sfc_mex:sfc_sf.obj
 0001:000148d0       mdlEnable                  00000001800158d0 f   sfc_mex:sfc_sf.obj
 0001:000149a0       mdlDisable                 00000001800159a0 f   sfc_mex:sfc_sf.obj
 0001:00014a50       sf_get_chart_instance_ptr  0000000180015a50 f   sfc_mex:sfc_sf.obj
 0001:00014a70       sf_load_rtw_optimization_info 0000000180015a70 f   sfc_mex:sfc_sf.obj
 0001:00014b40       sf_rtw_info_uint_prop      0000000180015b40 f   sfc_mex:sfc_sf.obj
 0001:00014c80       sf_is_chart_inlinable      0000000180015c80 f   sfc_mex:sfc_sf.obj
 0001:00014ca0       sf_mark_output_events_with_multiple_callers 0000000180015ca0 f   sfc_mex:sfc_sf.obj
 0001:00014e30       sf_mark_chart_reusable_outputs 0000000180015e30 f   sfc_mex:sfc_sf.obj
 0001:00015090       sf_mark_chart_expressionable_inputs 0000000180016090 f   sfc_mex:sfc_sf.obj
 0001:000152f0       sf_get_subchart_simstruct  00000001800162f0 f   sfc_mex:sfc_sf.obj
 0001:00015340       sf_get_fixpt_data_type_id  0000000180016340 f   sfc_mex:sfc_sf.obj
 0001:00015380       sf_get_enum_data_type_id   0000000180016380 f   sfc_mex:sfc_sf.obj
 0001:000153c0       sf_get_param_data_type_id  00000001800163c0 f   sfc_mex:sfc_sf.obj
 0001:000153f0       sf_mex_listen_for_ctrl_c_force 00000001800163f0 f   sfc_mex:sfc_sf.obj
 0001:00015500       sf_mex_draw_now            0000000180016500 f   sfc_mex:sfc_sf.obj
 0001:00015540       sf_mex_set_debugger_sim_status_listener_fcn 0000000180016540 f   sfc_mex:sfc_sf.obj
 0001:00015550       sf_mex_listen_for_ctrl_c   0000000180016550 f   sfc_mex:sfc_sf.obj
 0001:000155e0       sf_mex_get_sfun_param      00000001800165e0 f   sfc_mex:sfc_sf.obj
 0001:00015630       sf_get_runtime_param_data  0000000180016630 f   sfc_mex:sfc_sf.obj
 0001:00015670       sf_call_output_fcn_call    0000000180016670 f   sfc_mex:sfc_sf.obj
 0001:000157b0       sf_call_output_fcn_enable  00000001800167b0 f   sfc_mex:sfc_sf.obj
 0001:00015840       sf_call_output_fcn_disable 0000000180016840 f   sfc_mex:sfc_sf.obj
 0001:000158d0       sf_clear_rtw_identifier    00000001800168d0 f   sfc_mex:sfc_sf.obj
 0001:000160c0       sf_set_encoded_dwork_info  00000001800170c0 f   sfc_mex:sfc_sf.obj
 0001:00016110       sf_get_dwork_info_from_mat_file 0000000180017110 f   sfc_mex:sfc_sf.obj
 0001:000162d0       sf_set_rtw_dwork_info      00000001800172d0 f   sfc_mex:sfc_sf.obj
 0001:00016440       mdlOutputs                 0000000180017440 f   sfc_mex:sfc_sf.obj
 0001:000165e0       sf_debug_disp              00000001800175e0 f   sfc_debug:sfcdebug.obj
 0001:00016840       sf_debug_data_runtime_size_mismatch_error_check 0000000180017840 f   sfc_debug:sfcdebug.obj
 0001:000168e0       sf_debug_try_loading_machine 00000001800178e0 f   sfc_debug:sfcdebug.obj
 0001:000169e0       sf_debug_reset_current_state_configuration 00000001800179e0 f   sfc_debug:sfcdebug.obj
 0001:00016a70       sf_debug_store_current_state_configuration 0000000180017a70 f   sfc_debug:sfcdebug.obj
 0001:00016b00       sf_debug_restore_previous_state_configuration 0000000180017b00 f   sfc_debug:sfcdebug.obj
 0001:00016b90       sf_debug_restore_previous_state_configuration2 0000000180017b90 f   sfc_debug:sfcdebug.obj
 0001:00016c20       sf_debug_get_event_scope   0000000180017c20 f   sfc_debug:sfcdebug.obj
 0001:00016d90       use_debugger_step_animation 0000000180017d90 f   sfc_debug:sfcdebug.obj
 0001:00016db0       sf_debug_get_script_id     0000000180017db0 f   sfc_debug:sfcdebug.obj
 0001:00016e40       sf_debug_set_script_translation 0000000180017e40 f   sfc_debug:sfcdebug.obj
 0001:00016fc0       sf_debug_extract_message_post_receive_info 0000000180017fc0 f   sfc_debug:sfcdebug.obj
 0001:000170c0       sf_debug_get_current_machine_id 00000001800180c0 f   sfc_debug:sfcdebug.obj
 0001:000170e0       sf_debug_get_current_optional_integer 00000001800180e0 f   sfc_debug:sfcdebug.obj
 0001:000170f0       sf_debug_get_current_machine_number 00000001800180f0 f   sfc_debug:sfcdebug.obj
 0001:00017110       sf_debug_get_current_machine_name 0000000180018110 f   sfc_debug:sfcdebug.obj
 0001:00017130       sf_debug_get_current_chart_id 0000000180018130 f   sfc_debug:sfcdebug.obj
 0001:00017180       sf_debug_get_current_chart_number 0000000180018180 f   sfc_debug:sfcdebug.obj
 0001:00017190       sf_debug_get_current_instance_number 0000000180018190 f   sfc_debug:sfcdebug.obj
 0001:000171a0       sf_debug_get_current_is_minor_time_step 00000001800181a0 f   sfc_debug:sfcdebug.obj
 0001:00017220       sf_debug_get_current_object_type 0000000180018220 f   sfc_debug:sfcdebug.obj
 0001:00017230       sf_debug_get_current_instance_handle 0000000180018230 f   sfc_debug:sfcdebug.obj
 0001:00017290       sf_debug_get_current_event_type 0000000180018290 f   sfc_debug:sfcdebug.obj
 0001:000172a0       sf_debug_get_current_object_id 00000001800182a0 f   sfc_debug:sfcdebug.obj
 0001:000172e0       sf_debug_get_current_active_event_type 00000001800182e0 f   sfc_debug:sfcdebug.obj
 0001:000172f0       sf_debug_get_current_active_event_id 00000001800182f0 f   sfc_debug:sfcdebug.obj
 0001:00017330       sf_debug_get_current_tag_type 0000000180018330 f   sfc_debug:sfcdebug.obj
 0001:00017340       sf_debug_get_current_simulation_time 0000000180018340 f   sfc_debug:sfcdebug.obj
 0001:00017350       sf_debug_get_current_coverage_percentage 0000000180018350 f   sfc_debug:sfcdebug.obj
 0001:00017360       sf_debug_current_statement_context 0000000180018360 f   sfc_debug:sfcdebug.obj
 0001:000173f0       sf_debug_get_current_statement_info 00000001800183f0 f   sfc_debug:sfcdebug.obj
 0001:00017570       sf_debug_terminate_instance 0000000180018570 f   sfc_debug:sfcdebug.obj
 0001:000178b0       sf_debug_assertion_failed  00000001800188b0 f   sfc_debug:sfcdebug.obj
 0001:00017b10       sf_debug_set_number_of_data_with_change_event_for_machine 0000000180018b10 f   sfc_debug:sfcdebug.obj
 0001:00017b50       sf_debug_set_machine_event_thresholds 0000000180018b50 f   sfc_debug:sfcdebug.obj
 0001:00017b70       sf_debug_set_machine_event_scope 0000000180018b70 f   sfc_debug:sfcdebug.obj
 0001:00017bb0       sf_debug_set_machine_data_thresholds 0000000180018bb0 f   sfc_debug:sfcdebug.obj
 0001:00017bf0       sf_debug_set_machine_data_scope 0000000180018bf0 f   sfc_debug:sfcdebug.obj
 0001:00017c80       sf_debug_set_machine_data_name 0000000180018c80 f   sfc_debug:sfcdebug.obj
 0001:00017d20       sf_debug_set_machine_data_size 0000000180018d20 f   sfc_debug:sfcdebug.obj
 0001:00017e60       sf_debug_set_machine_data_type 0000000180018e60 f   sfc_debug:sfcdebug.obj
 0001:00017fd0       sf_debug_get_chart_data_number 0000000180018fd0 f   sfc_debug:sfcdebug.obj
 0001:00017ff0       sf_debug_get_chart_event_number 0000000180018ff0 f   sfc_debug:sfcdebug.obj
 0001:00018010       sf_debug_set_chart_state_info 0000000180019010 f   sfc_debug:sfcdebug.obj
 0001:00018090       sf_debug_set_chart_decomposition 0000000180019090 f   sfc_debug:sfcdebug.obj
 0001:00018100       sf_debug_set_chart_substate_count 0000000180019100 f   sfc_debug:sfcdebug.obj
 0001:000181e0       sf_debug_set_chart_substate_index 00000001800191e0 f   sfc_debug:sfcdebug.obj
 0001:00018250       sf_debug_set_chart_state_substate_count 0000000180019250 f   sfc_debug:sfcdebug.obj
 0001:00018360       sf_debug_set_chart_state_substate_index 0000000180019360 f   sfc_debug:sfcdebug.obj
 0001:000183e0       sf_debug_set_number_of_data_with_change_event_for_chart 00000001800193e0 f   sfc_debug:sfcdebug.obj
 0001:00018460       sf_debug_set_number_of_states_with_entry_event_for_chart 0000000180019460 f   sfc_debug:sfcdebug.obj
 0001:000184d0       sf_debug_set_number_of_states_with_exit_event_for_chart 00000001800194d0 f   sfc_debug:sfcdebug.obj
 0001:00018540       sf_debug_set_chart_disable_implicit_casting 0000000180019540 f   sfc_debug:sfcdebug.obj
 0001:000185b0       sf_debug_set_chart_event_thresholds 00000001800195b0 f   sfc_debug:sfcdebug.obj
 0001:00018620       sf_debug_set_chart_data_compiled_props 0000000180019620 f   sfc_debug:sfcdebug.obj
 0001:00018970       sf_debug_set_chart_data_props 0000000180019970 f   sfc_debug:sfcdebug.obj
 0001:00018c90       sf_debug_check_fi_license  0000000180019c90 f   sfc_debug:sfcdebug.obj
 0001:00018e80       sf_debug_symbol_scope_push 0000000180019e80 f   sfc_debug:sfcdebug.obj
 0001:00018ec0       sf_debug_symbol_scope_push_eml 0000000180019ec0 f   sfc_debug:sfcdebug.obj
 0001:00018f10       sf_debug_symbol_scope_pop  0000000180019f10 f   sfc_debug:sfcdebug.obj
 0001:00018f50       sf_debug_symbol_scope_add_importable 0000000180019f50 f   sfc_debug:sfcdebug.obj
 0001:00018fd0       sf_debug_symbol_scope_add  0000000180019fd0 f   sfc_debug:sfcdebug.obj
 0001:00019050       sf_debug_symbol_scope_add_dyn_importable 000000018001a050 f   sfc_debug:sfcdebug.obj
 0001:00019110       sf_debug_symbol_scope_add_dyn 000000018001a110 f   sfc_debug:sfcdebug.obj
 0001:00019140       sf_debug_symbol_scope_add_eml_importable 000000018001a140 f   sfc_debug:sfcdebug.obj
 0001:00019180       sf_debug_symbol_scope_add_eml 000000018001a180 f   sfc_debug:sfcdebug.obj
 0001:000191c0       sf_debug_symbol_scope_add_eml_dyn_importable 000000018001a1c0 f   sfc_debug:sfcdebug.obj
 0001:00019230       sf_debug_symbol_scope_add_eml_dyn 000000018001a230 f   sfc_debug:sfcdebug.obj
 0001:00019290       sf_debug_symbol_switch     000000018001a290 f   sfc_debug:sfcdebug.obj
 0001:000192b0       sf_debug_symbol_scope_add_verbose 000000018001a2b0 f   sfc_debug:sfcdebug.obj
 0001:00019380       sf_debug_set_machine_data_value_ptr 000000018001a380 f   sfc_debug:sfcdebug.obj
 0001:000193c0       sf_debug_set_instance_data_value_ptr 000000018001a3c0 f   sfc_debug:sfcdebug.obj
 0001:00019480       sf_debug_unset_instance_data_value_ptr 000000018001a480 f   sfc_debug:sfcdebug.obj
 0001:00019530       sf_debug_set_chart_event_scope 000000018001a530 f   sfc_debug:sfcdebug.obj
 0001:000195b0       sf_debug_set_chart_transition_coverage_maps 000000018001a5b0 f   sfc_debug:sfcdebug.obj
 0001:000196c0       sf_debug_set_chart_state_coverage_maps 000000018001a6c0 f   sfc_debug:sfcdebug.obj
 0001:000197a0       sf_debug_set_instance_transition_coverage_weights 000000018001a7a0 f   sfc_debug:sfcdebug.obj
 0001:00019840       sf_debug_set_instance_state_coverage_weights 000000018001a840 f   sfc_debug:sfcdebug.obj
 0001:00019a90       sf_debug_unload_machine    000000018001aa90 f   sfc_debug:sfcdebug.obj
 0001:00019ae0       sf_debug_load_machine      000000018001aae0 f   sfc_debug:sfcdebug.obj
 0001:00019be0       sf_debug_set_active_instance_in_data_dictionary 000000018001abe0 f   sfc_debug:sfcdebug.obj
 0001:00019dc0       sf_debug_set_active_instance 000000018001adc0 f   sfc_debug:sfcdebug.obj
 0001:00019f20       sf_debug_chart_visiblity_change 000000018001af20 f   sfc_debug:sfcdebug.obj
 0001:0001a020       sf_debug_select_chart      000000018001b020 f   sfc_debug:sfcdebug.obj
 0001:0001a190       sf_debug_set_instance_cv_ids 000000018001b190 f   sfc_debug:sfcdebug.obj
 0001:0001a4a0       sf_debug_select_charts     000000018001b4a0 f   sfc_debug:sfcdebug.obj
 0001:0001a630       sf_debug_initialized       000000018001b630 f   sfc_debug:sfcdebug.obj
 0001:0001a640       sf_debug_is_uninterruptible 000000018001b640 f   sfc_debug:sfcdebug.obj
 0001:0001a670       sf_debug_initialize_debugger_gui 000000018001b670 f   sfc_debug:sfcdebug.obj
 0001:0001aa60       sf_debug_resume            000000018001ba60 f   sfc_debug:sfcdebug.obj
 0001:0001aa80       sf_debug_go                000000018001ba80 f   sfc_debug:sfcdebug.obj
 0001:0001aa90       sf_debug_break             000000018001ba90 f   sfc_debug:sfcdebug.obj
 0001:0001aaa0       sf_debug_step_over         000000018001baa0 f   sfc_debug:sfcdebug.obj
 0001:0001aab0       sf_debug_step_out          000000018001bab0 f   sfc_debug:sfcdebug.obj
 0001:0001aac0       sf_debug_set_disable_all_breakpoints 000000018001bac0 f   sfc_debug:sfcdebug.obj
 0001:0001aad0       sf_debug_disable_all_breakpoints_and_go 000000018001bad0 f   sfc_debug:sfcdebug.obj
 0001:0001aae0       sf_debug_break_on_chart_entry 000000018001bae0 f   sfc_debug:sfcdebug.obj
 0001:0001aaf0       sf_debug_break_on_event_broadcast 000000018001baf0 f   sfc_debug:sfcdebug.obj
 0001:0001ab00       sf_debug_break_on_state_entry 000000018001bb00 f   sfc_debug:sfcdebug.obj
 0001:0001ab10       sf_debug_break_between_times 000000018001bb10 f   sfc_debug:sfcdebug.obj
 0001:0001ab30       sf_debug_browse_data       000000018001bb30 f   sfc_debug:sfcdebug.obj
 0001:0001ab50       sf_debug_watch_data        000000018001bb50 f   sfc_debug:sfcdebug.obj
 0001:0001ab70       sf_debug_assign_data       000000018001bb70 f   sfc_debug:sfcdebug.obj
 0001:0001ab90       sf_debug_whos              000000018001bb90 f   sfc_debug:sfcdebug.obj
 0001:0001abb0       sf_debug_get_consistency_info 000000018001bbb0 f   sfc_debug:sfcdebug.obj
 0001:0001abc0       sf_debug_browse_trace      000000018001bbc0 f   sfc_debug:sfcdebug.obj
 0001:0001abd0       sf_debug_set_breakpoints   000000018001bbd0 f   sfc_debug:sfcdebug.obj
 0001:0001ad30       sf_debug_set_eml_breakpoints 000000018001bd30 f   sfc_debug:sfcdebug.obj
 0001:0001ae90       sf_debug_set_script_breakpoints 000000018001be90 f   sfc_debug:sfcdebug.obj
 0001:0001af10       sf_debug_add_script_breakpoints 000000018001bf10 f   sfc_debug:sfcdebug.obj
 0001:0001af80       sf_debug_clear_script_breakpoints 000000018001bf80 f   sfc_debug:sfcdebug.obj
 0001:0001aff0       sf_debug_query_script_breakpoints 000000018001bff0 f   sfc_debug:sfcdebug.obj
 0001:0001b0b0       sf_debug_get_eml_script_id 000000018001c0b0 f   sfc_debug:sfcdebug.obj
 0001:0001b100       sf_debug_set_watch         000000018001c100 f   sfc_debug:sfcdebug.obj
 0001:0001b330       sf_debug_get_instance_handle 000000018001c330 f   sfc_debug:sfcdebug.obj
 0001:0001b3c0       sf_debug_get_active_states 000000018001c3c0 f   sfc_debug:sfcdebug.obj
 0001:0001b3d0       sf_debug_get_animation     000000018001c3d0 f   sfc_debug:sfcdebug.obj
 0001:0001b3e0       sf_debug_set_animation     000000018001c3e0 f   sfc_debug:sfcdebug.obj
 0001:0001b3f0       sf_debug_animate           000000018001c3f0 f   sfc_debug:sfcdebug.obj
 0001:0001b420       sf_debug_cycle_detection_check 000000018001c420 f   sfc_debug:sfcdebug.obj
 0001:0001b430       sf_debug_data_range_check  000000018001c430 f   sfc_debug:sfcdebug.obj
 0001:0001b440       sf_debug_transition_conflict_check 000000018001c440 f   sfc_debug:sfcdebug.obj
 0001:0001b450       sf_debug_state_consistency_check 000000018001c450 f   sfc_debug:sfcdebug.obj
 0001:0001b460       sf_debug_data_range_check_enabled 000000018001c460 f   sfc_debug:sfcdebug.obj
 0001:0001b480       sf_debug_transition_conflict_check_enabled 000000018001c480 f   sfc_debug:sfcdebug.obj
 0001:0001b4a0       sf_debug_transition_conflict_check_begin 000000018001c4a0 f   sfc_debug:sfcdebug.obj
 0001:0001b4c0       sf_debug_transition_conflict_check_end 000000018001c4c0 f   sfc_debug:sfcdebug.obj
 0001:0001b4e0       sf_debug_stop_debugging    000000018001c4e0 f   sfc_debug:sfcdebug.obj
 0001:0001b510       sf_debug_is_cycle_detected 000000018001c510 f   sfc_debug:sfcdebug.obj
 0001:0001b520       sf_debug_is_array_bounds_detected 000000018001c520 f   sfc_debug:sfcdebug.obj
 0001:0001b530       sf_debug_get_state_vectors_data_size 000000018001c530 f   sfc_debug:sfcdebug.obj
 0001:0001b570       sf_debug_get_state_vectors_data 000000018001c570 f   sfc_debug:sfcdebug.obj
 0001:0001b670       sf_debug_set_state_vectors_data 000000018001c670 f   sfc_debug:sfcdebug.obj
 0001:0001b930       sf_debug_get_script_index  000000018001c930 f   sfc_debug:sfcdebug.obj
 0001:0001bac0       sf_debug_add_script        000000018001cac0 f   sfc_debug:sfcdebug.obj
 0001:0001bc50       cv_eval_point              000000018001cc50 f   sfc_debug:sfcdebug.obj
 0001:0001bdc0       cv_eval_testobjective      000000018001cdc0 f   sfc_debug:sfcdebug.obj
 0001:0001bee0       sf_debug_cv_init_state     000000018001cee0 f   sfc_debug:sfcdebug.obj
 0001:0001c000       sf_debug_cv_init_chart     000000018001d000 f   sfc_debug:sfcdebug.obj
 0001:0001c0e0       sf_debug_cv_init_trans     000000018001d0e0 f   sfc_debug:sfcdebug.obj
 0001:0001c1e0       sf_debug_cv_init_testobjectives 000000018001d1e0 f   sfc_debug:sfcdebug.obj
 0001:0001c3c0       cv_eml_init_script         000000018001d3c0 f   sfc_debug:sfcdebug.obj
 0001:0001c4d0       cv_eml_init_fcn            000000018001d4d0 f   sfc_debug:sfcdebug.obj
 0001:0001c580       cv_eml_init_testobjective  000000018001d580 f   sfc_debug:sfcdebug.obj
 0001:0001c650       cv_eml_init_saturation     000000018001d650 f   sfc_debug:sfcdebug.obj
 0001:0001c710       cv_eml_init_if             000000018001d710 f   sfc_debug:sfcdebug.obj
 0001:0001c7e0       cv_eml_init_for            000000018001d7e0 f   sfc_debug:sfcdebug.obj
 0001:0001c8a0       cv_eml_init_while          000000018001d8a0 f   sfc_debug:sfcdebug.obj
 0001:0001c960       cv_eml_init_mcdc           000000018001d960 f   sfc_debug:sfcdebug.obj
 0001:0001ca70       cv_eml_init_switch         000000018001da70 f   sfc_debug:sfcdebug.obj
 0001:0001cb60       cv_eml_eval                000000018001db60 f   sfc_debug:sfcdebug.obj
 0001:0001cc40       sf_debug_bm_is_a_eml_breakpoint 000000018001dc40 f   sfc_debug:sfcdebug.obj
 0001:0001cd90       sf_debug_temporal_threshold 000000018001dd90 f   sfc_debug:sfcdebug.obj
 0001:0001d0f0       sf_debug_transition_conflict_error 000000018001e0f0 f   sfc_debug:sfcdebug.obj
 0001:0001d470       sf_debug_state_inconsistency_error 000000018001e470 f   sfc_debug:sfcdebug.obj
 0001:0001d590       sf_debug_check_for_state_inconsistency 000000018001e590 f   sfc_debug:sfcdebug.obj
 0001:0001d5c0       sf_debug_cycle_detecton_error 000000018001e5c0 f   sfc_debug:sfcdebug.obj
 0001:0001dd90       sf_debug_size_eq_check_1d  000000018001ed90 f   sfc_debug:sfcdebug.obj
 0001:0001ddb0       sf_debug_size_eq_check_nd  000000018001edb0 f   sfc_debug:sfcdebug.obj
 0001:0001df90       sf_debug_dim_size_eq_check 000000018001ef90 f   sfc_debug:sfcdebug.obj
 0001:0001dfc0       sf_debug_dim_size_geq_check 000000018001efc0 f   sfc_debug:sfcdebug.obj
 0001:0001dff0       sf_debug_sub_assign_size_check_nd 000000018001eff0 f   sfc_debug:sfcdebug.obj
 0001:0001e230       sf_debug_matrix_matrix_index_check 000000018001f230 f   sfc_debug:sfcdebug.obj
 0001:0001e260       sf_debug_vector_vector_index_check 000000018001f260 f   sfc_debug:sfcdebug.obj
 0001:0001e290       sf_debug_for_loop_vector_check 000000018001f290 f   sfc_debug:sfcdebug.obj
 0001:0001e320       sf_debug_runtime_error_msgid 000000018001f320 f   sfc_debug:sfcdebug.obj
 0001:0001e3b0       sf_debug_data_array_bounds_error_check 000000018001f3b0 f   sfc_debug:sfcdebug.obj
 0001:0001e4c0       sf_debug_eml_data_array_bounds_error_check 000000018001f4c0 f   sfc_debug:sfcdebug.obj
 0001:0001e9a0       sf_debug_integer_check     000000018001f9a0 f   sfc_debug:sfcdebug.obj
 0001:0001ea80       sf_debug_not_nan_check     000000018001fa80 f   sfc_debug:sfcdebug.obj
 0001:0001eb40       sf_debug_non_negative_check 000000018001fb40 f   sfc_debug:sfcdebug.obj
 0001:0001ec00       sf_debug_overflow_detection 000000018001fc00 f   sfc_debug:sfcdebug.obj
 0001:0001f2f0       sf_debug_cast_to_real32_T  00000001800202f0 f   sfc_debug:sfcdebug.obj
 0001:0001f3b0       sf_debug_cast_to_int8_T    00000001800203b0 f   sfc_debug:sfcdebug.obj
 0001:0001f470       sf_debug_cast_to_uint8_T   0000000180020470 f   sfc_debug:sfcdebug.obj
 0001:0001f530       sf_debug_cast_to_int16_T   0000000180020530 f   sfc_debug:sfcdebug.obj
 0001:0001f5f0       sf_debug_cast_to_uint16_T  00000001800205f0 f   sfc_debug:sfcdebug.obj
 0001:0001f6b0       sf_debug_cast_to_int32_T   00000001800206b0 f   sfc_debug:sfcdebug.obj
 0001:0001f770       sf_debug_cast_to_uint32_T  0000000180020770 f   sfc_debug:sfcdebug.obj
 0001:0001f830       sf_debug_data_range_error  0000000180020830 f   sfc_debug:sfcdebug.obj
 0001:0001fb80       sf_debug_read_before_write_check 0000000180020b80 f   sfc_debug:sfcdebug.obj
 0001:0001ffe0       sf_debug_data_range_error_wrapper_min_max 0000000180020fe0 f   sfc_debug:sfcdebug.obj
 0001:000200d0       sf_debug_data_range_error_wrapper_min 00000001800210d0 f   sfc_debug:sfcdebug.obj
 0001:000201b0       sf_debug_data_range_error_wrapper_max 00000001800211b0 f   sfc_debug:sfcdebug.obj
 0001:00020290       sf_debug_data_range_wrapper 0000000180021290 f   sfc_debug:sfcdebug.obj
 0001:00020340       sf_debug_set_current_status_info 0000000180021340 f   sfc_debug:sfcdebug.obj
 0001:000206f0       sf_debug_register_message_post_receive_info 00000001800216f0 f   sfc_debug:sfcdebug.obj
 0001:00020960       sf_debug_call              0000000180021960 f   sfc_debug:sfcdebug.obj
 0001:000215c0       sf_debug_initialize_machine 00000001800225c0 f   sfc_debug:sfcdebug.obj
 0001:000218d0       sf_debug_initialize_chart  00000001800228d0 f   sfc_debug:sfcdebug.obj
 0001:00021d20       sf_debug_ensure_script     0000000180022d20 f   sfc_debug:sfcdebug.obj
 0001:00021de0       cv_script_init_script      0000000180022de0 f   sfc_debug:sfcdebug.obj
 0001:00021ed0       cv_script_init_fcn         0000000180022ed0 f   sfc_debug:sfcdebug.obj
 0001:00021f80       cv_script_init_testobjective 0000000180022f80 f   sfc_debug:sfcdebug.obj
 0001:00022030       cv_script_init_if          0000000180023030 f   sfc_debug:sfcdebug.obj
 0001:000220e0       cv_script_init_for         00000001800230e0 f   sfc_debug:sfcdebug.obj
 0001:00022190       cv_script_init_while       0000000180023190 f   sfc_debug:sfcdebug.obj
 0001:00022240       cv_script_init_mcdc        0000000180023240 f   sfc_debug:sfcdebug.obj
 0001:00022340       cv_script_init_switch      0000000180023340 f   sfc_debug:sfcdebug.obj
 0001:00022420       cv_script_eval             0000000180023420 f   sfc_debug:sfcdebug.obj
 0001:00022500       eml_debug_line_call        0000000180023500 f   sfc_debug:sfcdebug.obj
 0001:000226b0       sf_debug_terminate         00000001800236b0 f   sfc_debug:sfcdebug.obj
 0001:00022820       sf_debug_set_script_cv_ids 0000000180023820 f   sfc_debug:sfcdebug.obj
 0001:00022950       sf_debug_api               0000000180023950 f   sfc_debug:sfc_api.obj
 0001:00024000       sf_debug_sm_terminate      0000000180025000 f   sfc_debug:sfdb_animation.obj
 0001:000241c0       sf_debug_reset_path_objects 00000001800251c0 f   sfc_debug:sfdb_animation.obj
 0001:00024240       sf_debug_sm_reset_object_selection_status 0000000180025240 f   sfc_debug:sfdb_animation.obj
 0001:000242e0       sf_debug_sm_reset_state_buffer 00000001800252e0 f   sfc_debug:sfdb_animation.obj
 0001:000243b0       sf_debug_sm_store_state_buffer 00000001800253b0 f   sfc_debug:sfdb_animation.obj
 0001:00024430       sf_debug_sm_restore_state_buffer1 0000000180025430 f   sfc_debug:sfdb_animation.obj
 0001:000244a0       sf_debug_sm_restore_state_buffer2 00000001800254a0 f   sfc_debug:sfdb_animation.obj
 0001:00024510       sf_debug_sm_chart_active   0000000180025510 f   sfc_debug:sfdb_animation.obj
 0001:00024560       sf_debug_sm_select_active_objects 0000000180025560 f   sfc_debug:sfdb_animation.obj
 0001:00024a50       sf_debug_sm_is_chart_active 0000000180025a50 f   sfc_debug:sfdb_animation.obj
 0001:00024a90       sf_debug_sm_is_state_active 0000000180025a90 f   sfc_debug:sfdb_animation.obj
 0001:00024cd0       sf_debug_sm_get_active_states 0000000180025cd0 f   sfc_debug:sfdb_animation.obj
 0001:00025290       sf_debug_sm_initialize_instance 0000000180026290 f   sfc_debug:sfdb_animation.obj
 0001:000254b0       sf_debug_sm_change_object_selection_status 00000001800264b0 f   sfc_debug:sfdb_animation.obj
 0001:000257c0       cv_create_interface        00000001800267c0 f   sfc_debug:cv_sfinterface.obj
 0001:00025b20       cv_init_trans              0000000180026b20 f   sfc_debug:cv_sfinterface.obj
 0001:00025b70       cv_init_testobjective      0000000180026b70 f   sfc_debug:cv_sfinterface.obj
 0001:00025bb0       cv_init_state              0000000180026bb0 f   sfc_debug:cv_sfinterface.obj
 0001:00025c20       cv_init_chart              0000000180026c20 f   sfc_debug:cv_sfinterface.obj
 0001:00025c70       cv_dec_update_call         0000000180026c70 f   sfc_debug:cv_sfinterface.obj
 0001:00025cb0       cv_cond_update_call        0000000180026cb0 f   sfc_debug:cv_sfinterface.obj
 0001:00025cf0       cv_testobjective_update_call 0000000180026cf0 f   sfc_debug:cv_sfinterface.obj
 0001:00025d30       cv_sigrange_update         0000000180026d30 f   sfc_debug:cv_sfinterface.obj
 0001:00025d70       cvsf_eml_eval              0000000180026d70 f   sfc_debug:cv_sfinterface.obj
 0001:00025e60       cvsf_eml_init_script       0000000180026e60 f   sfc_debug:cv_sfinterface.obj
 0001:00025ef0       cvsf_eml_init_fcn          0000000180026ef0 f   sfc_debug:cv_sfinterface.obj
 0001:00025f50       cvsf_eml_init_testobjective 0000000180026f50 f   sfc_debug:cv_sfinterface.obj
 0001:00025fb0       cvsf_eml_init_saturation   0000000180026fb0 f   sfc_debug:cv_sfinterface.obj
 0001:00026000       cvsf_eml_init_if           0000000180027000 f   sfc_debug:cv_sfinterface.obj
 0001:00026060       cvsf_eml_init_for          0000000180027060 f   sfc_debug:cv_sfinterface.obj
 0001:000260b0       cvsf_eml_init_while        00000001800270b0 f   sfc_debug:cv_sfinterface.obj
 0001:00026100       cvsf_eml_init_mcdc         0000000180027100 f   sfc_debug:cv_sfinterface.obj
 0001:00026190       cvsf_eml_init_switch       0000000180027190 f   sfc_debug:cv_sfinterface.obj
 0001:00026200       cvsf_script_eval           0000000180027200 f   sfc_debug:cv_sfinterface.obj
 0001:000262f0       cvsf_script_init_script    00000001800272f0 f   sfc_debug:cv_sfinterface.obj
 0001:00026380       cvsf_script_init_fcn       0000000180027380 f   sfc_debug:cv_sfinterface.obj
 0001:000263e0       cvsf_script_init_testobjective 00000001800273e0 f   sfc_debug:cv_sfinterface.obj
 0001:00026440       cvsf_script_init_saturation 0000000180027440 f   sfc_debug:cv_sfinterface.obj
 0001:00026490       cvsf_script_init_if        0000000180027490 f   sfc_debug:cv_sfinterface.obj
 0001:000264f0       cvsf_script_init_for       00000001800274f0 f   sfc_debug:cv_sfinterface.obj
 0001:00026540       cvsf_script_init_while     0000000180027540 f   sfc_debug:cv_sfinterface.obj
 0001:00026590       cvsf_script_init_mcdc      0000000180027590 f   sfc_debug:cv_sfinterface.obj
 0001:00026620       cvsf_script_init_switch    0000000180027620 f   sfc_debug:cv_sfinterface.obj
 0001:00026690       cv_destroy_interface       0000000180027690 f   sfc_debug:cv_sfinterface.obj
 0001:000266b0       cv_create_instance_objects 00000001800276b0 f   sfc_debug:cv_sfinterface.obj
 0001:00026b60       cv_is_enabled              0000000180027b60 f   sfc_debug:cv_sfinterface.obj
 0001:00026b70       sf_debug_cv_initialize_script 0000000180027b70 f   sfc_debug:cv_sfinterface.obj
 0001:00026d20       sf_debug_cv_initialize_instance 0000000180027d20 f   sfc_debug:cv_sfinterface.obj
 0001:000270c0       sf_debug_cv_terminate_chart 00000001800280c0 f   sfc_debug:cv_sfinterface.obj
 0001:00027200       cv_call_trans_test         0000000180028200 f   sfc_debug:cv_sfinterface.obj
 0001:00027210       cv_call_sub_cond_test      0000000180028210 f   sfc_debug:cv_sfinterface.obj
 0001:00027250       sf_debug_st_initialize_machine 0000000180028250 f   sfc_debug:sfdb_data_browse.obj
 0001:00027310       sf_debug_st_initialize_instance 0000000180028310 f   sfc_debug:sfdb_data_browse.obj
 0001:00027540       sf_debug_st_terminate      0000000180028540 f   sfc_debug:sfdb_data_browse.obj
 0001:000278e0       sf_debug_st_set_data_value_ptr_in_machine 00000001800288e0 f   sfc_debug:sfdb_data_browse.obj
 0001:00027970       sf_debug_st_set_data_value_ptr_in_instance 0000000180028970 f   sfc_debug:sfdb_data_browse.obj
 0001:00027a50       sf_debug_st_unset_data_value_ptr_in_machine 0000000180028a50 f   sfc_debug:sfdb_data_browse.obj
 0001:00027ac0       sf_debug_st_unset_data_value_ptr_in_instance 0000000180028ac0 f   sfc_debug:sfdb_data_browse.obj
 0001:00027dd0       sf_debug_mx_value          0000000180028dd0 f   sfc_debug:sfdb_data_browse.obj
 0001:00027e30       sf_debug_mx_packed_vector  0000000180028e30 f   sfc_debug:sfdb_data_browse.obj
 0001:00027f10       sf_debug_mx_uint_vector    0000000180028f10 f   sfc_debug:sfdb_data_browse.obj
 0001:00027fd0       sf_debug_st_get_double_value_from_void_ptr_vector 0000000180028fd0 f   sfc_debug:sfdb_data_browse.obj
 0001:00028ac0       sf_debug_st_browse_data    0000000180029ac0 f   sfc_debug:sfdb_data_browse.obj
 0001:00029350       sf_debug_hm_initialize_instance 000000018002a350 f   sfc_debug:sfdb_handle_management.obj
 0001:00029880       sf_debug_hm_get_object_id  000000018002a880 f   sfc_debug:sfdb_handle_management.obj
 0001:0002a430       sf_debug_hm_update_chart_visibility 000000018002b430 f   sfc_debug:sfdb_handle_management.obj
 0001:0002b710       sf_debug_object_is_eml_function 000000018002c710 f   sfc_debug:sfdb_handle_management.obj
 0001:0002b780       sf_debug_hm_initialize_ids_in_machine 000000018002c780 f   sfc_debug:sfdb_handle_management.obj
 0001:0002b8f0       sf_debug_hm_initialize_ids_in_chart 000000018002c8f0 f   sfc_debug:sfdb_handle_management.obj
 0001:0002b9f0       sf_debug_hm_initialize_chart 000000018002c9f0 f   sfc_debug:sfdb_handle_management.obj
 0001:0002c190       sf_debug_hm_terminate      000000018002d190 f   sfc_debug:sfdb_handle_management.obj
 0001:0002c1f0       sf_debug_hm_initialize_machine 000000018002d1f0 f   sfc_debug:sfdb_handle_management.obj
 0001:0002c9a0       sf_debug_ss_initialize     000000018002d9a0 f   sfc_debug:sfdb_symbol_scope.obj
 0001:0002c9c0       sf_debug_ss_terminate      000000018002d9c0 f   sfc_debug:sfdb_symbol_scope.obj
 0001:0002ca50       sf_debug_ss_push_symbol_scope 000000018002da50 f   sfc_debug:sfdb_symbol_scope.obj
 0001:0002cb50       sf_debug_ss_push_symbol_scope_eml 000000018002db50 f   sfc_debug:sfdb_symbol_scope.obj
 0001:0002cbb0       sf_debug_ss_pop_symbol_scope 000000018002dbb0 f   sfc_debug:sfdb_symbol_scope.obj
 0001:0002cc60       sf_debug_ss_add_symbol     000000018002dc60 f   sfc_debug:sfdb_symbol_scope.obj
 0001:0002cdc0       sf_debug_ss_add_symbol_eml 000000018002ddc0 f   sfc_debug:sfdb_symbol_scope.obj
 0001:0002dae0       sf_debug_ss_set_data_value 000000018002eae0 f   sfc_debug:sfdb_symbol_scope.obj
 0001:0002dfb0       getInstanceNumber          000000018002efb0 f   sfc_debug:sfdb_symbol_scope.obj
 0001:0002e080       sf_debug_ss_watch_data     000000018002f080 f   sfc_debug:sfdb_symbol_scope.obj
 0001:0002e220       sf_debug_ss_assign_data    000000018002f220 f   sfc_debug:sfdb_symbol_scope.obj
 0001:0002ec40       get_data_entry_name        000000018002fc40 f   sfc_debug:sfdb_symbol_scope.obj
 0001:0002ec90       sf_debug_ss_whos           000000018002fc90 f   sfc_debug:sfdb_symbol_scope.obj
 0001:0002f3b0       sf_debug_cc_initialize_chart 00000001800303b0 f   sfc_debug:sfdb_coverage.obj
 0001:0002fda0       sf_debug_cc_initialize_instance 0000000180030da0 f   sfc_debug:sfdb_coverage.obj
 0001:00030bb0       sf_debug_cc_terminate      0000000180031bb0 f   sfc_debug:sfdb_coverage.obj
 0001:00030ca0       sf_debug_cc_set_transition_maps 0000000180031ca0 f   sfc_debug:sfdb_coverage.obj
 0001:00030dd0       sf_debug_cc_set_state_maps 0000000180031dd0 f   sfc_debug:sfdb_coverage.obj
 0001:00030eb0       sf_debug_cc_set_transition_weights 0000000180031eb0 f   sfc_debug:sfdb_coverage.obj
 0001:00031180       sf_debug_cc_set_state_weights 0000000180032180 f   sfc_debug:sfdb_coverage.obj
 0001:00031450       sf_debug_cc_mark_transition_guard 0000000180032450 f   sfc_debug:sfdb_coverage.obj
 0001:000314e0       sf_debug_cc_mark_transition_trigger 00000001800324e0 f   sfc_debug:sfdb_coverage.obj
 0001:00031570       sf_debug_cc_mark_transition_decision 0000000180032570 f   sfc_debug:sfdb_coverage.obj
 0001:000315e0       sf_debug_cc_mark_transition_condition_action 00000001800325e0 f   sfc_debug:sfdb_coverage.obj
 0001:00031630       sf_debug_cc_mark_transition_transition_action 0000000180032630 f   sfc_debug:sfdb_coverage.obj
 0001:00031680       sf_debug_cc_mark_state_entry 0000000180032680 f   sfc_debug:sfdb_coverage.obj
 0001:000316d0       sf_debug_cc_mark_state_during 00000001800326d0 f   sfc_debug:sfdb_coverage.obj
 0001:00031720       sf_debug_cc_mark_state_exit 0000000180032720 f   sfc_debug:sfdb_coverage.obj
 0001:00031770       sf_debug_bm_clear_script_breakpoints 0000000180032770 f   sfc_debug:sfdb_breakpoints.obj
 0001:000317a0       sf_debug_bm_set_script_breakpoint 00000001800327a0 f   sfc_debug:sfdb_breakpoints.obj
 0001:00031820       sf_debug_bm_clear_single_script_breakpoint 0000000180032820 f   sfc_debug:sfdb_breakpoints.obj
 0001:000318a0       sf_debug_bm_query_script_breakpoint 00000001800328a0 f   sfc_debug:sfdb_breakpoints.obj
 0001:000318f0       sf_debug_bm_initialize_scripts 00000001800328f0 f   sfc_debug:sfdb_breakpoints.obj
 0001:00032010       sf_debug_bm_terminate      0000000180033010 f   sfc_debug:sfdb_breakpoints.obj
 0001:00032300       sf_debug_bm_remove_all_breakpoints_in_machine 0000000180033300 f   sfc_debug:sfdb_breakpoints.obj
 0001:00032370       sf_debug_bm_remove_all_breakpoints_in_chart 0000000180033370 f   sfc_debug:sfdb_breakpoints.obj
 0001:000324c0       sf_debug_bm_initialize_global_breakpoints 00000001800334c0 f   sfc_debug:sfdb_breakpoints.obj
 0001:00032640       sf_debug_bm_set_breakpoint 0000000180033640 f   sfc_debug:sfdb_breakpoints.obj
 0001:00032c40       sf_debug_bm_set_eml_breakpoint 0000000180033c40 f   sfc_debug:sfdb_breakpoints.obj
 0001:00032ce0       sf_debug_bm_initialize_machine_breakpoint_map 0000000180033ce0 f   sfc_debug:sfdb_breakpoints.obj
 0001:00033100       sf_debug_bm_is_a_breakpoint 0000000180034100 f   sfc_debug:sfdb_breakpoints.obj
 0001:000336e0       sf_debug_bm_get_all_breakpoints_in_machine 00000001800346e0 f   sfc_debug:sfdb_breakpoints.obj
 0001:000339e0       sf_debug_bm_get_all_breakpoints_in_chart 00000001800349e0 f   sfc_debug:sfdb_breakpoints.obj
 0001:000346a0       sf_debug_bm_initialize_machine 00000001800356a0 f   sfc_debug:sfdb_breakpoints.obj
 0001:00034770       sf_debug_bm_initialize_chart 0000000180035770 f   sfc_debug:sfdb_breakpoints.obj
 0001:00034b90       sf_debug_sc_terminate      0000000180035b90 f   sfc_debug:sfdb_state_consistency.obj
 0001:00034ec0       sf_debug_sc_is_chart_consistent 0000000180035ec0 f   sfc_debug:sfdb_state_consistency.obj
 0001:00035170       sf_debug_sc_get_consistency_error_info 0000000180036170 f   sfc_debug:sfdb_state_consistency.obj
 0001:000355c0       sf_debug_tm_terminate      00000001800365c0 f   sfc_debug:sfdb_call_stack.obj
 0001:00035680       sf_debug_tm_push_chart_instance 0000000180036680 f   sfc_debug:sfdb_call_stack.obj
 0001:000357d0       sf_debug_tm_pop_chart_instance 00000001800367d0 f   sfc_debug:sfdb_call_stack.obj
 0001:00035830       sf_debug_tm_push_trace_node 0000000180036830 f   sfc_debug:sfdb_call_stack.obj
 0001:000359c0       sf_debug_tm_pop_trace_node 00000001800369c0 f   sfc_debug:sfdb_call_stack.obj
 0001:00035a40       sf_debug_tm_get_current_global_trace_index 0000000180036a40 f   sfc_debug:sfdb_call_stack.obj
 0001:00035a50       sf_debug_tm_get_current_local_trace_index 0000000180036a50 f   sfc_debug:sfdb_call_stack.obj
 0001:00035a80       sf_debug_tm_set_cycle_detected_flag 0000000180036a80 f   sfc_debug:sfdb_call_stack.obj
 0001:00035ac0       sf_debug_tm_set_cycle_started_flag 0000000180036ac0 f   sfc_debug:sfdb_call_stack.obj
 0001:00035b00       sf_debug_tm_get_chart_number_from_stack 0000000180036b00 f   sfc_debug:sfdb_call_stack.obj
 0001:00035d00       sf_debug_tm_browse_trace   0000000180036d00 f   sfc_debug:sfdb_call_stack.obj
 0001:00036040       sf_debug_cd_initialize_instance 0000000180037040 f   sfc_debug:sfdb_cycle_detection.obj
 0001:000362f0       sf_debug_cd_mark_processed_transition_in_instance 00000001800372f0 f   sfc_debug:sfdb_cycle_detection.obj
 0001:00036390       sf_debug_cd_checksum_push  0000000180037390 f   sfc_debug:sfdb_cycle_detection.obj
 0001:00036650       sf_debug_cd_checksum_pop   0000000180037650 f   sfc_debug:sfdb_cycle_detection.obj
 0001:000366c0       sf_debug_cd_turn_off_cycle_detection 00000001800376c0 f   sfc_debug:sfdb_cycle_detection.obj
 0001:00036710       sf_debug_cd_terminate      0000000180037710 f   sfc_debug:sfdb_cycle_detection.obj
 0001:00036950       md5_initialize_state       0000000180037950 f   sfc_debug:ckmd5.obj
 0001:000373c0       md5_update_state           00000001800383c0 f   sfc_debug:ckmd5.obj
 0001:000373e0       md5_get_hash               00000001800383e0 f   sfc_debug:ckmd5.obj
 0001:00037410       md5_get_hash_for_a_single_string 0000000180038410 f   sfc_debug:ckmd5.obj
 0001:00037474       mxGetPr                    0000000180038474 f   libmx:libmx.dll
 0001:0003747a       mxCreateDoubleScalar       000000018003847a f   libmx:libmx.dll
 0001:00037480       mxCreateDoubleMatrix_730   0000000180038480 f   libmx:libmx.dll
 0001:00037486       mxSetField_730             0000000180038486 f   libmx:libmx.dll
 0001:0003748c       mxCreateString             000000018003848c f   libmx:libmx.dll
 0001:00037492       mxCreateStructMatrix_730   0000000180038492 f   libmx:libmx.dll
 0001:00037498       mxDestroyArray             0000000180038498 f   libmx:libmx.dll
 0001:0003749e       mxDuplicateArray           000000018003849e f   libmx:libmx.dll
 0001:000374a4       mxGetString_730            00000001800384a4 f   libmx:libmx.dll
 0001:000374aa       mxIsChar                   00000001800384aa f   libmx:libmx.dll
 0001:000374b0       mxGetClassID               00000001800384b0 f   libmx:libmx.dll
 0001:000374b6       mxIsNumeric                00000001800384b6 f   libmx:libmx.dll
 0001:000374bc       mxIsComplex                00000001800384bc f   libmx:libmx.dll
 0001:000374c2       mxGetN                     00000001800384c2 f   libmx:libmx.dll
 0001:000374c8       mxGetM                     00000001800384c8 f   libmx:libmx.dll
 0001:000374ce       mxCalloc                   00000001800384ce f   libmx:libmx.dll
 0001:000374d4       mxGetScalar                00000001800384d4 f   libmx:libmx.dll
 0001:000374da       mxIsLogical                00000001800384da f   libmx:libmx.dll
 0001:000374e0       mxCreateDoubleMatrix_700   00000001800384e0 f   libmx:libmx.dll
 0001:000374e6       mxFree                     00000001800384e6 f   libmx:libmx.dll
 0001:000374ec       mxArrayToString            00000001800384ec f   libmx:libmx.dll
 0001:000374f2       mxCreateCellMatrix_700     00000001800384f2 f   libmx:libmx.dll
 0001:000374f8       mxSetCell_700              00000001800384f8 f   libmx:libmx.dll
 0001:000374fe       mxGetCell_700              00000001800384fe f   libmx:libmx.dll
 0001:00037504       mxGetClassName             0000000180038504 f   libmx:libmx.dll
 0001:0003750a       mxSetField_700             000000018003850a f   libmx:libmx.dll
 0001:00037510       mxAddField                 0000000180038510 f   libmx:libmx.dll
 0001:00037516       mxGetField_700             0000000180038516 f   libmx:libmx.dll
 0001:0003751c       mxGetNumberOfElements      000000018003851c f   libmx:libmx.dll
 0001:00037522       mxIsStruct                 0000000180038522 f   libmx:libmx.dll
 0001:00037528       mxIsA                      0000000180038528 f   libmx:libmx.dll
 0001:0003752e       mxIsClass                  000000018003852e f   libmx:libmx.dll
 0001:00037534       mxGetLogicals              0000000180038534 f   libmx:libmx.dll
 0001:0003753a       mxIsSparse                 000000018003853a f   libmx:libmx.dll
 0001:00037540       mxSetFieldByNumber_700     0000000180038540 f   libmx:libmx.dll
 0001:00037546       mxGetFieldByNumber_700     0000000180038546 f   libmx:libmx.dll
 0001:0003754c       mxGetFieldNameByNumber     000000018003854c f   libmx:libmx.dll
 0001:00037552       mxGetNumberOfFields        0000000180038552 f   libmx:libmx.dll
 0001:00037558       mxCreateStructMatrix_700   0000000180038558 f   libmx:libmx.dll
 0001:0003755e       mxGetFieldNumber           000000018003855e f   libmx:libmx.dll
 0001:00037564       mxIsNaN                    0000000180038564 f   libmx:libmx.dll
 0001:0003756a       mxIsEmpty                  000000018003856a f   libmx:libmx.dll
 0001:00037570       mxGetData                  0000000180038570 f   libmx:libmx.dll
 0001:00037576       mxGetImagData              0000000180038576 f   libmx:libmx.dll
 0001:0003757c       mxArrayClassIDName         000000018003857c f   libmx:libmx.dll
 0001:00037582       mxCreateNumericMatrix_700  0000000180038582 f   libmx:libmx.dll
 0001:00037588       mxCreateStructArray_700    0000000180038588 f   libmx:libmx.dll
 0001:0003758e       mxCalcSingleSubscript_700  000000018003858e f   libmx:libmx.dll
 0001:00037594       mxGetDimensions_700        0000000180038594 f   libmx:libmx.dll
 0001:0003759a       mxGetNumberOfDimensions_700 000000018003859a f   libmx:libmx.dll
 0001:000375a0       mxCreateNumericArray_700   00000001800385a0 f   libmx:libmx.dll
 0001:000375a6       mxGetElementSize           00000001800385a6 f   libmx:libmx.dll
 0001:000375ac       mxCreateStringFromNChars_700 00000001800385ac f   libmx:libmx.dll
 0001:000375b2       mxGetString_700            00000001800385b2 f   libmx:libmx.dll
 0001:000375b8       mxIsLogicalScalarTrue      00000001800385b8 f   libmx:libmx.dll
 0001:000375be       mxCreateLogicalScalar      00000001800385be f   libmx:libmx.dll
 0001:000375c4       mexUnlock                  00000001800385c4 f   libmex:libmex.dll
 0001:000375ca       mexIsLocked                00000001800385ca f   libmex:libmex.dll
 0001:000375d0       mexWarnMsgTxt              00000001800385d0 f   libmex:libmex.dll
 0001:000375d6       mexCallMATLAB              00000001800385d6 f   libmex:libmex.dll
 0001:000375dc       mexErrMsgTxt               00000001800385dc f   libmex:libmex.dll
 0001:000375e2       mexMakeArrayPersistent     00000001800385e2 f   libmex:libmex.dll
 0001:000375e8       mexSetTrapFlag             00000001800385e8 f   libmex:libmex.dll
 0001:000375ee       mexPutVariable             00000001800385ee f   libmex:libmex.dll
 0001:000375f4       mexGetVariable             00000001800385f4 f   libmex:libmex.dll
 0001:000375fa       mexLock                    00000001800385fa f   libmex:libmex.dll
 0001:00037600       mexMakeMemoryPersistent    0000000180038600 f   libmex:libmex.dll
 0001:00037606       mexFunctionName            0000000180038606 f   libmex:libmex.dll
 0001:0003760c       ssRegisterDataTypeFxpFSlopeFixExpBias 000000018003860c f   libfixedpoint:libfixedpoint.dll
 0001:00037612       utVSNprintf                0000000180038612 f   libut:libut.dll
 0001:00037618       utCPUtime                  0000000180038618 f   libut:libut.dll
 0001:0003761e       utFree                     000000018003861e f   libut:libut.dll
 0001:00037624       utMalloc                   0000000180038624 f   libut:libut.dll
 0001:0003762a       muDoubleScalarFloor        000000018003862a f   libmwmathutil:libmwmathutil.dll
 0001:00037630       muDoubleScalarAbs          0000000180038630 f   libmwmathutil:libmwmathutil.dll
 0001:00037636       muDoubleScalarRound        0000000180038636 f   libmwmathutil:libmwmathutil.dll
 0001:0003763c       emlrtCreateRootTLS         000000018003863c f   libemlrt:libemlrt.dll
 0001:00037642       emlrtDestroyRootTLS        0000000180038642 f   libemlrt:libemlrt.dll
 0001:00037648       emlrtCheckBuiltInR2012b    0000000180038648 f   libemlrt:libemlrt.dll
 0001:0003764e       emlrtCheckVsBuiltInR2012b  000000018003864e f   libemlrt:libemlrt.dll
 0001:00037654       emlrtCheckEnumR2012b       0000000180038654 f   libemlrt:libemlrt.dll
 0001:0003765a       emlrtCreateEnumR2012b      000000018003865a f   libemlrt:libemlrt.dll
 0001:00037660       emlrtGetEnumElementR2009a  0000000180038660 f   libemlrt:libemlrt.dll
 0001:00037666       emlrtCreateReference       0000000180038666 f   libemlrt:libemlrt.dll
 0001:0003766c       emlrtImportVsFiArrayR2009b 000000018003866c f   libemlrt:libemlrt.dll
 0001:00037672       emlrtNameCapturePostProcessR2012a 0000000180038672 f   libemlrt:libemlrt.dll
 0001:00037678       emlrtExtractMessageId      0000000180038678 f   libemlrt:libemlrt.dll
 0001:0003767e       emlrtTranslateMessageIDtoLCPstring 000000018003867e f   libemlrt:libemlrt.dll
 0001:00037684       emlrtForLoopVectorIsValidR2011b 0000000180038684 f   libemlrt:libemlrt.dll
 0001:0003768a       emlrtTranslateUTF16MessagetoLCPstring 000000018003868a f   libemlrt:libemlrt.dll
 0001:00037690       emlrtGetEnumUnderlyingArrayR2009a 0000000180038690 f   libemlrt:libemlrt.dll
 0001:00037696       emlrtIsEnumR2009a          0000000180038696 f   libemlrt:libemlrt.dll
 0001:0003769c       __GSHandlerCheckCommon     000000018003869c f   MSVCRT:gshandler.obj
 0001:00037700       __GSHandlerCheck           0000000180038700 f   MSVCRT:gshandler.obj
 0001:0003771e       strlen                     000000018003871e f   MSVCRT:MSVCR100.dll
 0001:00037740       __security_check_cookie    0000000180038740 f   MSVCRT:amdsecgs.obj
 0001:00037760       memset                     0000000180038760 f   MSVCRT:MSVCR100.dll
 0001:00037766       malloc                     0000000180038766 f   MSVCRT:MSVCR100.dll
 0001:0003776c       free                       000000018003876c f   MSVCRT:MSVCR100.dll
 0001:00037772       strcmp                     0000000180038772 f   MSVCRT:MSVCR100.dll
 0001:00037778       sprintf                    0000000180038778 f   MSVCRT:MSVCR100.dll
 0001:0003777e       strcat                     000000018003877e f   MSVCRT:MSVCR100.dll
 0001:00037784       memcpy                     0000000180038784 f   MSVCRT:MSVCR100.dll
 0001:0003778c       NtCurrentTeb               000000018003878c f i MSVCRT:crtdll.obj
 0001:000377f8       _CRT_INIT                  00000001800387f8 f   MSVCRT:crtdll.obj
 0001:00037b90       _DllMainCRTStartup         0000000180038b90 f   MSVCRT:crtdll.obj
 0001:00037bce       strncpy                    0000000180038bce f   MSVCRT:MSVCR100.dll
 0001:00037bf0       _alloca_probe              0000000180038bf0     MSVCRT:chkstk.obj
 0001:00037bf0       __chkstk                   0000000180038bf0 f   MSVCRT:chkstk.obj
 0001:00037c3e       longjmp                    0000000180038c3e f   MSVCRT:MSVCR100.dll
 0001:00037c44       strncmp                    0000000180038c44 f   MSVCRT:MSVCR100.dll
 0001:00037c4a       ceil                       0000000180038c4a f   MSVCRT:MSVCR100.dll
 0001:00037c50       strrchr                    0000000180038c50 f   MSVCRT:MSVCR100.dll
 0001:00037c56       _setjmp                    0000000180038c56 f   MSVCRT:MSVCR100.dll
 0001:00037c5c       calloc                     0000000180038c5c f   MSVCRT:MSVCR100.dll
 0001:00037c62       realloc                    0000000180038c62 f   MSVCRT:MSVCR100.dll
 0001:00037c68       ldexp                      0000000180038c68 f   MSVCRT:MSVCR100.dll
 0001:00037c70       __report_gsfailure         0000000180038c70 f   MSVCRT:gs_report.obj
 0001:00037dbc       __clean_type_info_names    0000000180038dbc f   MSVCRT:tncleanup.obj
 0001:00037dc8       _onexit                    0000000180038dc8 f   MSVCRT:atonexit.obj
 0001:00037e78       atexit                     0000000180038e78 f   MSVCRT:atonexit.obj
 0001:00037e90       _RTC_Initialize            0000000180038e90 f   MSVCRT:_initsect_.obj
 0001:00037ec8       _RTC_Terminate             0000000180038ec8 f   MSVCRT:_initsect_.obj
 0001:00037f00       _malloc_crt                0000000180038f00 f   MSVCRT:MSVCR100.dll
 0001:00037f10       _ValidateImageBase         0000000180038f10 f   MSVCRT:pesect.obj
 0001:00037f40       _FindPESection             0000000180038f40 f   MSVCRT:pesect.obj
 0001:00037f90       _IsNonwritableInCurrentImage 0000000180038f90 f   MSVCRT:pesect.obj
 0001:00037fd2       _initterm                  0000000180038fd2 f   MSVCRT:MSVCR100.dll
 0001:00037fd8       _initterm_e                0000000180038fd8 f   MSVCRT:MSVCR100.dll
 0001:00037fde       _encoded_null              0000000180038fde f   MSVCRT:MSVCR100.dll
 0001:00037fe4       _amsg_exit                 0000000180038fe4 f   MSVCRT:MSVCR100.dll
 0001:00037fea       __C_specific_handler       0000000180038fea f   MSVCRT:MSVCR100.dll
 0001:00037ff0       __CppXcptFilter            0000000180038ff0 f   MSVCRT:MSVCR100.dll
 0001:00037ff8       DllMain                    0000000180038ff8 f   MSVCRT:dllmain.obj
 0001:0003801c       __security_init_cookie     000000018003901c f   MSVCRT:gs_support.obj
 0001:000380d0       __crt_debugger_hook        00000001800390d0 f   MSVCRT:MSVCR100.dll
 0001:000380d6       __clean_type_info_names_internal 00000001800390d6 f   MSVCRT:MSVCR100.dll
 0001:000380dc       _unlock                    00000001800390dc f   MSVCRT:MSVCR100.dll
 0001:000380e2       __dllonexit                00000001800390e2 f   MSVCRT:MSVCR100.dll
 0001:000380e8       _lock                      00000001800390e8 f   MSVCRT:MSVCR100.dll
 0001:000380ee       EncodePointer              00000001800390ee f   kernel32:KERNEL32.dll
 0001:000380f4       DecodePointer              00000001800390f4 f   kernel32:KERNEL32.dll
 0001:000380fa       Sleep                      00000001800390fa f   kernel32:KERNEL32.dll
 0001:00038100       TerminateProcess           0000000180039100 f   kernel32:KERNEL32.dll
 0001:00038106       GetCurrentProcess          0000000180039106 f   kernel32:KERNEL32.dll
 0001:0003810c       UnhandledExceptionFilter   000000018003910c f   kernel32:KERNEL32.dll
 0001:00038112       SetUnhandledExceptionFilter 0000000180039112 f   kernel32:KERNEL32.dll
 0001:00038118       IsDebuggerPresent          0000000180039118 f   kernel32:KERNEL32.dll
 0001:0003811e       RtlVirtualUnwind           000000018003911e f   kernel32:KERNEL32.dll
 0001:00038124       RtlLookupFunctionEntry     0000000180039124 f   kernel32:KERNEL32.dll
 0001:0003812a       RtlCaptureContext          000000018003912a f   kernel32:KERNEL32.dll
 0001:00038130       DisableThreadLibraryCalls  0000000180039130 f   kernel32:KERNEL32.dll
 0001:00038136       QueryPerformanceCounter    0000000180039136 f   kernel32:KERNEL32.dll
 0001:0003813c       GetTickCount               000000018003913c f   kernel32:KERNEL32.dll
 0001:00038142       GetCurrentThreadId         0000000180039142 f   kernel32:KERNEL32.dll
 0001:00038148       GetCurrentProcessId        0000000180039148 f   kernel32:KERNEL32.dll
 0001:0003814e       GetSystemTimeAsFileTime    000000018003914e f   kernel32:KERNEL32.dll
 0002:00000000       __imp_DisableThreadLibraryCalls 000000018003a000     kernel32:KERNEL32.dll
 0002:00000008       __imp_RtlCaptureContext    000000018003a008     kernel32:KERNEL32.dll
 0002:00000010       __imp_RtlLookupFunctionEntry 000000018003a010     kernel32:KERNEL32.dll
 0002:00000018       __imp_RtlVirtualUnwind     000000018003a018     kernel32:KERNEL32.dll
 0002:00000020       __imp_IsDebuggerPresent    000000018003a020     kernel32:KERNEL32.dll
 0002:00000028       __imp_SetUnhandledExceptionFilter 000000018003a028     kernel32:KERNEL32.dll
 0002:00000030       __imp_UnhandledExceptionFilter 000000018003a030     kernel32:KERNEL32.dll
 0002:00000038       __imp_GetCurrentProcess    000000018003a038     kernel32:KERNEL32.dll
 0002:00000040       __imp_TerminateProcess     000000018003a040     kernel32:KERNEL32.dll
 0002:00000048       __imp_Sleep                000000018003a048     kernel32:KERNEL32.dll
 0002:00000050       __imp_DecodePointer        000000018003a050     kernel32:KERNEL32.dll
 0002:00000058       __imp_EncodePointer        000000018003a058     kernel32:KERNEL32.dll
 0002:00000060       __imp_GetTickCount         000000018003a060     kernel32:KERNEL32.dll
 0002:00000068       __imp_GetCurrentThreadId   000000018003a068     kernel32:KERNEL32.dll
 0002:00000070       __imp_GetCurrentProcessId  000000018003a070     kernel32:KERNEL32.dll
 0002:00000078       __imp_GetSystemTimeAsFileTime 000000018003a078     kernel32:KERNEL32.dll
 0002:00000080       __imp_QueryPerformanceCounter 000000018003a080     kernel32:KERNEL32.dll
 0002:00000088       \177KERNEL32_NULL_THUNK_DATA 000000018003a088     kernel32:KERNEL32.dll
 0002:00000090       __imp_realloc              000000018003a090     MSVCRT:MSVCR100.dll
 0002:00000098       __imp__onexit              000000018003a098     MSVCRT:MSVCR100.dll
 0002:000000a0       __imp__lock                000000018003a0a0     MSVCRT:MSVCR100.dll
 0002:000000a8       __imp___dllonexit          000000018003a0a8     MSVCRT:MSVCR100.dll
 0002:000000b0       __imp__unlock              000000018003a0b0     MSVCRT:MSVCR100.dll
 0002:000000b8       __imp___clean_type_info_names_internal 000000018003a0b8     MSVCRT:MSVCR100.dll
 0002:000000c0       __imp___crt_debugger_hook  000000018003a0c0     MSVCRT:MSVCR100.dll
 0002:000000c8       __imp___CppXcptFilter      000000018003a0c8     MSVCRT:MSVCR100.dll
 0002:000000d0       __imp___C_specific_handler 000000018003a0d0     MSVCRT:MSVCR100.dll
 0002:000000d8       __imp__amsg_exit           000000018003a0d8     MSVCRT:MSVCR100.dll
 0002:000000e0       __imp__encoded_null        000000018003a0e0     MSVCRT:MSVCR100.dll
 0002:000000e8       __imp__initterm_e          000000018003a0e8     MSVCRT:MSVCR100.dll
 0002:000000f0       __imp__initterm            000000018003a0f0     MSVCRT:MSVCR100.dll
 0002:000000f8       __imp__malloc_crt          000000018003a0f8     MSVCRT:MSVCR100.dll
 0002:00000100       __imp_ldexp                000000018003a100     MSVCRT:MSVCR100.dll
 0002:00000108       __imp_strlen               000000018003a108     MSVCRT:MSVCR100.dll
 0002:00000110       __imp_calloc               000000018003a110     MSVCRT:MSVCR100.dll
 0002:00000118       __imp__setjmp              000000018003a118     MSVCRT:MSVCR100.dll
 0002:00000120       __imp_strrchr              000000018003a120     MSVCRT:MSVCR100.dll
 0002:00000128       __imp_ceil                 000000018003a128     MSVCRT:MSVCR100.dll
 0002:00000130       __imp_strncmp              000000018003a130     MSVCRT:MSVCR100.dll
 0002:00000138       __imp_longjmp              000000018003a138     MSVCRT:MSVCR100.dll
 0002:00000140       __imp_strncpy              000000018003a140     MSVCRT:MSVCR100.dll
 0002:00000148       __imp_memcpy               000000018003a148     MSVCRT:MSVCR100.dll
 0002:00000150       __imp_strcat               000000018003a150     MSVCRT:MSVCR100.dll
 0002:00000158       __imp_sprintf              000000018003a158     MSVCRT:MSVCR100.dll
 0002:00000160       __imp_strcmp               000000018003a160     MSVCRT:MSVCR100.dll
 0002:00000168       __imp_free                 000000018003a168     MSVCRT:MSVCR100.dll
 0002:00000170       __imp_malloc               000000018003a170     MSVCRT:MSVCR100.dll
 0002:00000178       __imp_memset               000000018003a178     MSVCRT:MSVCR100.dll
 0002:00000180       \177MSVCR100_NULL_THUNK_DATA 000000018003a180     MSVCRT:MSVCR100.dll
 0002:00000188       __imp_emlrtIsEnumR2009a    000000018003a188     libemlrt:libemlrt.dll
 0002:00000190       __imp_emlrtCheckVsBuiltInR2012b 000000018003a190     libemlrt:libemlrt.dll
 0002:00000198       __imp_emlrtGetEnumUnderlyingArrayR2009a 000000018003a198     libemlrt:libemlrt.dll
 0002:000001a0       __imp_emlrtTranslateUTF16MessagetoLCPstring 000000018003a1a0     libemlrt:libemlrt.dll
 0002:000001a8       __imp_emlrtForLoopVectorIsValidR2011b 000000018003a1a8     libemlrt:libemlrt.dll
 0002:000001b0       __imp_emlrtTranslateMessageIDtoLCPstring 000000018003a1b0     libemlrt:libemlrt.dll
 0002:000001b8       __imp_emlrtExtractMessageId 000000018003a1b8     libemlrt:libemlrt.dll
 0002:000001c0       __imp_emlrtCheckBuiltInR2012b 000000018003a1c0     libemlrt:libemlrt.dll
 0002:000001c8       __imp_emlrtDestroyRootTLS  000000018003a1c8     libemlrt:libemlrt.dll
 0002:000001d0       __imp_emlrtCreateRootTLS   000000018003a1d0     libemlrt:libemlrt.dll
 0002:000001d8       __imp_emlrtCheckEnumR2012b 000000018003a1d8     libemlrt:libemlrt.dll
 0002:000001e0       __imp_emlrtCreateEnumR2012b 000000018003a1e0     libemlrt:libemlrt.dll
 0002:000001e8       __imp_emlrtGetEnumElementR2009a 000000018003a1e8     libemlrt:libemlrt.dll
 0002:000001f0       __imp_emlrtCreateReference 000000018003a1f0     libemlrt:libemlrt.dll
 0002:000001f8       __imp_emlrtImportVsFiArrayR2009b 000000018003a1f8     libemlrt:libemlrt.dll
 0002:00000200       __imp_emlrtNameCapturePostProcessR2012a 000000018003a200     libemlrt:libemlrt.dll
 0002:00000208       \177libemlrt_NULL_THUNK_DATA 000000018003a208     libemlrt:libemlrt.dll
 0002:00000210       __imp_ssRegisterDataTypeFxpFSlopeFixExpBias 000000018003a210     libfixedpoint:libfixedpoint.dll
 0002:00000218       \177libfixedpoint_NULL_THUNK_DATA 000000018003a218     libfixedpoint:libfixedpoint.dll
 0002:00000220       __imp_mexFunctionName      000000018003a220     libmex:libmex.dll
 0002:00000228       __imp_mexMakeMemoryPersistent 000000018003a228     libmex:libmex.dll
 0002:00000230       __imp_mexGetVariable       000000018003a230     libmex:libmex.dll
 0002:00000238       __imp_mexPutVariable       000000018003a238     libmex:libmex.dll
 0002:00000240       __imp_mexSetTrapFlag       000000018003a240     libmex:libmex.dll
 0002:00000248       __imp_mexMakeArrayPersistent 000000018003a248     libmex:libmex.dll
 0002:00000250       __imp_mexErrMsgTxt         000000018003a250     libmex:libmex.dll
[...]
 0001:0000d810       sf_mex_check_fimath        000000018000e810 f   sfc_mex:sfc_mex.obj
 0001:0000e3c0       size_mismatch_error        000000018000f3c0 f   sfc_mex:sfc_mex.obj
 0001:0000ee60       check_array_dimensions     000000018000fe60 f   sfc_mex:sfc_mex.obj
 0001:0000eed0       check_input_mxarray        000000018000fed0 f   sfc_mex:sfc_mex.obj
 0001:0000f610       sf_numeric_value_to_double 0000000180010610 f   sfc_mex:sfc_mex.obj
 0001:0000f660       ml_generic_out_of_bounds_check 0000000180010660 f   sfc_mex:sfc_mex.obj
 0001:0000f830       ml_get_element_value_from_array 0000000180010830 f   sfc_mex:sfc_mex.obj
 0001:0000fbd0       _ml_generic_castability_check 0000000180010bd0 f   sfc_mex:sfc_mex.obj
 0001:00010930       ml_generic_castability_check 0000000180011930 f   sfc_mex:sfc_mex.obj
 0001:000109d0       ml_check_mx_array_for_single_castability 00000001800119d0 f   sfc_mex:sfc_mex.obj
 0001:00010a70       ml_check_mx_array_for_logical_castability 0000000180011a70 f   sfc_mex:sfc_mex.obj
 0001:00010b10       ml_check_mx_array_for_int8_castability 0000000180011b10 f   sfc_mex:sfc_mex.obj
 0001:00010bc0       ml_check_mx_array_for_uint8_castability 0000000180011bc0 f   sfc_mex:sfc_mex.obj
 0001:00010c20       ml_check_mx_array_for_int16_castability 0000000180011c20 f   sfc_mex:sfc_mex.obj
 0001:00010c80       ml_check_mx_array_for_uint16_castability 0000000180011c80 f   sfc_mex:sfc_mex.obj
 0001:00010ce0       ml_check_mx_array_for_int32_castability 0000000180011ce0 f   sfc_mex:sfc_mex.obj
 0001:00010d40       ml_check_mx_array_for_uint32_castability 0000000180011d40 f   sfc_mex:sfc_mex.obj
 0001:00010da0       ml_check_mx_array_for_castability 0000000180011da0 f   sfc_mex:sfc_mex.obj
 0001:000116d0       set_data_value             00000001800126d0 f   sfc_mex:sfc_mex.obj
 0001:00011a40       get_data_value             0000000180012a40 f   sfc_mex:sfc_mex.obj
 0001:00011b50       get_next_element_address   0000000180012b50 f   sfc_mex:sfc_mex.obj
 0001:00011c20       sf_normalize_index         0000000180012c20 f   sfc_mex:sfc_mex.obj
 0001:00011fb0       ml_array_index_bound_check 0000000180012fb0 f   sfc_mex:sfc_mex.obj
 0001:00012ad0       mx_value                   0000000180013ad0 f   sfc_mex:sfc_mex.obj
 0001:00012b20       sf_create_numeric_array    0000000180013b20 f   sfc_mex:sfc_mex.obj
 0001:00012bc0       sf_mex_assign_to_mx_array  0000000180013bc0 f   sfc_mex:sfc_mex.obj
 0001:00012f10       assign_from_mx_array       0000000180013f10 f   sfc_mex:sfc_mex.obj
 0001:00013740       sf_mex_import_v            0000000180014740 f   sfc_mex:sfc_mex.obj
 0001:00013e40       get_machine_and_chart_file_number 0000000180014e40 f   sfc_mex:sfc_sf.obj
 0001:00013f30       get_sfun_block_specialization 0000000180014f30 f   sfc_mex:sfc_sf.obj
 0001:00013fe0       call_sf_machine_global_method_dispatcher 0000000180014fe0 f   sfc_mex:sfc_sf.obj
 0001:00014230       mdl_zeroCrossings_processing 0000000180015230 f   sfc_mex:sfc_sf.obj
 0001:00014300       mdl_derivatives_processing 0000000180015300 f   sfc_mex:sfc_sf.obj
 0001:000145c0       mdl_outputs_continuous_legacy 00000001800155c0 f   sfc_mex:sfc_sf.obj
 0001:00014640       mdl_outputs_processing     0000000180015640 f   sfc_mex:sfc_sf.obj
 0001:000148b0       mdl_enable_processing      00000001800158b0 f   sfc_mex:sfc_sf.obj
 0001:00014980       mdl_disable_processing     0000000180015980 f   sfc_mex:sfc_sf.obj
 0001:000156f0       sf_call_output_fcn_enable_disable 00000001800166f0 f   sfc_mex:sfc_sf.obj
 0001:00015970       set_dwork_information_from_mx_array 0000000180016970 f   sfc_mex:sfc_sf.obj
 0001:00016230       ptr2mxStruct               0000000180017230 f   sfc_mex:sfc_sf.obj
 0001:00016540       SNPRINTF_WRAPPER           0000000180017540 f   sfc_debug:sfcdebug.obj
 0001:00016560       sf_debug_chart_instance_initialized_quick 0000000180017560 f   sfc_debug:sfcdebug.obj
 0001:00016570       sf_debug_chart_instance_initialized 0000000180017570 f   sfc_debug:sfcdebug.obj
 0001:00016710       sfrtAddSize                0000000180017710 f   sfc_debug:sfcdebug.obj
 0001:000167d0       sfrtGenSizeString          00000001800177d0 f   sfc_debug:sfcdebug.obj
 0001:00016ee0       fill_single_message_info   0000000180017ee0 f   sfc_debug:sfcdebug.obj
 0001:000170a0       sf_debug_sim_status_listener 00000001800180a0 f   sfc_debug:sfcdebug.obj
 0001:00017610       sf_debug_form_mask_bits    0000000180018610 f   sfc_debug:sfcdebug.obj
 0001:00017650       sf_debug_form_sf_data_type_offsets 0000000180018650 f   sfc_debug:sfcdebug.obj
 0001:00017710       sf_debug_free_all          0000000180018710 f   sfc_debug:sfcdebug.obj
 0001:000178c0       sf_debug_append_debugger_context 00000001800188c0 f   sfc_debug:sfcdebug.obj
 0001:00017a60       sf_debug_update_always_honor_breakpoints 0000000180018a60 f   sfc_debug:sfcdebug.obj
 0001:00017c30       local_strdup               0000000180018c30 f   sfc_debug:sfcdebug.obj
 0001:00018b10       sf_debug_em_terminate      0000000180019b10 f   sfc_debug:sfcdebug.obj
 0001:00018b50       sf_debug_push_eml_function 0000000180019b50 f   sfc_debug:sfcdebug.obj
 0001:00018bf0       sf_debug_pop_eml_function  0000000180019bf0 f   sfc_debug:sfcdebug.obj
 0001:000198f0       sf_debug_get_machine_number_from_id_or_name 000000018001a8f0 f   sfc_debug:sfcdebug.obj
 0001:00019a40       sf_debug_get_chart_number_from_id 000000018001aa40 f   sfc_debug:sfcdebug.obj
 0001:0001a7e0       sf_debug_transfer_control_to_debugger_GUI 000000018001b7e0 f   sfc_debug:sfcdebug.obj
 0001:0001b770       sf_debug_scripts_rehash    000000018001c770 f   sfc_debug:sfcdebug.obj
 0001:0001b9b0       sf_debug_get_script_line_count 000000018001c9b0 f   sfc_debug:sfcdebug.obj
 0001:0001c2e0       cv_eml_state_cvId          000000018001d2e0 f   sfc_debug:sfcdebug.obj
 0001:0001c350       cv_eml_trans_cvId          000000018001d350 f   sfc_debug:sfcdebug.obj
 0001:0001d6e0       sf_debug_data_array_bounds_error 000000018001e6e0 f   sfc_debug:sfcdebug.obj
 0001:0001db10       eml_debug_runtime_error_doclink 000000018001eb10 f   sfc_debug:sfcdebug.obj
 0001:0001dc70       sf_debug_runtime_error     000000018001ec70 f   sfc_debug:sfcdebug.obj
 0001:0001dce0       sf_debug_matlab_error      000000018001ece0 f   sfc_debug:sfcdebug.obj
 0001:0001e620       sf_debug_data_value_error  000000018001f620 f   sfc_debug:sfcdebug.obj
 0001:0001ef20       sf_debug_data_loss_error   000000018001ff20 f   sfc_debug:sfcdebug.obj
 0001:0001feb0       call_cv_range_check        0000000180020eb0 f   sfc_debug:sfcdebug.obj
 0001:00020680       sf_debug_invoke_cycle_detection_code 0000000180021680 f   sfc_debug:sfcdebug.obj
 0001:00021500       sf_reset_debug_info_struct 0000000180022500 f   sfc_debug:sfcdebug.obj
 0001:00021d60       cv_script_cvId             0000000180022d60 f   sfc_debug:sfcdebug.obj
 0001:00022ac0       sfc_api_chart_visible      0000000180023ac0 f   sfc_debug:sfc_api.obj
 0001:00022b40       sfc_api_active_instance    0000000180023b40 f   sfc_debug:sfc_api.obj
 0001:00022bc0       sfc_api_machine_load       0000000180023bc0 f   sfc_debug:sfc_api.obj
 0001:00022c90       sfc_api_debugger_alive     0000000180023c90 f   sfc_debug:sfc_api.obj
 0001:00022ca0       sfc_api_go                 0000000180023ca0 f   sfc_debug:sfc_api.obj
 0001:00022cb0       sfc_api_step_over          0000000180023cb0 f   sfc_debug:sfc_api.obj
 0001:00022cc0       sfc_api_step_out           0000000180023cc0 f   sfc_debug:sfc_api.obj
 0001:00022cd0       sfc_api_resume             0000000180023cd0 f   sfc_debug:sfc_api.obj
 0001:00022ce0       sfc_api_break              0000000180023ce0 f   sfc_debug:sfc_api.obj
 0001:00022cf0       sfc_api_stop_debugging     0000000180023cf0 f   sfc_debug:sfc_api.obj
 0001:00022d40       sfc_api_is_cycle_detected  0000000180023d40 f   sfc_debug:sfc_api.obj
 0001:00022d90       sfc_api_is_array_bounds_detected 0000000180023d90 f   sfc_debug:sfc_api.obj
 0001:00022de0       sfc_api_set_disable_all_breakpoints 0000000180023de0 f   sfc_debug:sfc_api.obj
 0001:00022e50       sfc_api_disable_all_breakpoints_and_go 0000000180023e50 f   sfc_debug:sfc_api.obj
 0001:00022e60       sfc_api_close              0000000180023e60 f   sfc_debug:sfc_api.obj
 0001:00022e70       sfc_api_browse_data        0000000180023e70 f   sfc_debug:sfc_api.obj
 0001:00022ee0       sfc_api_watch_data         0000000180023ee0 f   sfc_debug:sfc_api.obj
 0001:00022fe0       sfc_api_extract_message_post_receive_info 0000000180023fe0 f   sfc_debug:sfc_api.obj
 0001:00023000       sfc_api_assign_data        0000000180024000 f   sfc_debug:sfc_api.obj
 0001:000230a0       sfc_api_whos               00000001800240a0 f   sfc_debug:sfc_api.obj
 0001:00023130       sfc_api_get_consistency_info 0000000180024130 f   sfc_debug:sfc_api.obj
 0001:00023140       sfc_api_browse_trace       0000000180024140 f   sfc_debug:sfc_api.obj
 0001:00023150       sfc_api_break_on_chart_entry 0000000180024150 f   sfc_debug:sfc_api.obj
 0001:00023170       sfc_api_break_on_event_broadcast 0000000180024170 f   sfc_debug:sfc_api.obj
 0001:00023190       sfc_api_break_on_state_entry 0000000180024190 f   sfc_debug:sfc_api.obj
 0001:000231b0       sfc_api_set_watch          00000001800241b0 f   sfc_debug:sfc_api.obj
 0001:00023250       sfc_api_set_breakpoints    0000000180024250 f   sfc_debug:sfc_api.obj
 0001:000232f0       sfc_api_set_eml_breakpoints 00000001800242f0 f   sfc_debug:sfc_api.obj
 0001:00023370       sfc_api_set_script_breakpoints 0000000180024370 f   sfc_debug:sfc_api.obj
 0001:000233c0       sfc_api_add_script_breakpoints 00000001800243c0 f   sfc_debug:sfc_api.obj
 0001:00023410       sfc_api_clear_script_breakpoints 0000000180024410 f   sfc_debug:sfc_api.obj
 0001:00023460       sfc_api_query_script_breakpoints 0000000180024460 f   sfc_debug:sfc_api.obj
 0001:000234c0       sfc_api_get_script_id      00000001800244c0 f   sfc_debug:sfc_api.obj
 0001:00023580       sfc_api_get_active_states  0000000180024580 f   sfc_debug:sfc_api.obj
 0001:00023600       sfc_api_break_between_times 0000000180024600 f   sfc_debug:sfc_api.obj
 0001:00023660       sfc_api_get_instance_handle 0000000180024660 f   sfc_debug:sfc_api.obj
 0001:00023710       sfc_api_set_animation      0000000180024710 f   sfc_debug:sfc_api.obj
 0001:00023760       sfc_api_select_chart       0000000180024760 f   sfc_debug:sfc_api.obj
 0001:000237c0       sfc_api_select_charts      00000001800247c0 f   sfc_debug:sfc_api.obj
 0001:000237f0       sfc_api_cycle_detection_check 00000001800247f0 f   sfc_debug:sfc_api.obj
 0001:00023840       sfc_api_data_range_check   0000000180024840 f   sfc_debug:sfc_api.obj
 0001:00023890       sfc_api_transition_conflict_check 0000000180024890 f   sfc_debug:sfc_api.obj
 0001:000238e0       sfc_api_state_consistency_check 00000001800248e0 f   sfc_debug:sfc_api.obj
 0001:00023930       sfc_api_set_instance_cv_ids 0000000180024930 f   sfc_debug:sfc_api.obj
 0001:00023a40       sfc_api_set_script_cv_ids  0000000180024a40 f   sfc_debug:sfc_api.obj
 0001:00023af0       sfc_api_get_current_machine_id 0000000180024af0 f   sfc_debug:sfc_api.obj
 0001:00023b20       sfc_api_get_current_machine_number 0000000180024b20 f   sfc_debug:sfc_api.obj
 0001:00023b50       sfc_api_get_current_chart_number 0000000180024b50 f   sfc_debug:sfc_api.obj
 0001:00023b80       sfc_api_get_current_instance_number 0000000180024b80 f   sfc_debug:sfc_api.obj
 0001:00023bb0       sfc_api_get_current_instance_handle 0000000180024bb0 f   sfc_debug:sfc_api.obj
 0001:00023bd0       sfc_api_get_current_is_minor_time_step 0000000180024bd0 f   sfc_debug:sfc_api.obj
 0001:00023c00       sfc_api_get_current_machine_name 0000000180024c00 f   sfc_debug:sfc_api.obj
 0001:00023c20       sfc_api_get_current_chart_id 0000000180024c20 f   sfc_debug:sfc_api.obj
 0001:00023c50       sfc_api_get_current_object_type 0000000180024c50 f   sfc_debug:sfc_api.obj
 0001:00023c80       sfc_api_get_current_event_type 0000000180024c80 f   sfc_debug:sfc_api.obj
 0001:00023cb0       sfc_api_get_current_object_id 0000000180024cb0 f   sfc_debug:sfc_api.obj
 0001:00023ce0       sfc_get_current_active_event_type 0000000180024ce0 f   sfc_debug:sfc_api.obj
 0001:00023d10       sfc_api_get_current_active_event_id 0000000180024d10 f   sfc_debug:sfc_api.obj
 0001:00023d40       sfc_api_get_current_simulation_time 0000000180024d40 f   sfc_debug:sfc_api.obj
 0001:00023d60       sfc_get_current_tag_type   0000000180024d60 f   sfc_debug:sfc_api.obj
 0001:00023d90       sfc_get_current_coverage_percentage 0000000180024d90 f   sfc_debug:sfc_api.obj
 0001:00023db0       sfc_get_current_statement_context 0000000180024db0 f   sfc_debug:sfc_api.obj
 0001:00023dd0       sfc_get_current_optional_integer 0000000180024dd0 f   sfc_debug:sfc_api.obj
 0001:00023e00       sfc_get_current_statement_info 0000000180024e00 f   sfc_debug:sfc_api.obj
 0001:00023ea0       sfc_api_get                0000000180024ea0 f   sfc_debug:sfc_api.obj
 0001:00024b10       sf_debug_sm_fill_state_activity_data 0000000180025b10 f   sfc_debug:sfdb_animation.obj
 0001:00027410       void_ptr_stack_vector_free_total 0000000180028410 f   sfc_debug:sfdb_data_browse.obj
 0001:000274a0       sf_debug_st_terminate_machine 00000001800284a0 f   sfc_debug:sfdb_data_browse.obj
 0001:000274e0       sf_debug_st_terminate_instance 00000001800284e0 f   sfc_debug:sfdb_data_browse.obj
 0001:00027890       push_on_to_void_ptr_stack  0000000180028890 f   sfc_debug:sfdb_data_browse.obj
 0001:00027a20       pop_from_void_ptr_stack    0000000180028a20 f   sfc_debug:sfdb_data_browse.obj
 0001:00027b50       sf_debug_st_get_data_value 0000000180028b50 f   sfc_debug:sfdb_data_browse.obj
 0001:000280e0       mx_value                   00000001800290e0 f   sfc_debug:sfdb_data_browse.obj
 0001:00028120       sf_debug_st_fill_data_struct 0000000180029120 f   sfc_debug:sfdb_data_browse.obj
 0001:00028460       data_type_format_strings   0000000180029460 f   sfc_debug:sfdb_data_browse.obj
 0001:00028510       sf_debug_st_fill_data      0000000180029510 f   sfc_debug:sfdb_data_browse.obj
 0001:00029260       sf_debug_hm_get_simulink_handle 000000018002a260 f   sfc_debug:sfdb_handle_management.obj
 0001:00029d60       sf_debug_hm_initialize_globals 000000018002ad60 f   sfc_debug:sfdb_handle_management.obj
 0001:00029e60       sf_debug_hm_get_machine_debug_flag 000000018002ae60 f   sfc_debug:sfdb_handle_management.obj
 0001:00029fd0       sf_debug_hm_get_machine_id 000000018002afd0 f   sfc_debug:sfdb_handle_management.obj
 0001:0002a0f0       sf_debug_hm_get_chart_id   000000018002b0f0 f   sfc_debug:sfdb_handle_management.obj
 0001:0002a290       sf_debug_hm_register_executing_SFunction 000000018002b290 f   sfc_debug:sfdb_handle_management.obj
 0001:0002a620       sf_debug_hm_form_object_boolean_properties 000000018002b620 f   sfc_debug:sfdb_handle_management.obj
 0001:0002a8f0       sf_debug_hm_form_object_properties 000000018002b8f0 f   sfc_debug:sfdb_handle_management.obj
 0001:0002ab30       sf_debug_hm_terminate_charts 000000018002bb30 f   sfc_debug:sfdb_handle_management.obj
 0001:0002b290       sf_debug_hm_terminate_machines 000000018002c290 f   sfc_debug:sfdb_handle_management.obj
 0001:0002ce90       sf_debug_ss_copy_dimension 000000018002de90 f   sfc_debug:sfdb_symbol_scope.obj
 0001:0002cf50       sf_debug_ss_get_number_elements 000000018002df50 f   sfc_debug:sfdb_symbol_scope.obj
 0001:0002cf70       sf_debug_ss_fill_data_struct 000000018002df70 f   sfc_debug:sfdb_symbol_scope.obj
 0001:0002d2c0       sf_debug_ss_reset_data_info 000000018002e2c0 f   sfc_debug:sfdb_symbol_scope.obj
 0001:0002d320       sf_debug_fill_data_info_by_symbol_scope_entry 000000018002e320 f   sfc_debug:sfdb_symbol_scope.obj
 0001:0002d3e0       sf_debug_fill_data_info_by_data_vector 000000018002e3e0 f   sfc_debug:sfdb_symbol_scope.obj
 0001:0002d630       get_data_info_helper       000000018002e630 f   sfc_debug:sfdb_symbol_scope.obj
 0001:0002d730       sf_debug_ss_get_data_info  000000018002e730 f   sfc_debug:sfdb_symbol_scope.obj
 0001:0002d960       sf_debug_select_mex_function 000000018002e960 f   sfc_debug:sfdb_symbol_scope.obj
 0001:0002d990       sf_debug_is_dyn_matrix_initialized 000000018002e990 f   sfc_debug:sfdb_symbol_scope.obj
 0001:0002d9b0       sf_debug_ss_set_data_value_try 000000018002e9b0 f   sfc_debug:sfdb_symbol_scope.obj
 0001:0002db80       sf_debug_ss_get_data_value 000000018002eb80 f   sfc_debug:sfdb_symbol_scope.obj
 0001:0002e2f0       sf_debug_ss_data_bytes_string 000000018002f2f0 f   sfc_debug:sfdb_symbol_scope.obj
 0001:0002e3a0       sf_debug_ss_data_class_string 000000018002f3a0 f   sfc_debug:sfdb_symbol_scope.obj
 0001:0002e730       sf_debug_ss_data_size_string 000000018002f730 f   sfc_debug:sfdb_symbol_scope.obj
 0001:0002e810       sf_debug_ss_data_create_data_info_struct 000000018002f810 f   sfc_debug:sfdb_symbol_scope.obj
 0001:0002eae0       sf_debug_ss_data_create_name_value_pair 000000018002fae0 f   sfc_debug:sfdb_symbol_scope.obj
 0001:0002eb80       sf_debug_ss_data_get_whos_info 000000018002fb80 f   sfc_debug:sfdb_symbol_scope.obj
 0001:0002eb90       same_named_data_in_data_array 000000018002fb90 f   sfc_debug:sfdb_symbol_scope.obj
 0001:00030420       sf_debug_cc_terminate_chart 0000000180031420 f   sfc_debug:sfdb_coverage.obj
 0001:000307c0       sf_debug_cc_terminate_instance 00000001800317c0 f   sfc_debug:sfdb_coverage.obj
 0001:000313b0       sf_debug_cc_mark_object_if_needed 00000001800323b0 f   sfc_debug:sfdb_coverage.obj
 0001:00031cb0       sf_debug_bm_initialize_eml 0000000180032cb0 f   sfc_debug:sfdb_breakpoints.obj
 0001:00032df0       sf_debug_bm_map_debug_tag_to_breakpoint_tag 0000000180033df0 f   sfc_debug:sfdb_breakpoints.obj
 0001:00032ed0       sf_debug_bm_is_a_eml_breakpoint_impl 0000000180033ed0 f   sfc_debug:sfdb_breakpoints.obj
 0001:00034a10       sf_debug_sc_push_on_error_stack 0000000180035a10 f   sfc_debug:sfdb_state_consistency.obj
 0001:00034b40       sf_debug_sc_reset_error_stack 0000000180035b40 f   sfc_debug:sfdb_state_consistency.obj
 0001:00034cd0       sf_debug_sc_is_state_inconsistent 0000000180035cd0 f   sfc_debug:sfdb_state_consistency.obj
 0001:00034fd0       sf_debug_sc_fill_consistency_info 0000000180035fd0 f   sfc_debug:sfdb_state_consistency.obj
 0001:000355b0       void_assertion_fcn         00000001800365b0 f   sfc_debug:sfdb_call_stack.obj
 0001:00035b30       sf_debug_tm_fill_local_trace 0000000180036b30 f   sfc_debug:sfdb_call_stack.obj
 0001:00036100       sf_debug_cd_terminate_instance 0000000180037100 f   sfc_debug:sfdb_cycle_detection.obj
 0001:00036160       sf_debug_cd_free_checksum_stack 0000000180037160 f   sfc_debug:sfdb_cycle_detection.obj
 0001:000361b0       sf_debug_cd_reset_pack_strings 00000001800371b0 f   sfc_debug:sfdb_cycle_detection.obj
 0001:00036870       md5file_clear              0000000180037870 f   sfc_debug:ckmd5.obj
 0001:000368a0       Encode                     00000001800378a0 f   sfc_debug:ckmd5.obj
 0001:000368f0       Decode                     00000001800378f0 f   sfc_debug:ckmd5.obj
 0001:00036990       MD5Transform               0000000180037990 f   sfc_debug:ckmd5.obj
 0001:000371e0       md5file_addn               00000001800381e0 f   sfc_debug:ckmd5.obj
 0001:000372b0       md5file_hash               00000001800382b0 f   sfc_debug:ckmd5.obj
 0001:00037798       pre_c_init                 0000000180038798 f   MSVCRT:crtdll.obj
 0001:00037a54       __DllMainCRTStartup        0000000180038a54 f   MSVCRT:crtdll.obj
 0001:00038160       __DllMainCRTStartup$filt$0 0000000180039160 f   MSVCRT:crtdll.obj
 0001:00038190       __DllMainCRTStartup$fin$1  0000000180039190 f   MSVCRT:crtdll.obj
 0001:000381aa       _onexit$fin$0              00000001800391aa f   MSVCRT:atonexit.obj
 0001:000381d0       _IsNonwritableInCurrentImage$filt$0 00000001800391d0 f   MSVCRT:pesect.obj
