 sim_Motor_2kW_openloop_sfun

 Timestamp is 51da7543 (Mon Jul 08 18:16:03 2013)

 Preferred load address is 0000000180000000

 Start         Length     Name                   Class
 0001:00000000 00038564H .text                   CODE
 0001:00038570 00000092H .text$x                 CODE
 0002:00000000 00000498H .idata$5                DATA
 0002:00000498 00000008H .CRT$XCA                DATA
 0002:000004a0 00000008H .CRT$XCZ                DATA
 0002:000004a8 00000008H .CRT$XIA                DATA
 0002:000004b0 00000008H .CRT$XIAA               DATA
 0002:000004b8 00000008H .CRT$XIZ                DATA
 0002:000004c0 00004b5cH .rdata                  DATA
 0002:00005020 00000008H .rtc$IAA                DATA
 0002:00005028 00000008H .rtc$IZZ                DATA
 0002:00005030 00000008H .rtc$TAA                DATA
 0002:00005038 00000008H .rtc$TZZ                DATA
 0002:00005040 00003fc4H .xdata                  DATA
 0002:00009004 000000a0H .idata$2                DATA
 0002:000090a4 00000014H .idata$3                DATA
 0002:000090b8 00000498H .idata$4                DATA
 0002:00009550 00000aaeH .idata$6                DATA
 0002:0000a000 00000061H .edata                  DATA
 0003:00000000 00002278H .data                   DATA
 0003:00002280 000026d8H .bss                    DATA
 0004:00000000 00003084H .pdata                  DATA

  Address         Publics by Value              Rva+Base               Lib:Object

 0000:00000000       ___safe_se_handler_count   0000000000000000     <absolute>
 0000:00000000       ___safe_se_handler_table   0000000000000000     <absolute>
 0000:00000000       __ImageBase                0000000180000000     <linker-defined>
 0001:00000000       sf_c2_sim_Motor_2kW_openloop_get_eml_resolved_functions_info 0000000180001000 f   c2_sim_Motor_2kW_openloop.obj
 0001:00000e10       sf_c2_sim_Motor_2kW_openloop_get_check_sum 0000000180001e10 f   c2_sim_Motor_2kW_openloop.obj
 0001:00000e90       sf_c2_sim_Motor_2kW_openloop_get_autoinheritance_info 0000000180001e90 f   c2_sim_Motor_2kW_openloop.obj
 0001:00001910       sf_internal_get_sim_state_c2_sim_Motor_2kW_openloop 0000000180002910 f   c2_sim_Motor_2kW_openloop.obj
 0001:00001d90       sf_internal_set_sim_state_c2_sim_Motor_2kW_openloop 0000000180002d90 f   c2_sim_Motor_2kW_openloop.obj
 0001:000023c0       c2_sim_Motor_2kW_openloop_method_dispatcher 00000001800033c0 f   c2_sim_Motor_2kW_openloop.obj
 0001:00005f80       sf_process_check_sum_call  0000000180006f80 f   sim_Motor_2kW_openloop_sfun_registry.obj
 0001:00005fd0       sf_process_autoinheritance_call 0000000180006fd0 f   sim_Motor_2kW_openloop_sfun_registry.obj
 0001:00006170       sf_process_get_eml_resolved_functions_info_call 0000000180007170 f   sim_Motor_2kW_openloop_sfun_registry.obj
 0001:000062f0       sf_mex_unlock_call         00000001800072f0 f   sim_Motor_2kW_openloop_sfun_registry.obj
 0001:000063a0       sf_machine_global_initializer_called 00000001800073a0 f   sim_Motor_2kW_openloop_sfun_registry.obj
 0001:000063d0       sf_machine_global_method_dispatcher 00000001800073d0 f   sim_Motor_2kW_openloop_sfun_registry.obj
 0001:00006430       sf_machine_global_terminator 0000000180007430 f   sim_Motor_2kW_openloop_sfun_registry.obj
 0001:00006470       sf_register_machine_exported_symbols 0000000180007470 f   sim_Motor_2kW_openloop_sfun_registry.obj
 0001:00006490       callCustomFcn              0000000180007490 f   sim_Motor_2kW_openloop_sfun_registry.obj
 0001:000064a0       sf_machine_global_initializer 00000001800074a0 f   sim_Motor_2kW_openloop_sfun_registry.obj
 0001:00006510       _ssSetStateAbsTol          0000000180007510 f   sim_Motor_2kW_openloop_sfun_registry.obj
 0001:000065f0       _ssGetAbsTol               00000001800075f0 f   sim_Motor_2kW_openloop_sfun_registry.obj
 0001:00006660       _ssSetInputPortMatrixDimensions 0000000180007660 f   sim_Motor_2kW_openloop_sfun_registry.obj
 0001:00006770       _ssSetOutputPortMatrixDimensions 0000000180007770 f   sim_Motor_2kW_openloop_sfun_registry.obj
 0001:00006880       _ssSetInputPortVectorDimension 0000000180007880 f   sim_Motor_2kW_openloop_sfun_registry.obj
 0001:00006950       _ssSetOutputPortVectorDimension 0000000180007950 f   sim_Motor_2kW_openloop_sfun_registry.obj
 0001:00006a20       ssIsRunTimeParamTunable    0000000180007a20 f   sim_Motor_2kW_openloop_sfun_registry.obj
 0001:00006a90       ssGetSFuncBlockHandle      0000000180007a90 f   sim_Motor_2kW_openloop_sfun_registry.obj
 0001:00006b00       _ssGetCurrentInputPortWidth 0000000180007b00 f   sim_Motor_2kW_openloop_sfun_registry.obj
 0001:00006c20       _ssGetCurrentOutputPortWidth 0000000180007c20 f   sim_Motor_2kW_openloop_sfun_registry.obj
 0001:00006d40       _ssGetCallSystemNumFcnCallDestinations 0000000180007d40 f   sim_Motor_2kW_openloop_sfun_registry.obj
 0001:00006db0       ssWarning                  0000000180007db0 f   sim_Motor_2kW_openloop_sfun_registry.obj
 0001:00006ec0       ssGetIsZeroCrossControlDisabled 0000000180007ec0 f   sim_Motor_2kW_openloop_sfun_registry.obj
 0001:00006f30       ssSetIsInputPortUsedForContZcSignal 0000000180007f30 f   sim_Motor_2kW_openloop_sfun_registry.obj
 0001:00006fa0       ssSetZcSignalIsZcElementDisc 0000000180007fa0 f   sim_Motor_2kW_openloop_sfun_registry.obj
 0001:00007050       ssSetZcSignalName          0000000180008050 f   sim_Motor_2kW_openloop_sfun_registry.obj
 0001:000070c0       ssSetZcSignalWidth         00000001800080c0 f   sim_Motor_2kW_openloop_sfun_registry.obj
 0001:00007130       ssSetZcSignalZcEventType   0000000180008130 f   sim_Motor_2kW_openloop_sfun_registry.obj
 0001:000071a0       ssSetZcSignalType          00000001800081a0 f   sim_Motor_2kW_openloop_sfun_registry.obj
 0001:00007210       ssSetZcSignalZcTol         0000000180008210 f   sim_Motor_2kW_openloop_sfun_registry.obj
 0001:00007280       ssSetZcSignalNeedsEventNotification 0000000180008280 f   sim_Motor_2kW_openloop_sfun_registry.obj
 0001:000072f0       ssCreateAndAddZcSignalInfo 00000001800082f0 f   sim_Motor_2kW_openloop_sfun_registry.obj
 0001:00007360       ssCloneAndAddZcSignalInfo  0000000180008360 f   sim_Motor_2kW_openloop_sfun_registry.obj
 0001:000073d0       ssGetNumZcSignals          00000001800083d0 f   sim_Motor_2kW_openloop_sfun_registry.obj
 0001:00007440       ssGetZcSignalVector        0000000180008440 f   sim_Motor_2kW_openloop_sfun_registry.obj
 0001:000074b0       ssGetZcSignalZcEvents      00000001800084b0 f   sim_Motor_2kW_openloop_sfun_registry.obj
 0001:00007520       ssGetZcSignalName          0000000180008520 f   sim_Motor_2kW_openloop_sfun_registry.obj
 0001:00007590       ssGetZcSignalWidth         0000000180008590 f   sim_Motor_2kW_openloop_sfun_registry.obj
 0001:00007600       ssGetZcSignalZcEventType   0000000180008600 f   sim_Motor_2kW_openloop_sfun_registry.obj
 0001:00007670       ssGetZcSignalType          0000000180008670 f   sim_Motor_2kW_openloop_sfun_registry.obj
 0001:000076e0       ssGetZcSignalZcTol         00000001800086e0 f   sim_Motor_2kW_openloop_sfun_registry.obj
 0001:00007760       ssGetZcSignalNeedsEventNotification 0000000180008760 f   sim_Motor_2kW_openloop_sfun_registry.obj
 0001:000077d0       ssGetZcSignalIsZcElementDisc 00000001800087d0 f   sim_Motor_2kW_openloop_sfun_registry.obj
 0001:00007870       ssGetIsInputPortElementContinuous 0000000180008870 f   sim_Motor_2kW_openloop_sfun_registry.obj
 0001:00007910       _ssGetInputPortSignalPtrsFcn 0000000180008910 f   sim_Motor_2kW_openloop_sfun_registry.obj
 0001:00007bd0       _ssGetInputPortSignalFcn   0000000180008bd0 f   sim_Motor_2kW_openloop_sfun_registry.obj
 0001:00007df0       _ssSetInputPortDirectFeedThroughFcn 0000000180008df0 f   sim_Motor_2kW_openloop_sfun_registry.obj
 0001:00007f50       _ssSetInputPortReusableFcn 0000000180008f50 f   sim_Motor_2kW_openloop_sfun_registry.obj
 0001:00008040       _ssSetOutputPortReusableFcn 0000000180009040 f   sim_Motor_2kW_openloop_sfun_registry.obj
 0001:00008120       ssGetDTypeIdFromMxArray    0000000180009120 f   sim_Motor_2kW_openloop_sfun_registry.obj
 0001:00008240       ssWriteRTWStr              0000000180009240 f   sim_Motor_2kW_openloop_sfun_registry.obj
 0001:000082a0       ssWriteRTWMxVectParam      00000001800092a0 f   sim_Motor_2kW_openloop_sfun_registry.obj
 0001:00008300       ssWriteRTWMx2dMatParam     0000000180009300 f   sim_Motor_2kW_openloop_sfun_registry.obj
 0001:00008380       ssWriteRTWNameValuePair    0000000180009380 f   sim_Motor_2kW_openloop_sfun_registry.obj
 0001:00008870       ssWriteRTWParameters       0000000180009870 f   sim_Motor_2kW_openloop_sfun_registry.obj
 0001:00008e70       ssWriteRTWParamSettings    0000000180009e70 f   sim_Motor_2kW_openloop_sfun_registry.obj
 0001:00009540       ssWriteRTWWorkVect         000000018000a540 f   sim_Motor_2kW_openloop_sfun_registry.obj
 0001:00009a40       mexFunction                000000018000aa40 f   sim_Motor_2kW_openloop_sfun_registry.obj
 0001:0000b700       ProcessMexSfunctionEveryCall 000000018000c700 f   sim_Motor_2kW_openloop_sfun_registry.obj
 0001:0000b870       sim_Motor_2kW_openloop_initializer 000000018000c870 f   sim_Motor_2kW_openloop_sfun.obj
 0001:0000b880       sim_Motor_2kW_openloop_terminator 000000018000c880 f   sim_Motor_2kW_openloop_sfun.obj
 0001:0000b890       sf_sim_Motor_2kW_openloop_method_dispatcher 000000018000c890 f   sim_Motor_2kW_openloop_sfun.obj
 0001:0000b8e0       sf_sim_Motor_2kW_openloop_process_check_sum_call 000000018000c8e0 f   sim_Motor_2kW_openloop_sfun.obj
 0001:0000bcf0       sf_sim_Motor_2kW_openloop_autoinheritance_info 000000018000ccf0 f   sim_Motor_2kW_openloop_sfun.obj
 0001:0000be60       sf_sim_Motor_2kW_openloop_get_eml_resolved_functions_info 000000018000ce60 f   sim_Motor_2kW_openloop_sfun.obj
 0001:0000bf90       sim_Motor_2kW_openloop_debug_initialize 000000018000cf90 f   sim_Motor_2kW_openloop_sfun.obj
 0001:0000c000       sim_Motor_2kW_openloop_register_exported_symbols 000000018000d000 f   sim_Motor_2kW_openloop_sfun.obj
 0001:0000c010       load_sim_Motor_2kW_openloop_optimization_info 000000018000d010 f   sim_Motor_2kW_openloop_sfun.obj
 0001:0000c060       unload_sim_Motor_2kW_openloop_optimization_info 000000018000d060 f   sim_Motor_2kW_openloop_sfun.obj
 0001:0000c180       sf_mex_mx_is_numeric       000000018000d180 f   sfc_mex:sfc_mex.obj
 0001:0000c1c0       strcmp_ignore_ws           000000018000d1c0 f   sfc_mex:sfc_mex.obj
 0001:0000c300       sf_mex_duplicatearraysafe  000000018000d300 f   sfc_mex:sfc_mex.obj
 0001:0000c460       sf_set_error_debugger_context_message_fcn 000000018000d460 f   sfc_mex:sfc_mex.obj
 0001:0000c470       sf_set_debugger_matlab_error_fcn 000000018000d470 f   sfc_mex:sfc_mex.obj
 0001:0000c4a0       sf_set_error_prefix_string 000000018000d4a0 f   sfc_mex:sfc_mex.obj
 0001:0000c4d0       sf_get_error_prefix_string 000000018000d4d0 f   sfc_mex:sfc_mex.obj
 0001:0000c4e0       sf_mex_enter_parallel_region 000000018000d4e0 f   sfc_mex:sfc_mex.obj
 0001:0000c4f0       sf_mex_exit_parallel_region 000000018000d4f0 f   sfc_mex:sfc_mex.obj
 0001:0000c500       sf_get_current_jmp_buf_ptr 000000018000d500 f   sfc_mex:sfc_mex.obj
 0001:0000c510       sf_set_current_jmp_buf_ptr 000000018000d510 f   sfc_mex:sfc_mex.obj
 0001:0000c520       sf_mex_set_halt_simulation 000000018000d520 f   sfc_mex:sfc_mex.obj
 0001:0000c530       sf_mex_get_halt_simulation 000000018000d530 f   sfc_mex:sfc_mex.obj
 0001:0000c540       sf_mex_clear_error_message 000000018000d540 f   sfc_mex:sfc_mex.obj
 0001:0000c560       sf_mex_get_error_message_for_read 000000018000d560 f   sfc_mex:sfc_mex.obj
 0001:0000c570       sf_mex_get_error_message_buffer_length 000000018000d570 f   sfc_mex:sfc_mex.obj
 0001:0000c650       sf_mex_warning_message     000000018000d650 f   sfc_mex:sfc_mex.obj
 0001:0000c6c0       sf_mex_v_errbuf_createf    000000018000d6c0 f   sfc_mex:sfc_mex.obj
 0001:0000c6d0       sf_mex_errbuf_createf      000000018000d6d0 f   sfc_mex:sfc_mex.obj
 0001:0000c700       sf_mex_v_errbuf_catf       000000018000d700 f   sfc_mex:sfc_mex.obj
 0001:0000c740       sf_mex_errbuf_catf         000000018000d740 f   sfc_mex:sfc_mex.obj
 0001:0000c790       sf_mex_errbuf_copy         000000018000d790 f   sfc_mex:sfc_mex.obj
 0001:0000c7a0       sf_mex_errbuf_clear        000000018000d7a0 f   sfc_mex:sfc_mex.obj
 0001:0000c7b0       sf_mex_errbuf_isempty      000000018000d7b0 f   sfc_mex:sfc_mex.obj
 0001:0000c8c0       sf_mex_set_error_status    000000018000d8c0 f   sfc_mex:sfc_mex.obj
 0001:0000c910       sf_mex_error_direct_call   000000018000d910 f   sfc_mex:sfc_mex.obj
 0001:0000c930       sf_mex_error_message_no_long_jump 000000018000d930 f   sfc_mex:sfc_mex.obj
 0001:0000c950       sf_mex_long_jump_on_error  000000018000d950 f   sfc_mex:sfc_mex.obj
 0001:0000c980       sf_mex_call_matlab         000000018000d980 f   sfc_mex:sfc_mex.obj
 0001:0000caa0       sf_mex_check_builtin       000000018000daa0 f   sfc_mex:sfc_mex.obj
 0001:0000cb40       sf_mex_check_builtin_vs    000000018000db40 f   sfc_mex:sfc_mex.obj
 0001:0000cc00       sf_mex_check_enum          000000018000dc00 f   sfc_mex:sfc_mex.obj
 0001:0000cc80       sf_mex_create_enum         000000018000dc80 f   sfc_mex:sfc_mex.obj
 0001:0000ccf0       sf_mex_get_enum_element    000000018000dcf0 f   sfc_mex:sfc_mex.obj
 0001:0000cd00       sf_mex_createcellarray     000000018000dd00 f   sfc_mex:sfc_mex.obj
 0001:0000cd10       sf_mex_setcell             000000018000dd10 f   sfc_mex:sfc_mex.obj
 0001:0000cd20       sf_mex_getcell             000000018000dd20 f   sfc_mex:sfc_mex.obj
 0001:0000cd30       sf_mex_dup                 000000018000dd30 f   sfc_mex:sfc_mex.obj
 0001:0000cd50       sf_mex_assign              000000018000dd50 f   sfc_mex:sfc_mex.obj
 0001:0000cdd0       sf_mex_destroy             000000018000ddd0 f   sfc_mex:sfc_mex.obj
 0001:0000ce00       mx_array_has_fi_type       000000018000de00 f   sfc_mex:sfc_mex.obj
 0001:0000ce30       sf_mex_convert_from_fi     000000018000de30 f   sfc_mex:sfc_mex.obj
 0001:0000cf60       sf_mex_convert_to_double   000000018000df60 f   sfc_mex:sfc_mex.obj
 0001:0000d080       sf_mex_import_fi_vs        000000018000e080 f   sfc_mex:sfc_mex.obj
 0001:0000d240       sf_matrix_matrix_index_ok  000000018000e240 f   sfc_mex:sfc_mex.obj
 0001:0000d2d0       sf_vector_vector_index_ok  000000018000e2d0 f   sfc_mex:sfc_mex.obj
 0001:0000d300       ssGetCurrentInputPortDimensions_wrapper 000000018000e300 f   sfc_mex:sfc_mex.obj
 0001:0000d320       ssGetCurrentOutputPortDimensions_wrapper 000000018000e320 f   sfc_mex:sfc_mex.obj
 0001:0000d340       sf_mex_emlrt_context_is_debug_mode 000000018000e340 f   sfc_mex:sfc_mex.obj
 0001:0000d350       sf_mex_emlrt_context_set_debug_mode 000000018000e350 f   sfc_mex:sfc_mex.obj
 0001:0000d360       sf_mex_emlrtNameCapturePostProcessR2012a 000000018000e360 f   sfc_mex:sfc_mex.obj
 0001:0000d3d0       sf_clear_error_manager_info 000000018000e3d0 f   sfc_mex:sfc_mex.obj
 0001:0000d430       sf_mex_stop_simulation_abruptly_wo_error 000000018000e430 f   sfc_mex:sfc_mex.obj
 0001:0000d470       sf_mex_error_message       000000018000e470 f   sfc_mex:sfc_mex.obj
 0001:0000d4d0       sf_react_to_error_in_matlab_call 000000018000e4d0 f   sfc_mex:sfc_mex.obj
 0001:0000d500       sf_mex_addfield            000000018000e500 f   sfc_mex:sfc_mex.obj
 0001:0000d5a0       sf_mex_getfield            000000018000e5a0 f   sfc_mex:sfc_mex.obj
 0001:0000d8a0       sf_mex_check_class         000000018000e8a0 f   sfc_mex:sfc_mex.obj
 0001:0000d940       sf_mex_is_real             000000018000e940 f   sfc_mex:sfc_mex.obj
 0001:0000ddb0       sf_mex_decode_encoded_mx_struct_array 000000018000edb0 f   sfc_mex:sfc_mex.obj
 0001:0000e090       sf_mex_lw_bounds_check     000000018000f090 f   sfc_mex:sfc_mex.obj
 0001:0000e0c0       sf_mex_lw_size_eq_check_1d 000000018000f0c0 f   sfc_mex:sfc_mex.obj
 0001:0000e0e0       sf_mex_lw_size_eq_check_nd 000000018000f0e0 f   sfc_mex:sfc_mex.obj
 0001:0000e2c0       sf_mex_lw_dim_size_eq_check 000000018000f2c0 f   sfc_mex:sfc_mex.obj
 0001:0000e2f0       sf_mex_lw_dim_size_geq_check 000000018000f2f0 f   sfc_mex:sfc_mex.obj
 0001:0000e320       sf_mex_lw_sub_assign_size_check_nd 000000018000f320 f   sfc_mex:sfc_mex.obj
 0001:0000e550       sf_mex_lw_runtime_error_msgid 000000018000f550 f   sfc_mex:sfc_mex.obj
 0001:0000e640       sf_mex_lw_matrix_matrix_index_check 000000018000f640 f   sfc_mex:sfc_mex.obj
 0001:0000e660       sf_mex_lw_vector_vector_index_check 000000018000f660 f   sfc_mex:sfc_mex.obj
 0001:0000e6a0       sf_mex_lw_for_loop_vector_check 000000018000f6a0 f   sfc_mex:sfc_mex.obj
 0001:0000e730       sf_mex_lw_non_negative_check 000000018000f730 f   sfc_mex:sfc_mex.obj
 0001:0000e770       sf_mex_overflow_error      000000018000f770 f   sfc_mex:sfc_mex.obj
 0001:0000e780       sf_mex_dividebyzero_error  000000018000f780 f   sfc_mex:sfc_mex.obj
 0001:0000e790       sf_mex_unsafe_enum_error   000000018000f790 f   sfc_mex:sfc_mex.obj
 0001:0000e7a0       sf_emlrtErrHandler         000000018000f7a0 f   sfc_mex:sfc_mex.obj
 0001:0000e880       sf_mex_size_one_check      000000018000f880 f   sfc_mex:sfc_mex.obj
 0001:0000e8a0       sf_mex_printf              000000018000f8a0 f   sfc_mex:sfc_mex.obj
 0001:0000ea70       sf_mex_check_size          000000018000fa70 f   sfc_mex:sfc_mex.obj
 0001:0000ed40       sf_mex_check_struct        000000018000fd40 f   sfc_mex:sfc_mex.obj
 0001:0000efa0       sf_mex_check_struct_vs     000000018000ffa0 f   sfc_mex:sfc_mex.obj
 0001:0000f030       sf_mex_check_fi            0000000180010030 f   sfc_mex:sfc_mex.obj
 0001:0000f130       sf_mex_check_fi_vs         0000000180010130 f   sfc_mex:sfc_mex.obj
 0001:0000f1d0       sf_echo_expression         00000001800101d0 f   sfc_mex:sfc_mex.obj
 0001:0000f230       sf_assertion_failed        0000000180010230 f   sfc_mex:sfc_mex.obj
 0001:0000f510       sf_mex_evalin              0000000180010510 f   sfc_mex:sfc_mex.obj
 0001:0000f780       sf_mex_export              0000000180010780 f   sfc_mex:sfc_mex.obj
 0001:0000f840       sf_mex_get_ml_var_no_error 0000000180010840 f   sfc_mex:sfc_mex.obj
 0001:0000f9e0       sf_mex_get_ml_var          00000001800109e0 f   sfc_mex:sfc_mex.obj
 0001:0000fe80       ml_set_element_value_in_array 0000000180010e80 f   sfc_mex:sfc_mex.obj
 0001:00011550       sf_mex_call_impl           0000000180012550 f   sfc_mex:sfc_mex.obj
 0001:00011a80       sf_mex_call_debug          0000000180012a80 f   sfc_mex:sfc_mex.obj
 0001:00011ab0       sf_mex_call                0000000180012ab0 f   sfc_mex:sfc_mex.obj
 0001:00012100       sf_mex_createstruct        0000000180013100 f   sfc_mex:sfc_mex.obj
 0001:000121f0       sf_mex_createstructarray   00000001800131f0 f   sfc_mex:sfc_mex.obj
 0001:00012270       sf_mex_get_mx_datatype_from_sf_datatype 0000000180013270 f   sfc_mex:sfc_mex.obj
 0001:00012580       sf_mex_ml_var_sub          0000000180013580 f   sfc_mex:sfc_mex.obj
 0001:00012750       sf_mex_ml_var_subsasgn     0000000180013750 f   sfc_mex:sfc_mex.obj
 0001:00012b40       sf_mex_sub                 0000000180013b40 f   sfc_mex:sfc_mex.obj
 0001:00012d40       sf_mex_subsasgn            0000000180013d40 f   sfc_mex:sfc_mex.obj
 0001:00013220       sf_mex_create              0000000180014220 f   sfc_mex:sfc_mex.obj
 0001:00013c70       sf_mex_import_named        0000000180014c70 f   sfc_mex:sfc_mex.obj
 0001:00013cd0       sf_mex_import              0000000180014cd0 f   sfc_mex:sfc_mex.obj
 0001:00013d20       sf_mex_import_vs           0000000180014d20 f   sfc_mex:sfc_mex.obj
 0001:00013e30       sf_mex_lower_fixpt_mx_array 0000000180014e30 f   sfc_mex:sfc_mex.obj
 0001:00014120       sf_send_message_wrapper    0000000180015120 f   sfc_mex:sfc_sf.obj
 0001:00014150       sf_receive_message_wrapper 0000000180015150 f   sfc_mex:sfc_sf.obj
 0001:00014190       sf_check_out_message_wrapper 0000000180015190 f   sfc_mex:sfc_sf.obj
 0001:000141d0       sf_check_in_message_wrapper 00000001800151d0 f   sfc_mex:sfc_sf.obj
 0001:00014210       sf_no_message_wrapper      0000000180015210 f   sfc_mex:sfc_sf.obj
 0001:000145a0       sim_mode_is_rtw_gen        00000001800155a0 f   sfc_mex:sfc_sf.obj
 0001:000145d0       sim_mode_is_external       00000001800155d0 f   sfc_mex:sfc_sf.obj
 0001:000145e0       sim_mode_is_modelref_sim   00000001800155e0 f   sfc_mex:sfc_sf.obj
 0001:00014600       mdlInitializeSizes         0000000180015600 f   sfc_mex:sfc_sf.obj
 0001:00014620       mdlInitializeSampleTimes   0000000180015620 f   sfc_mex:sfc_sf.obj
 0001:00014660       mdlZeroCrossings           0000000180015660 f   sfc_mex:sfc_sf.obj
 0001:00014740       mdlDerivatives             0000000180015740 f   sfc_mex:sfc_sf.obj
 0001:000147f0       mdl_initialize_conditions_processing 00000001800157f0 f   sfc_mex:sfc_sf.obj
 0001:00014820       mdlInitializeConditions    0000000180015820 f   sfc_mex:sfc_sf.obj
 0001:000148e0       mdlGetSimState             00000001800158e0 f   sfc_mex:sfc_sf.obj
 0001:000148f0       mdlSetSimState             00000001800158f0 f   sfc_mex:sfc_sf.obj
 0001:00014900       mdl_ext_mode_exec_processing 0000000180015900 f   sfc_mex:sfc_sf.obj
 0001:00014920       mdlExtModeExec             0000000180015920 f   sfc_mex:sfc_sf.obj
 0001:00014ab0       mdlTerminate               0000000180015ab0 f   sfc_mex:sfc_sf.obj
 0001:00014b20       mdlRTW                     0000000180015b20 f   sfc_mex:sfc_sf.obj
 0001:00014b50       mdlSetWorkWidths           0000000180015b50 f   sfc_mex:sfc_sf.obj
 0001:00014b60       mdlProcessParameters       0000000180015b60 f   sfc_mex:sfc_sf.obj
 0001:00014b70       mdl_start_processing       0000000180015b70 f   sfc_mex:sfc_sf.obj
 0001:00014bd0       mdlStart                   0000000180015bd0 f   sfc_mex:sfc_sf.obj
 0001:00014ce0       mdlEnable                  0000000180015ce0 f   sfc_mex:sfc_sf.obj
 0001:00014db0       mdlDisable                 0000000180015db0 f   sfc_mex:sfc_sf.obj
 0001:00014e60       sf_get_chart_instance_ptr  0000000180015e60 f   sfc_mex:sfc_sf.obj
 0001:00014e80       sf_load_rtw_optimization_info 0000000180015e80 f   sfc_mex:sfc_sf.obj
 0001:00014f50       sf_rtw_info_uint_prop      0000000180015f50 f   sfc_mex:sfc_sf.obj
 0001:00015090       sf_is_chart_inlinable      0000000180016090 f   sfc_mex:sfc_sf.obj
 0001:000150b0       sf_mark_output_events_with_multiple_callers 00000001800160b0 f   sfc_mex:sfc_sf.obj
 0001:00015240       sf_mark_chart_reusable_outputs 0000000180016240 f   sfc_mex:sfc_sf.obj
 0001:000154a0       sf_mark_chart_expressionable_inputs 00000001800164a0 f   sfc_mex:sfc_sf.obj
 0001:00015700       sf_get_subchart_simstruct  0000000180016700 f   sfc_mex:sfc_sf.obj
 0001:00015750       sf_get_fixpt_data_type_id  0000000180016750 f   sfc_mex:sfc_sf.obj
 0001:00015790       sf_get_enum_data_type_id   0000000180016790 f   sfc_mex:sfc_sf.obj
 0001:000157d0       sf_get_param_data_type_id  00000001800167d0 f   sfc_mex:sfc_sf.obj
 0001:00015800       sf_mex_listen_for_ctrl_c_force 0000000180016800 f   sfc_mex:sfc_sf.obj
 0001:00015910       sf_mex_draw_now            0000000180016910 f   sfc_mex:sfc_sf.obj
 0001:00015950       sf_mex_set_debugger_sim_status_listener_fcn 0000000180016950 f   sfc_mex:sfc_sf.obj
 0001:00015960       sf_mex_listen_for_ctrl_c   0000000180016960 f   sfc_mex:sfc_sf.obj
 0001:000159f0       sf_mex_get_sfun_param      00000001800169f0 f   sfc_mex:sfc_sf.obj
 0001:00015a40       sf_get_runtime_param_data  0000000180016a40 f   sfc_mex:sfc_sf.obj
 0001:00015a80       sf_call_output_fcn_call    0000000180016a80 f   sfc_mex:sfc_sf.obj
 0001:00015bc0       sf_call_output_fcn_enable  0000000180016bc0 f   sfc_mex:sfc_sf.obj
 0001:00015c50       sf_call_output_fcn_disable 0000000180016c50 f   sfc_mex:sfc_sf.obj
 0001:00015ce0       sf_clear_rtw_identifier    0000000180016ce0 f   sfc_mex:sfc_sf.obj
 0001:000164d0       sf_set_encoded_dwork_info  00000001800174d0 f   sfc_mex:sfc_sf.obj
 0001:00016520       sf_get_dwork_info_from_mat_file 0000000180017520 f   sfc_mex:sfc_sf.obj
 0001:000166e0       sf_set_rtw_dwork_info      00000001800176e0 f   sfc_mex:sfc_sf.obj
 0001:00016850       mdlOutputs                 0000000180017850 f   sfc_mex:sfc_sf.obj
 0001:000169f0       sf_debug_disp              00000001800179f0 f   sfc_debug:sfcdebug.obj
 0001:00016c50       sf_debug_data_runtime_size_mismatch_error_check 0000000180017c50 f   sfc_debug:sfcdebug.obj
 0001:00016cf0       sf_debug_try_loading_machine 0000000180017cf0 f   sfc_debug:sfcdebug.obj
 0001:00016df0       sf_debug_reset_current_state_configuration 0000000180017df0 f   sfc_debug:sfcdebug.obj
 0001:00016e80       sf_debug_store_current_state_configuration 0000000180017e80 f   sfc_debug:sfcdebug.obj
 0001:00016f10       sf_debug_restore_previous_state_configuration 0000000180017f10 f   sfc_debug:sfcdebug.obj
 0001:00016fa0       sf_debug_restore_previous_state_configuration2 0000000180017fa0 f   sfc_debug:sfcdebug.obj
 0001:00017030       sf_debug_get_event_scope   0000000180018030 f   sfc_debug:sfcdebug.obj
 0001:000171a0       use_debugger_step_animation 00000001800181a0 f   sfc_debug:sfcdebug.obj
 0001:000171c0       sf_debug_get_script_id     00000001800181c0 f   sfc_debug:sfcdebug.obj
 0001:00017250       sf_debug_set_script_translation 0000000180018250 f   sfc_debug:sfcdebug.obj
 0001:000173d0       sf_debug_extract_message_post_receive_info 00000001800183d0 f   sfc_debug:sfcdebug.obj
 0001:000174d0       sf_debug_get_current_machine_id 00000001800184d0 f   sfc_debug:sfcdebug.obj
 0001:000174f0       sf_debug_get_current_optional_integer 00000001800184f0 f   sfc_debug:sfcdebug.obj
 0001:00017500       sf_debug_get_current_machine_number 0000000180018500 f   sfc_debug:sfcdebug.obj
 0001:00017520       sf_debug_get_current_machine_name 0000000180018520 f   sfc_debug:sfcdebug.obj
 0001:00017540       sf_debug_get_current_chart_id 0000000180018540 f   sfc_debug:sfcdebug.obj
 0001:00017590       sf_debug_get_current_chart_number 0000000180018590 f   sfc_debug:sfcdebug.obj
 0001:000175a0       sf_debug_get_current_instance_number 00000001800185a0 f   sfc_debug:sfcdebug.obj
 0001:000175b0       sf_debug_get_current_is_minor_time_step 00000001800185b0 f   sfc_debug:sfcdebug.obj
 0001:00017630       sf_debug_get_current_object_type 0000000180018630 f   sfc_debug:sfcdebug.obj
 0001:00017640       sf_debug_get_current_instance_handle 0000000180018640 f   sfc_debug:sfcdebug.obj
 0001:000176a0       sf_debug_get_current_event_type 00000001800186a0 f   sfc_debug:sfcdebug.obj
 0001:000176b0       sf_debug_get_current_object_id 00000001800186b0 f   sfc_debug:sfcdebug.obj
 0001:000176f0       sf_debug_get_current_active_event_type 00000001800186f0 f   sfc_debug:sfcdebug.obj
 0001:00017700       sf_debug_get_current_active_event_id 0000000180018700 f   sfc_debug:sfcdebug.obj
 0001:00017740       sf_debug_get_current_tag_type 0000000180018740 f   sfc_debug:sfcdebug.obj
 0001:00017750       sf_debug_get_current_simulation_time 0000000180018750 f   sfc_debug:sfcdebug.obj
 0001:00017760       sf_debug_get_current_coverage_percentage 0000000180018760 f   sfc_debug:sfcdebug.obj
 0001:00017770       sf_debug_current_statement_context 0000000180018770 f   sfc_debug:sfcdebug.obj
 0001:00017800       sf_debug_get_current_statement_info 0000000180018800 f   sfc_debug:sfcdebug.obj
 0001:00017980       sf_debug_terminate_instance 0000000180018980 f   sfc_debug:sfcdebug.obj
 0001:00017cc0       sf_debug_assertion_failed  0000000180018cc0 f   sfc_debug:sfcdebug.obj
 0001:00017f20       sf_debug_set_number_of_data_with_change_event_for_machine 0000000180018f20 f   sfc_debug:sfcdebug.obj
 0001:00017f60       sf_debug_set_machine_event_thresholds 0000000180018f60 f   sfc_debug:sfcdebug.obj
 0001:00017f80       sf_debug_set_machine_event_scope 0000000180018f80 f   sfc_debug:sfcdebug.obj
 0001:00017fc0       sf_debug_set_machine_data_thresholds 0000000180018fc0 f   sfc_debug:sfcdebug.obj
 0001:00018000       sf_debug_set_machine_data_scope 0000000180019000 f   sfc_debug:sfcdebug.obj
 0001:00018090       sf_debug_set_machine_data_name 0000000180019090 f   sfc_debug:sfcdebug.obj
 0001:00018130       sf_debug_set_machine_data_size 0000000180019130 f   sfc_debug:sfcdebug.obj
 0001:00018270       sf_debug_set_machine_data_type 0000000180019270 f   sfc_debug:sfcdebug.obj
 0001:000183e0       sf_debug_get_chart_data_number 00000001800193e0 f   sfc_debug:sfcdebug.obj
 0001:00018400       sf_debug_get_chart_event_number 0000000180019400 f   sfc_debug:sfcdebug.obj
 0001:00018420       sf_debug_set_chart_state_info 0000000180019420 f   sfc_debug:sfcdebug.obj
 0001:000184a0       sf_debug_set_chart_decomposition 00000001800194a0 f   sfc_debug:sfcdebug.obj
 0001:00018510       sf_debug_set_chart_substate_count 0000000180019510 f   sfc_debug:sfcdebug.obj
 0001:000185f0       sf_debug_set_chart_substate_index 00000001800195f0 f   sfc_debug:sfcdebug.obj
 0001:00018660       sf_debug_set_chart_state_substate_count 0000000180019660 f   sfc_debug:sfcdebug.obj
 0001:00018770       sf_debug_set_chart_state_substate_index 0000000180019770 f   sfc_debug:sfcdebug.obj
 0001:000187f0       sf_debug_set_number_of_data_with_change_event_for_chart 00000001800197f0 f   sfc_debug:sfcdebug.obj
 0001:00018870       sf_debug_set_number_of_states_with_entry_event_for_chart 0000000180019870 f   sfc_debug:sfcdebug.obj
 0001:000188e0       sf_debug_set_number_of_states_with_exit_event_for_chart 00000001800198e0 f   sfc_debug:sfcdebug.obj
 0001:00018950       sf_debug_set_chart_disable_implicit_casting 0000000180019950 f   sfc_debug:sfcdebug.obj
 0001:000189c0       sf_debug_set_chart_event_thresholds 00000001800199c0 f   sfc_debug:sfcdebug.obj
 0001:00018a30       sf_debug_set_chart_data_compiled_props 0000000180019a30 f   sfc_debug:sfcdebug.obj
 0001:00018d80       sf_debug_set_chart_data_props 0000000180019d80 f   sfc_debug:sfcdebug.obj
 0001:000190a0       sf_debug_check_fi_license  000000018001a0a0 f   sfc_debug:sfcdebug.obj
 0001:00019290       sf_debug_symbol_scope_push 000000018001a290 f   sfc_debug:sfcdebug.obj
 0001:000192d0       sf_debug_symbol_scope_push_eml 000000018001a2d0 f   sfc_debug:sfcdebug.obj
 0001:00019320       sf_debug_symbol_scope_pop  000000018001a320 f   sfc_debug:sfcdebug.obj
 0001:00019360       sf_debug_symbol_scope_add_importable 000000018001a360 f   sfc_debug:sfcdebug.obj
 0001:000193e0       sf_debug_symbol_scope_add  000000018001a3e0 f   sfc_debug:sfcdebug.obj
 0001:00019460       sf_debug_symbol_scope_add_dyn_importable 000000018001a460 f   sfc_debug:sfcdebug.obj
 0001:00019520       sf_debug_symbol_scope_add_dyn 000000018001a520 f   sfc_debug:sfcdebug.obj
 0001:00019550       sf_debug_symbol_scope_add_eml_importable 000000018001a550 f   sfc_debug:sfcdebug.obj
 0001:00019590       sf_debug_symbol_scope_add_eml 000000018001a590 f   sfc_debug:sfcdebug.obj
 0001:000195d0       sf_debug_symbol_scope_add_eml_dyn_importable 000000018001a5d0 f   sfc_debug:sfcdebug.obj
 0001:00019640       sf_debug_symbol_scope_add_eml_dyn 000000018001a640 f   sfc_debug:sfcdebug.obj
 0001:000196a0       sf_debug_symbol_switch     000000018001a6a0 f   sfc_debug:sfcdebug.obj
 0001:000196c0       sf_debug_symbol_scope_add_verbose 000000018001a6c0 f   sfc_debug:sfcdebug.obj
 0001:00019790       sf_debug_set_machine_data_value_ptr 000000018001a790 f   sfc_debug:sfcdebug.obj
 0001:000197d0       sf_debug_set_instance_data_value_ptr 000000018001a7d0 f   sfc_debug:sfcdebug.obj
 0001:00019890       sf_debug_unset_instance_data_value_ptr 000000018001a890 f   sfc_debug:sfcdebug.obj
 0001:00019940       sf_debug_set_chart_event_scope 000000018001a940 f   sfc_debug:sfcdebug.obj
 0001:000199c0       sf_debug_set_chart_transition_coverage_maps 000000018001a9c0 f   sfc_debug:sfcdebug.obj
 0001:00019ad0       sf_debug_set_chart_state_coverage_maps 000000018001aad0 f   sfc_debug:sfcdebug.obj
 0001:00019bb0       sf_debug_set_instance_transition_coverage_weights 000000018001abb0 f   sfc_debug:sfcdebug.obj
 0001:00019c50       sf_debug_set_instance_state_coverage_weights 000000018001ac50 f   sfc_debug:sfcdebug.obj
 0001:00019ea0       sf_debug_unload_machine    000000018001aea0 f   sfc_debug:sfcdebug.obj
 0001:00019ef0       sf_debug_load_machine      000000018001aef0 f   sfc_debug:sfcdebug.obj
 0001:00019ff0       sf_debug_set_active_instance_in_data_dictionary 000000018001aff0 f   sfc_debug:sfcdebug.obj
 0001:0001a1d0       sf_debug_set_active_instance 000000018001b1d0 f   sfc_debug:sfcdebug.obj
 0001:0001a330       sf_debug_chart_visiblity_change 000000018001b330 f   sfc_debug:sfcdebug.obj
 0001:0001a430       sf_debug_select_chart      000000018001b430 f   sfc_debug:sfcdebug.obj
 0001:0001a5a0       sf_debug_set_instance_cv_ids 000000018001b5a0 f   sfc_debug:sfcdebug.obj
 0001:0001a8b0       sf_debug_select_charts     000000018001b8b0 f   sfc_debug:sfcdebug.obj
 0001:0001aa40       sf_debug_initialized       000000018001ba40 f   sfc_debug:sfcdebug.obj
 0001:0001aa50       sf_debug_is_uninterruptible 000000018001ba50 f   sfc_debug:sfcdebug.obj
 0001:0001aa80       sf_debug_initialize_debugger_gui 000000018001ba80 f   sfc_debug:sfcdebug.obj
 0001:0001ae70       sf_debug_resume            000000018001be70 f   sfc_debug:sfcdebug.obj
 0001:0001ae90       sf_debug_go                000000018001be90 f   sfc_debug:sfcdebug.obj
 0001:0001aea0       sf_debug_break             000000018001bea0 f   sfc_debug:sfcdebug.obj
 0001:0001aeb0       sf_debug_step_over         000000018001beb0 f   sfc_debug:sfcdebug.obj
 0001:0001aec0       sf_debug_step_out          000000018001bec0 f   sfc_debug:sfcdebug.obj
 0001:0001aed0       sf_debug_set_disable_all_breakpoints 000000018001bed0 f   sfc_debug:sfcdebug.obj
 0001:0001aee0       sf_debug_disable_all_breakpoints_and_go 000000018001bee0 f   sfc_debug:sfcdebug.obj
 0001:0001aef0       sf_debug_break_on_chart_entry 000000018001bef0 f   sfc_debug:sfcdebug.obj
 0001:0001af00       sf_debug_break_on_event_broadcast 000000018001bf00 f   sfc_debug:sfcdebug.obj
 0001:0001af10       sf_debug_break_on_state_entry 000000018001bf10 f   sfc_debug:sfcdebug.obj
 0001:0001af20       sf_debug_break_between_times 000000018001bf20 f   sfc_debug:sfcdebug.obj
 0001:0001af40       sf_debug_browse_data       000000018001bf40 f   sfc_debug:sfcdebug.obj
 0001:0001af60       sf_debug_watch_data        000000018001bf60 f   sfc_debug:sfcdebug.obj
 0001:0001af80       sf_debug_assign_data       000000018001bf80 f   sfc_debug:sfcdebug.obj
 0001:0001afa0       sf_debug_whos              000000018001bfa0 f   sfc_debug:sfcdebug.obj
 0001:0001afc0       sf_debug_get_consistency_info 000000018001bfc0 f   sfc_debug:sfcdebug.obj
 0001:0001afd0       sf_debug_browse_trace      000000018001bfd0 f   sfc_debug:sfcdebug.obj
 0001:0001afe0       sf_debug_set_breakpoints   000000018001bfe0 f   sfc_debug:sfcdebug.obj
 0001:0001b140       sf_debug_set_eml_breakpoints 000000018001c140 f   sfc_debug:sfcdebug.obj
 0001:0001b2a0       sf_debug_set_script_breakpoints 000000018001c2a0 f   sfc_debug:sfcdebug.obj
 0001:0001b320       sf_debug_add_script_breakpoints 000000018001c320 f   sfc_debug:sfcdebug.obj
 0001:0001b390       sf_debug_clear_script_breakpoints 000000018001c390 f   sfc_debug:sfcdebug.obj
 0001:0001b400       sf_debug_query_script_breakpoints 000000018001c400 f   sfc_debug:sfcdebug.obj
 0001:0001b4c0       sf_debug_get_eml_script_id 000000018001c4c0 f   sfc_debug:sfcdebug.obj
 0001:0001b510       sf_debug_set_watch         000000018001c510 f   sfc_debug:sfcdebug.obj
 0001:0001b740       sf_debug_get_instance_handle 000000018001c740 f   sfc_debug:sfcdebug.obj
 0001:0001b7d0       sf_debug_get_active_states 000000018001c7d0 f   sfc_debug:sfcdebug.obj
 0001:0001b7e0       sf_debug_get_animation     000000018001c7e0 f   sfc_debug:sfcdebug.obj
 0001:0001b7f0       sf_debug_set_animation     000000018001c7f0 f   sfc_debug:sfcdebug.obj
 0001:0001b800       sf_debug_animate           000000018001c800 f   sfc_debug:sfcdebug.obj
 0001:0001b830       sf_debug_cycle_detection_check 000000018001c830 f   sfc_debug:sfcdebug.obj
 0001:0001b840       sf_debug_data_range_check  000000018001c840 f   sfc_debug:sfcdebug.obj
 0001:0001b850       sf_debug_transition_conflict_check 000000018001c850 f   sfc_debug:sfcdebug.obj
 0001:0001b860       sf_debug_state_consistency_check 000000018001c860 f   sfc_debug:sfcdebug.obj
 0001:0001b870       sf_debug_data_range_check_enabled 000000018001c870 f   sfc_debug:sfcdebug.obj
 0001:0001b890       sf_debug_transition_conflict_check_enabled 000000018001c890 f   sfc_debug:sfcdebug.obj
 0001:0001b8b0       sf_debug_transition_conflict_check_begin 000000018001c8b0 f   sfc_debug:sfcdebug.obj
 0001:0001b8d0       sf_debug_transition_conflict_check_end 000000018001c8d0 f   sfc_debug:sfcdebug.obj
 0001:0001b8f0       sf_debug_stop_debugging    000000018001c8f0 f   sfc_debug:sfcdebug.obj
 0001:0001b920       sf_debug_is_cycle_detected 000000018001c920 f   sfc_debug:sfcdebug.obj
 0001:0001b930       sf_debug_is_array_bounds_detected 000000018001c930 f   sfc_debug:sfcdebug.obj
 0001:0001b940       sf_debug_get_state_vectors_data_size 000000018001c940 f   sfc_debug:sfcdebug.obj
 0001:0001b980       sf_debug_get_state_vectors_data 000000018001c980 f   sfc_debug:sfcdebug.obj
 0001:0001ba80       sf_debug_set_state_vectors_data 000000018001ca80 f   sfc_debug:sfcdebug.obj
 0001:0001bd40       sf_debug_get_script_index  000000018001cd40 f   sfc_debug:sfcdebug.obj
 0001:0001bed0       sf_debug_add_script        000000018001ced0 f   sfc_debug:sfcdebug.obj
 0001:0001c060       cv_eval_point              000000018001d060 f   sfc_debug:sfcdebug.obj
 0001:0001c1d0       cv_eval_testobjective      000000018001d1d0 f   sfc_debug:sfcdebug.obj
 0001:0001c2f0       sf_debug_cv_init_state     000000018001d2f0 f   sfc_debug:sfcdebug.obj
 0001:0001c410       sf_debug_cv_init_chart     000000018001d410 f   sfc_debug:sfcdebug.obj
 0001:0001c4f0       sf_debug_cv_init_trans     000000018001d4f0 f   sfc_debug:sfcdebug.obj
 0001:0001c5f0       sf_debug_cv_init_testobjectives 000000018001d5f0 f   sfc_debug:sfcdebug.obj
 0001:0001c7d0       cv_eml_init_script         000000018001d7d0 f   sfc_debug:sfcdebug.obj
 0001:0001c8e0       cv_eml_init_fcn            000000018001d8e0 f   sfc_debug:sfcdebug.obj
 0001:0001c990       cv_eml_init_testobjective  000000018001d990 f   sfc_debug:sfcdebug.obj
 0001:0001ca60       cv_eml_init_saturation     000000018001da60 f   sfc_debug:sfcdebug.obj
 0001:0001cb20       cv_eml_init_if             000000018001db20 f   sfc_debug:sfcdebug.obj
 0001:0001cbf0       cv_eml_init_for            000000018001dbf0 f   sfc_debug:sfcdebug.obj
 0001:0001ccb0       cv_eml_init_while          000000018001dcb0 f   sfc_debug:sfcdebug.obj
 0001:0001cd70       cv_eml_init_mcdc           000000018001dd70 f   sfc_debug:sfcdebug.obj
 0001:0001ce80       cv_eml_init_switch         000000018001de80 f   sfc_debug:sfcdebug.obj
 0001:0001cf70       cv_eml_eval                000000018001df70 f   sfc_debug:sfcdebug.obj
 0001:0001d050       sf_debug_bm_is_a_eml_breakpoint 000000018001e050 f   sfc_debug:sfcdebug.obj
 0001:0001d1a0       sf_debug_temporal_threshold 000000018001e1a0 f   sfc_debug:sfcdebug.obj
 0001:0001d500       sf_debug_transition_conflict_error 000000018001e500 f   sfc_debug:sfcdebug.obj
 0001:0001d880       sf_debug_state_inconsistency_error 000000018001e880 f   sfc_debug:sfcdebug.obj
 0001:0001d9a0       sf_debug_check_for_state_inconsistency 000000018001e9a0 f   sfc_debug:sfcdebug.obj
 0001:0001d9d0       sf_debug_cycle_detecton_error 000000018001e9d0 f   sfc_debug:sfcdebug.obj
 0001:0001e1a0       sf_debug_size_eq_check_1d  000000018001f1a0 f   sfc_debug:sfcdebug.obj
 0001:0001e1c0       sf_debug_size_eq_check_nd  000000018001f1c0 f   sfc_debug:sfcdebug.obj
 0001:0001e3a0       sf_debug_dim_size_eq_check 000000018001f3a0 f   sfc_debug:sfcdebug.obj
 0001:0001e3d0       sf_debug_dim_size_geq_check 000000018001f3d0 f   sfc_debug:sfcdebug.obj
 0001:0001e400       sf_debug_sub_assign_size_check_nd 000000018001f400 f   sfc_debug:sfcdebug.obj
 0001:0001e640       sf_debug_matrix_matrix_index_check 000000018001f640 f   sfc_debug:sfcdebug.obj
 0001:0001e670       sf_debug_vector_vector_index_check 000000018001f670 f   sfc_debug:sfcdebug.obj
 0001:0001e6a0       sf_debug_for_loop_vector_check 000000018001f6a0 f   sfc_debug:sfcdebug.obj
 0001:0001e730       sf_debug_runtime_error_msgid 000000018001f730 f   sfc_debug:sfcdebug.obj
 0001:0001e7c0       sf_debug_data_array_bounds_error_check 000000018001f7c0 f   sfc_debug:sfcdebug.obj
 0001:0001e8d0       sf_debug_eml_data_array_bounds_error_check 000000018001f8d0 f   sfc_debug:sfcdebug.obj
 0001:0001edb0       sf_debug_integer_check     000000018001fdb0 f   sfc_debug:sfcdebug.obj
 0001:0001ee90       sf_debug_not_nan_check     000000018001fe90 f   sfc_debug:sfcdebug.obj
 0001:0001ef50       sf_debug_non_negative_check 000000018001ff50 f   sfc_debug:sfcdebug.obj
 0001:0001f010       sf_debug_overflow_detection 0000000180020010 f   sfc_debug:sfcdebug.obj
 0001:0001f700       sf_debug_cast_to_real32_T  0000000180020700 f   sfc_debug:sfcdebug.obj
 0001:0001f7c0       sf_debug_cast_to_int8_T    00000001800207c0 f   sfc_debug:sfcdebug.obj
 0001:0001f880       sf_debug_cast_to_uint8_T   0000000180020880 f   sfc_debug:sfcdebug.obj
 0001:0001f940       sf_debug_cast_to_int16_T   0000000180020940 f   sfc_debug:sfcdebug.obj
 0001:0001fa00       sf_debug_cast_to_uint16_T  0000000180020a00 f   sfc_debug:sfcdebug.obj
 0001:0001fac0       sf_debug_cast_to_int32_T   0000000180020ac0 f   sfc_debug:sfcdebug.obj
 0001:0001fb80       sf_debug_cast_to_uint32_T  0000000180020b80 f   sfc_debug:sfcdebug.obj
 0001:0001fc40       sf_debug_data_range_error  0000000180020c40 f   sfc_debug:sfcdebug.obj
 0001:0001ff90       sf_debug_read_before_write_check 0000000180020f90 f   sfc_debug:sfcdebug.obj
 0001:000203f0       sf_debug_data_range_error_wrapper_min_max 00000001800213f0 f   sfc_debug:sfcdebug.obj
 0001:000204e0       sf_debug_data_range_error_wrapper_min 00000001800214e0 f   sfc_debug:sfcdebug.obj
 0001:000205c0       sf_debug_data_range_error_wrapper_max 00000001800215c0 f   sfc_debug:sfcdebug.obj
 0001:000206a0       sf_debug_data_range_wrapper 00000001800216a0 f   sfc_debug:sfcdebug.obj
 0001:00020750       sf_debug_set_current_status_info 0000000180021750 f   sfc_debug:sfcdebug.obj
 0001:00020b00       sf_debug_register_message_post_receive_info 0000000180021b00 f   sfc_debug:sfcdebug.obj
 0001:00020d70       sf_debug_call              0000000180021d70 f   sfc_debug:sfcdebug.obj
 0001:000219d0       sf_debug_initialize_machine 00000001800229d0 f   sfc_debug:sfcdebug.obj
 0001:00021ce0       sf_debug_initialize_chart  0000000180022ce0 f   sfc_debug:sfcdebug.obj
 0001:00022130       sf_debug_ensure_script     0000000180023130 f   sfc_debug:sfcdebug.obj
 0001:000221f0       cv_script_init_script      00000001800231f0 f   sfc_debug:sfcdebug.obj
 0001:000222e0       cv_script_init_fcn         00000001800232e0 f   sfc_debug:sfcdebug.obj
 0001:00022390       cv_script_init_testobjective 0000000180023390 f   sfc_debug:sfcdebug.obj
 0001:00022440       cv_script_init_if          0000000180023440 f   sfc_debug:sfcdebug.obj
 0001:000224f0       cv_script_init_for         00000001800234f0 f   sfc_debug:sfcdebug.obj
 0001:000225a0       cv_script_init_while       00000001800235a0 f   sfc_debug:sfcdebug.obj
 0001:00022650       cv_script_init_mcdc        0000000180023650 f   sfc_debug:sfcdebug.obj
 0001:00022750       cv_script_init_switch      0000000180023750 f   sfc_debug:sfcdebug.obj
 0001:00022830       cv_script_eval             0000000180023830 f   sfc_debug:sfcdebug.obj
 0001:00022910       eml_debug_line_call        0000000180023910 f   sfc_debug:sfcdebug.obj
 0001:00022ac0       sf_debug_terminate         0000000180023ac0 f   sfc_debug:sfcdebug.obj
 0001:00022c30       sf_debug_set_script_cv_ids 0000000180023c30 f   sfc_debug:sfcdebug.obj
 0001:00022d60       sf_debug_api               0000000180023d60 f   sfc_debug:sfc_api.obj
 0001:00024410       sf_debug_sm_terminate      0000000180025410 f   sfc_debug:sfdb_animation.obj
 0001:000245d0       sf_debug_reset_path_objects 00000001800255d0 f   sfc_debug:sfdb_animation.obj
 0001:00024650       sf_debug_sm_reset_object_selection_status 0000000180025650 f   sfc_debug:sfdb_animation.obj
 0001:000246f0       sf_debug_sm_reset_state_buffer 00000001800256f0 f   sfc_debug:sfdb_animation.obj
 0001:000247c0       sf_debug_sm_store_state_buffer 00000001800257c0 f   sfc_debug:sfdb_animation.obj
 0001:00024840       sf_debug_sm_restore_state_buffer1 0000000180025840 f   sfc_debug:sfdb_animation.obj
 0001:000248b0       sf_debug_sm_restore_state_buffer2 00000001800258b0 f   sfc_debug:sfdb_animation.obj
 0001:00024920       sf_debug_sm_chart_active   0000000180025920 f   sfc_debug:sfdb_animation.obj
 0001:00024970       sf_debug_sm_select_active_objects 0000000180025970 f   sfc_debug:sfdb_animation.obj
 0001:00024e60       sf_debug_sm_is_chart_active 0000000180025e60 f   sfc_debug:sfdb_animation.obj
 0001:00024ea0       sf_debug_sm_is_state_active 0000000180025ea0 f   sfc_debug:sfdb_animation.obj
 0001:000250e0       sf_debug_sm_get_active_states 00000001800260e0 f   sfc_debug:sfdb_animation.obj
 0001:000256a0       sf_debug_sm_initialize_instance 00000001800266a0 f   sfc_debug:sfdb_animation.obj
 0001:000258c0       sf_debug_sm_change_object_selection_status 00000001800268c0 f   sfc_debug:sfdb_animation.obj
 0001:00025bd0       cv_create_interface        0000000180026bd0 f   sfc_debug:cv_sfinterface.obj
 0001:00025f30       cv_init_trans              0000000180026f30 f   sfc_debug:cv_sfinterface.obj
 0001:00025f80       cv_init_testobjective      0000000180026f80 f   sfc_debug:cv_sfinterface.obj
 0001:00025fc0       cv_init_state              0000000180026fc0 f   sfc_debug:cv_sfinterface.obj
 0001:00026030       cv_init_chart              0000000180027030 f   sfc_debug:cv_sfinterface.obj
 0001:00026080       cv_dec_update_call         0000000180027080 f   sfc_debug:cv_sfinterface.obj
 0001:000260c0       cv_cond_update_call        00000001800270c0 f   sfc_debug:cv_sfinterface.obj
 0001:00026100       cv_testobjective_update_call 0000000180027100 f   sfc_debug:cv_sfinterface.obj
 0001:00026140       cv_sigrange_update         0000000180027140 f   sfc_debug:cv_sfinterface.obj
 0001:00026180       cvsf_eml_eval              0000000180027180 f   sfc_debug:cv_sfinterface.obj
 0001:00026270       cvsf_eml_init_script       0000000180027270 f   sfc_debug:cv_sfinterface.obj
 0001:00026300       cvsf_eml_init_fcn          0000000180027300 f   sfc_debug:cv_sfinterface.obj
 0001:00026360       cvsf_eml_init_testobjective 0000000180027360 f   sfc_debug:cv_sfinterface.obj
 0001:000263c0       cvsf_eml_init_saturation   00000001800273c0 f   sfc_debug:cv_sfinterface.obj
 0001:00026410       cvsf_eml_init_if           0000000180027410 f   sfc_debug:cv_sfinterface.obj
 0001:00026470       cvsf_eml_init_for          0000000180027470 f   sfc_debug:cv_sfinterface.obj
 0001:000264c0       cvsf_eml_init_while        00000001800274c0 f   sfc_debug:cv_sfinterface.obj
 0001:00026510       cvsf_eml_init_mcdc         0000000180027510 f   sfc_debug:cv_sfinterface.obj
 0001:000265a0       cvsf_eml_init_switch       00000001800275a0 f   sfc_debug:cv_sfinterface.obj
 0001:00026610       cvsf_script_eval           0000000180027610 f   sfc_debug:cv_sfinterface.obj
 0001:00026700       cvsf_script_init_script    0000000180027700 f   sfc_debug:cv_sfinterface.obj
 0001:00026790       cvsf_script_init_fcn       0000000180027790 f   sfc_debug:cv_sfinterface.obj
 0001:000267f0       cvsf_script_init_testobjective 00000001800277f0 f   sfc_debug:cv_sfinterface.obj
 0001:00026850       cvsf_script_init_saturation 0000000180027850 f   sfc_debug:cv_sfinterface.obj
 0001:000268a0       cvsf_script_init_if        00000001800278a0 f   sfc_debug:cv_sfinterface.obj
 0001:00026900       cvsf_script_init_for       0000000180027900 f   sfc_debug:cv_sfinterface.obj
 0001:00026950       cvsf_script_init_while     0000000180027950 f   sfc_debug:cv_sfinterface.obj
 0001:000269a0       cvsf_script_init_mcdc      00000001800279a0 f   sfc_debug:cv_sfinterface.obj
 0001:00026a30       cvsf_script_init_switch    0000000180027a30 f   sfc_debug:cv_sfinterface.obj
 0001:00026aa0       cv_destroy_interface       0000000180027aa0 f   sfc_debug:cv_sfinterface.obj
 0001:00026ac0       cv_create_instance_objects 0000000180027ac0 f   sfc_debug:cv_sfinterface.obj
 0001:00026f70       cv_is_enabled              0000000180027f70 f   sfc_debug:cv_sfinterface.obj
 0001:00026f80       sf_debug_cv_initialize_script 0000000180027f80 f   sfc_debug:cv_sfinterface.obj
 0001:00027130       sf_debug_cv_initialize_instance 0000000180028130 f   sfc_debug:cv_sfinterface.obj
 0001:000274d0       sf_debug_cv_terminate_chart 00000001800284d0 f   sfc_debug:cv_sfinterface.obj
 0001:00027610       cv_call_trans_test         0000000180028610 f   sfc_debug:cv_sfinterface.obj
 0001:00027620       cv_call_sub_cond_test      0000000180028620 f   sfc_debug:cv_sfinterface.obj
 0001:00027660       sf_debug_st_initialize_machine 0000000180028660 f   sfc_debug:sfdb_data_browse.obj
 0001:00027720       sf_debug_st_initialize_instance 0000000180028720 f   sfc_debug:sfdb_data_browse.obj
 0001:00027950       sf_debug_st_terminate      0000000180028950 f   sfc_debug:sfdb_data_browse.obj
 0001:00027cf0       sf_debug_st_set_data_value_ptr_in_machine 0000000180028cf0 f   sfc_debug:sfdb_data_browse.obj
 0001:00027d80       sf_debug_st_set_data_value_ptr_in_instance 0000000180028d80 f   sfc_debug:sfdb_data_browse.obj
 0001:00027e60       sf_debug_st_unset_data_value_ptr_in_machine 0000000180028e60 f   sfc_debug:sfdb_data_browse.obj
 0001:00027ed0       sf_debug_st_unset_data_value_ptr_in_instance 0000000180028ed0 f   sfc_debug:sfdb_data_browse.obj
 0001:000281e0       sf_debug_mx_value          00000001800291e0 f   sfc_debug:sfdb_data_browse.obj
 0001:00028240       sf_debug_mx_packed_vector  0000000180029240 f   sfc_debug:sfdb_data_browse.obj
 0001:00028320       sf_debug_mx_uint_vector    0000000180029320 f   sfc_debug:sfdb_data_browse.obj
 0001:000283e0       sf_debug_st_get_double_value_from_void_ptr_vector 00000001800293e0 f   sfc_debug:sfdb_data_browse.obj
 0001:00028ed0       sf_debug_st_browse_data    0000000180029ed0 f   sfc_debug:sfdb_data_browse.obj
 0001:00029760       sf_debug_hm_initialize_instance 000000018002a760 f   sfc_debug:sfdb_handle_management.obj
 0001:00029c90       sf_debug_hm_get_object_id  000000018002ac90 f   sfc_debug:sfdb_handle_management.obj
 0001:0002a840       sf_debug_hm_update_chart_visibility 000000018002b840 f   sfc_debug:sfdb_handle_management.obj
 0001:0002bb20       sf_debug_object_is_eml_function 000000018002cb20 f   sfc_debug:sfdb_handle_management.obj
 0001:0002bb90       sf_debug_hm_initialize_ids_in_machine 000000018002cb90 f   sfc_debug:sfdb_handle_management.obj
 0001:0002bd00       sf_debug_hm_initialize_ids_in_chart 000000018002cd00 f   sfc_debug:sfdb_handle_management.obj
 0001:0002be00       sf_debug_hm_initialize_chart 000000018002ce00 f   sfc_debug:sfdb_handle_management.obj
 0001:0002c5a0       sf_debug_hm_terminate      000000018002d5a0 f   sfc_debug:sfdb_handle_management.obj
 0001:0002c600       sf_debug_hm_initialize_machine 000000018002d600 f   sfc_debug:sfdb_handle_management.obj
 0001:0002cdb0       sf_debug_ss_initialize     000000018002ddb0 f   sfc_debug:sfdb_symbol_scope.obj
 0001:0002cdd0       sf_debug_ss_terminate      000000018002ddd0 f   sfc_debug:sfdb_symbol_scope.obj
 0001:0002ce60       sf_debug_ss_push_symbol_scope 000000018002de60 f   sfc_debug:sfdb_symbol_scope.obj
 0001:0002cf60       sf_debug_ss_push_symbol_scope_eml 000000018002df60 f   sfc_debug:sfdb_symbol_scope.obj
 0001:0002cfc0       sf_debug_ss_pop_symbol_scope 000000018002dfc0 f   sfc_debug:sfdb_symbol_scope.obj
 0001:0002d070       sf_debug_ss_add_symbol     000000018002e070 f   sfc_debug:sfdb_symbol_scope.obj
 0001:0002d1d0       sf_debug_ss_add_symbol_eml 000000018002e1d0 f   sfc_debug:sfdb_symbol_scope.obj
 0001:0002def0       sf_debug_ss_set_data_value 000000018002eef0 f   sfc_debug:sfdb_symbol_scope.obj
 0001:0002e3c0       getInstanceNumber          000000018002f3c0 f   sfc_debug:sfdb_symbol_scope.obj
 0001:0002e490       sf_debug_ss_watch_data     000000018002f490 f   sfc_debug:sfdb_symbol_scope.obj
 0001:0002e630       sf_debug_ss_assign_data    000000018002f630 f   sfc_debug:sfdb_symbol_scope.obj
 0001:0002f050       get_data_entry_name        0000000180030050 f   sfc_debug:sfdb_symbol_scope.obj
 0001:0002f0a0       sf_debug_ss_whos           00000001800300a0 f   sfc_debug:sfdb_symbol_scope.obj
 0001:0002f7c0       sf_debug_cc_initialize_chart 00000001800307c0 f   sfc_debug:sfdb_coverage.obj
 0001:000301b0       sf_debug_cc_initialize_instance 00000001800311b0 f   sfc_debug:sfdb_coverage.obj
 0001:00030fc0       sf_debug_cc_terminate      0000000180031fc0 f   sfc_debug:sfdb_coverage.obj
 0001:000310b0       sf_debug_cc_set_transition_maps 00000001800320b0 f   sfc_debug:sfdb_coverage.obj
 0001:000311e0       sf_debug_cc_set_state_maps 00000001800321e0 f   sfc_debug:sfdb_coverage.obj
 0001:000312c0       sf_debug_cc_set_transition_weights 00000001800322c0 f   sfc_debug:sfdb_coverage.obj
 0001:00031590       sf_debug_cc_set_state_weights 0000000180032590 f   sfc_debug:sfdb_coverage.obj
 0001:00031860       sf_debug_cc_mark_transition_guard 0000000180032860 f   sfc_debug:sfdb_coverage.obj
 0001:000318f0       sf_debug_cc_mark_transition_trigger 00000001800328f0 f   sfc_debug:sfdb_coverage.obj
 0001:00031980       sf_debug_cc_mark_transition_decision 0000000180032980 f   sfc_debug:sfdb_coverage.obj
 0001:000319f0       sf_debug_cc_mark_transition_condition_action 00000001800329f0 f   sfc_debug:sfdb_coverage.obj
 0001:00031a40       sf_debug_cc_mark_transition_transition_action 0000000180032a40 f   sfc_debug:sfdb_coverage.obj
 0001:00031a90       sf_debug_cc_mark_state_entry 0000000180032a90 f   sfc_debug:sfdb_coverage.obj
 0001:00031ae0       sf_debug_cc_mark_state_during 0000000180032ae0 f   sfc_debug:sfdb_coverage.obj
 0001:00031b30       sf_debug_cc_mark_state_exit 0000000180032b30 f   sfc_debug:sfdb_coverage.obj
 0001:00031b80       sf_debug_bm_clear_script_breakpoints 0000000180032b80 f   sfc_debug:sfdb_breakpoints.obj
 0001:00031bb0       sf_debug_bm_set_script_breakpoint 0000000180032bb0 f   sfc_debug:sfdb_breakpoints.obj
 0001:00031c30       sf_debug_bm_clear_single_script_breakpoint 0000000180032c30 f   sfc_debug:sfdb_breakpoints.obj
 0001:00031cb0       sf_debug_bm_query_script_breakpoint 0000000180032cb0 f   sfc_debug:sfdb_breakpoints.obj
 0001:00031d00       sf_debug_bm_initialize_scripts 0000000180032d00 f   sfc_debug:sfdb_breakpoints.obj
 0001:00032420       sf_debug_bm_terminate      0000000180033420 f   sfc_debug:sfdb_breakpoints.obj
 0001:00032710       sf_debug_bm_remove_all_breakpoints_in_machine 0000000180033710 f   sfc_debug:sfdb_breakpoints.obj
 0001:00032780       sf_debug_bm_remove_all_breakpoints_in_chart 0000000180033780 f   sfc_debug:sfdb_breakpoints.obj
 0001:000328d0       sf_debug_bm_initialize_global_breakpoints 00000001800338d0 f   sfc_debug:sfdb_breakpoints.obj
 0001:00032a50       sf_debug_bm_set_breakpoint 0000000180033a50 f   sfc_debug:sfdb_breakpoints.obj
 0001:00033050       sf_debug_bm_set_eml_breakpoint 0000000180034050 f   sfc_debug:sfdb_breakpoints.obj
 0001:000330f0       sf_debug_bm_initialize_machine_breakpoint_map 00000001800340f0 f   sfc_debug:sfdb_breakpoints.obj
 0001:00033510       sf_debug_bm_is_a_breakpoint 0000000180034510 f   sfc_debug:sfdb_breakpoints.obj
 0001:00033af0       sf_debug_bm_get_all_breakpoints_in_machine 0000000180034af0 f   sfc_debug:sfdb_breakpoints.obj
 0001:00033df0       sf_debug_bm_get_all_breakpoints_in_chart 0000000180034df0 f   sfc_debug:sfdb_breakpoints.obj
 0001:00034ab0       sf_debug_bm_initialize_machine 0000000180035ab0 f   sfc_debug:sfdb_breakpoints.obj
 0001:00034b80       sf_debug_bm_initialize_chart 0000000180035b80 f   sfc_debug:sfdb_breakpoints.obj
 0001:00034fa0       sf_debug_sc_terminate      0000000180035fa0 f   sfc_debug:sfdb_state_consistency.obj
 0001:000352d0       sf_debug_sc_is_chart_consistent 00000001800362d0 f   sfc_debug:sfdb_state_consistency.obj
 0001:00035580       sf_debug_sc_get_consistency_error_info 0000000180036580 f   sfc_debug:sfdb_state_consistency.obj
 0001:000359d0       sf_debug_tm_terminate      00000001800369d0 f   sfc_debug:sfdb_call_stack.obj
 0001:00035a90       sf_debug_tm_push_chart_instance 0000000180036a90 f   sfc_debug:sfdb_call_stack.obj
 0001:00035be0       sf_debug_tm_pop_chart_instance 0000000180036be0 f   sfc_debug:sfdb_call_stack.obj
 0001:00035c40       sf_debug_tm_push_trace_node 0000000180036c40 f   sfc_debug:sfdb_call_stack.obj
 0001:00035dd0       sf_debug_tm_pop_trace_node 0000000180036dd0 f   sfc_debug:sfdb_call_stack.obj
 0001:00035e50       sf_debug_tm_get_current_global_trace_index 0000000180036e50 f   sfc_debug:sfdb_call_stack.obj
 0001:00035e60       sf_debug_tm_get_current_local_trace_index 0000000180036e60 f   sfc_debug:sfdb_call_stack.obj
 0001:00035e90       sf_debug_tm_set_cycle_detected_flag 0000000180036e90 f   sfc_debug:sfdb_call_stack.obj
 0001:00035ed0       sf_debug_tm_set_cycle_started_flag 0000000180036ed0 f   sfc_debug:sfdb_call_stack.obj
 0001:00035f10       sf_debug_tm_get_chart_number_from_stack 0000000180036f10 f   sfc_debug:sfdb_call_stack.obj
 0001:00036110       sf_debug_tm_browse_trace   0000000180037110 f   sfc_debug:sfdb_call_stack.obj
 0001:00036450       sf_debug_cd_initialize_instance 0000000180037450 f   sfc_debug:sfdb_cycle_detection.obj
 0001:00036700       sf_debug_cd_mark_processed_transition_in_instance 0000000180037700 f   sfc_debug:sfdb_cycle_detection.obj
 0001:000367a0       sf_debug_cd_checksum_push  00000001800377a0 f   sfc_debug:sfdb_cycle_detection.obj
 0001:00036a60       sf_debug_cd_checksum_pop   0000000180037a60 f   sfc_debug:sfdb_cycle_detection.obj
 0001:00036ad0       sf_debug_cd_turn_off_cycle_detection 0000000180037ad0 f   sfc_debug:sfdb_cycle_detection.obj
 0001:00036b20       sf_debug_cd_terminate      0000000180037b20 f   sfc_debug:sfdb_cycle_detection.obj
 0001:00036d60       md5_initialize_state       0000000180037d60 f   sfc_debug:ckmd5.obj
 0001:000377d0       md5_update_state           00000001800387d0 f   sfc_debug:ckmd5.obj
 0001:000377f0       md5_get_hash               00000001800387f0 f   sfc_debug:ckmd5.obj
 0001:00037820       md5_get_hash_for_a_single_string 0000000180038820 f   sfc_debug:ckmd5.obj
 0001:00037884       mxGetPr                    0000000180038884 f   libmx:libmx.dll
 0001:0003788a       mxCreateDoubleScalar       000000018003888a f   libmx:libmx.dll
 0001:00037890       mxCreateDoubleMatrix_730   0000000180038890 f   libmx:libmx.dll
 0001:00037896       mxSetField_730             0000000180038896 f   libmx:libmx.dll
 0001:0003789c       mxCreateString             000000018003889c f   libmx:libmx.dll
 0001:000378a2       mxCreateStructMatrix_730   00000001800388a2 f   libmx:libmx.dll
 0001:000378a8       mxDestroyArray             00000001800388a8 f   libmx:libmx.dll
 0001:000378ae       mxDuplicateArray           00000001800388ae f   libmx:libmx.dll
 0001:000378b4       mxGetString_730            00000001800388b4 f   libmx:libmx.dll
 0001:000378ba       mxIsChar                   00000001800388ba f   libmx:libmx.dll
 0001:000378c0       mxGetClassID               00000001800388c0 f   libmx:libmx.dll
 0001:000378c6       mxIsNumeric                00000001800388c6 f   libmx:libmx.dll
 0001:000378cc       mxIsComplex                00000001800388cc f   libmx:libmx.dll
 0001:000378d2       mxGetN                     00000001800388d2 f   libmx:libmx.dll
 0001:000378d8       mxGetM                     00000001800388d8 f   libmx:libmx.dll
 0001:000378de       mxCalloc                   00000001800388de f   libmx:libmx.dll
 0001:000378e4       mxGetScalar                00000001800388e4 f   libmx:libmx.dll
 0001:000378ea       mxIsLogical                00000001800388ea f   libmx:libmx.dll
 0001:000378f0       mxCreateDoubleMatrix_700   00000001800388f0 f   libmx:libmx.dll
 0001:000378f6       mxFree                     00000001800388f6 f   libmx:libmx.dll
 0001:000378fc       mxArrayToString            00000001800388fc f   libmx:libmx.dll
 0001:00037902       mxCreateCellMatrix_700     0000000180038902 f   libmx:libmx.dll
 0001:00037908       mxSetCell_700              0000000180038908 f   libmx:libmx.dll
 0001:0003790e       mxGetCell_700              000000018003890e f   libmx:libmx.dll
 0001:00037914       mxGetClassName             0000000180038914 f   libmx:libmx.dll
 0001:0003791a       mxSetField_700             000000018003891a f   libmx:libmx.dll
 0001:00037920       mxAddField                 0000000180038920 f   libmx:libmx.dll
 0001:00037926       mxGetField_700             0000000180038926 f   libmx:libmx.dll
 0001:0003792c       mxGetNumberOfElements      000000018003892c f   libmx:libmx.dll
 0001:00037932       mxIsStruct                 0000000180038932 f   libmx:libmx.dll
 0001:00037938       mxIsA                      0000000180038938 f   libmx:libmx.dll
 0001:0003793e       mxIsClass                  000000018003893e f   libmx:libmx.dll
 0001:00037944       mxGetLogicals              0000000180038944 f   libmx:libmx.dll
 0001:0003794a       mxIsSparse                 000000018003894a f   libmx:libmx.dll
 0001:00037950       mxSetFieldByNumber_700     0000000180038950 f   libmx:libmx.dll
 0001:00037956       mxGetFieldByNumber_700     0000000180038956 f   libmx:libmx.dll
 0001:0003795c       mxGetFieldNameByNumber     000000018003895c f   libmx:libmx.dll
 0001:00037962       mxGetNumberOfFields        0000000180038962 f   libmx:libmx.dll
 0001:00037968       mxCreateStructMatrix_700   0000000180038968 f   libmx:libmx.dll
 0001:0003796e       mxGetFieldNumber           000000018003896e f   libmx:libmx.dll
 0001:00037974       mxIsNaN                    0000000180038974 f   libmx:libmx.dll
 0001:0003797a       mxIsEmpty                  000000018003897a f   libmx:libmx.dll
 0001:00037980       mxGetData                  0000000180038980 f   libmx:libmx.dll
 0001:00037986       mxGetImagData              0000000180038986 f   libmx:libmx.dll
 0001:0003798c       mxArrayClassIDName         000000018003898c f   libmx:libmx.dll
 0001:00037992       mxCreateNumericMatrix_700  0000000180038992 f   libmx:libmx.dll
 0001:00037998       mxCreateStructArray_700    0000000180038998 f   libmx:libmx.dll
 0001:0003799e       mxCalcSingleSubscript_700  000000018003899e f   libmx:libmx.dll
 0001:000379a4       mxGetDimensions_700        00000001800389a4 f   libmx:libmx.dll
 0001:000379aa       mxGetNumberOfDimensions_700 00000001800389aa f   libmx:libmx.dll
 0001:000379b0       mxCreateNumericArray_700   00000001800389b0 f   libmx:libmx.dll
 0001:000379b6       mxGetElementSize           00000001800389b6 f   libmx:libmx.dll
 0001:000379bc       mxCreateStringFromNChars_700 00000001800389bc f   libmx:libmx.dll
 0001:000379c2       mxGetString_700            00000001800389c2 f   libmx:libmx.dll
 0001:000379c8       mxIsLogicalScalarTrue      00000001800389c8 f   libmx:libmx.dll
 0001:000379ce       mxCreateLogicalScalar      00000001800389ce f   libmx:libmx.dll
 0001:000379d4       mexUnlock                  00000001800389d4 f   libmex:libmex.dll
 0001:000379da       mexIsLocked                00000001800389da f   libmex:libmex.dll
 0001:000379e0       mexWarnMsgTxt              00000001800389e0 f   libmex:libmex.dll
 0001:000379e6       mexCallMATLAB              00000001800389e6 f   libmex:libmex.dll
 0001:000379ec       mexErrMsgTxt               00000001800389ec f   libmex:libmex.dll
 0001:000379f2       mexMakeArrayPersistent     00000001800389f2 f   libmex:libmex.dll
 0001:000379f8       mexSetTrapFlag             00000001800389f8 f   libmex:libmex.dll
 0001:000379fe       mexPutVariable             00000001800389fe f   libmex:libmex.dll
 0001:00037a04       mexGetVariable             0000000180038a04 f   libmex:libmex.dll
 0001:00037a0a       mexLock                    0000000180038a0a f   libmex:libmex.dll
 0001:00037a10       mexMakeMemoryPersistent    0000000180038a10 f   libmex:libmex.dll
 0001:00037a16       mexFunctionName            0000000180038a16 f   libmex:libmex.dll
 0001:00037a1c       ssRegisterDataTypeFxpFSlopeFixExpBias 0000000180038a1c f   libfixedpoint:libfixedpoint.dll
 0001:00037a22       utVSNprintf                0000000180038a22 f   libut:libut.dll
 0001:00037a28       utCPUtime                  0000000180038a28 f   libut:libut.dll
 0001:00037a2e       utFree                     0000000180038a2e f   libut:libut.dll
 0001:00037a34       utMalloc                   0000000180038a34 f   libut:libut.dll
 0001:00037a3a       muDoubleScalarFloor        0000000180038a3a f   libmwmathutil:libmwmathutil.dll
 0001:00037a40       muDoubleScalarAbs          0000000180038a40 f   libmwmathutil:libmwmathutil.dll
 0001:00037a46       muDoubleScalarRound        0000000180038a46 f   libmwmathutil:libmwmathutil.dll
 0001:00037a4c       emlrtCreateRootTLS         0000000180038a4c f   libemlrt:libemlrt.dll
 0001:00037a52       emlrtDestroyRootTLS        0000000180038a52 f   libemlrt:libemlrt.dll
 0001:00037a58       emlrtCheckBuiltInR2012b    0000000180038a58 f   libemlrt:libemlrt.dll
 0001:00037a5e       emlrtCheckVsBuiltInR2012b  0000000180038a5e f   libemlrt:libemlrt.dll
 0001:00037a64       emlrtCheckEnumR2012b       0000000180038a64 f   libemlrt:libemlrt.dll
 0001:00037a6a       emlrtCreateEnumR2012b      0000000180038a6a f   libemlrt:libemlrt.dll
 0001:00037a70       emlrtGetEnumElementR2009a  0000000180038a70 f   libemlrt:libemlrt.dll
 0001:00037a76       emlrtCreateReference       0000000180038a76 f   libemlrt:libemlrt.dll
 0001:00037a7c       emlrtImportVsFiArrayR2009b 0000000180038a7c f   libemlrt:libemlrt.dll
 0001:00037a82       emlrtNameCapturePostProcessR2012a 0000000180038a82 f   libemlrt:libemlrt.dll
 0001:00037a88       emlrtExtractMessageId      0000000180038a88 f   libemlrt:libemlrt.dll
 0001:00037a8e       emlrtTranslateMessageIDtoLCPstring 0000000180038a8e f   libemlrt:libemlrt.dll
 0001:00037a94       emlrtForLoopVectorIsValidR2011b 0000000180038a94 f   libemlrt:libemlrt.dll
 0001:00037a9a       emlrtTranslateUTF16MessagetoLCPstring 0000000180038a9a f   libemlrt:libemlrt.dll
 0001:00037aa0       emlrtGetEnumUnderlyingArrayR2009a 0000000180038aa0 f   libemlrt:libemlrt.dll
 0001:00037aa6       emlrtIsEnumR2009a          0000000180038aa6 f   libemlrt:libemlrt.dll
 0001:00037aac       __GSHandlerCheckCommon     0000000180038aac f   MSVCRT:gshandler.obj
 0001:00037b10       __GSHandlerCheck           0000000180038b10 f   MSVCRT:gshandler.obj
 0001:00037b2e       strlen                     0000000180038b2e f   MSVCRT:MSVCR100.dll
 0001:00037b50       __security_check_cookie    0000000180038b50 f   MSVCRT:amdsecgs.obj
 0001:00037b70       memset                     0000000180038b70 f   MSVCRT:MSVCR100.dll
 0001:00037b76       malloc                     0000000180038b76 f   MSVCRT:MSVCR100.dll
 0001:00037b7c       free                       0000000180038b7c f   MSVCRT:MSVCR100.dll
 0001:00037b82       strcmp                     0000000180038b82 f   MSVCRT:MSVCR100.dll
 0001:00037b88       sprintf                    0000000180038b88 f   MSVCRT:MSVCR100.dll
 0001:00037b8e       strcat                     0000000180038b8e f   MSVCRT:MSVCR100.dll
 0001:00037b94       memcpy                     0000000180038b94 f   MSVCRT:MSVCR100.dll
 0001:00037b9c       NtCurrentTeb               0000000180038b9c f i MSVCRT:crtdll.obj
 0001:00037c08       _CRT_INIT                  0000000180038c08 f   MSVCRT:crtdll.obj
 0001:00037fa0       _DllMainCRTStartup         0000000180038fa0 f   MSVCRT:crtdll.obj
 0001:00037fde       strncpy                    0000000180038fde f   MSVCRT:MSVCR100.dll
 0001:00038000       _alloca_probe              0000000180039000     MSVCRT:chkstk.obj
 0001:00038000       __chkstk                   0000000180039000 f   MSVCRT:chkstk.obj
 0001:0003804e       longjmp                    000000018003904e f   MSVCRT:MSVCR100.dll
 0001:00038054       strncmp                    0000000180039054 f   MSVCRT:MSVCR100.dll
 0001:0003805a       ceil                       000000018003905a f   MSVCRT:MSVCR100.dll
 0001:00038060       strrchr                    0000000180039060 f   MSVCRT:MSVCR100.dll
 0001:00038066       _setjmp                    0000000180039066 f   MSVCRT:MSVCR100.dll
 0001:0003806c       calloc                     000000018003906c f   MSVCRT:MSVCR100.dll
 0001:00038072       realloc                    0000000180039072 f   MSVCRT:MSVCR100.dll
 0001:00038078       ldexp                      0000000180039078 f   MSVCRT:MSVCR100.dll
 0001:00038080       __report_gsfailure         0000000180039080 f   MSVCRT:gs_report.obj
 0001:000381cc       __clean_type_info_names    00000001800391cc f   MSVCRT:tncleanup.obj
 0001:000381d8       _onexit                    00000001800391d8 f   MSVCRT:atonexit.obj
 0001:00038288       atexit                     0000000180039288 f   MSVCRT:atonexit.obj
 0001:000382a0       _RTC_Initialize            00000001800392a0 f   MSVCRT:_initsect_.obj
 0001:000382d8       _RTC_Terminate             00000001800392d8 f   MSVCRT:_initsect_.obj
 0001:00038310       _malloc_crt                0000000180039310 f   MSVCRT:MSVCR100.dll
 0001:00038320       _ValidateImageBase         0000000180039320 f   MSVCRT:pesect.obj
 0001:00038350       _FindPESection             0000000180039350 f   MSVCRT:pesect.obj
 0001:000383a0       _IsNonwritableInCurrentImage 00000001800393a0 f   MSVCRT:pesect.obj
 0001:000383e2       _initterm                  00000001800393e2 f   MSVCRT:MSVCR100.dll
 0001:000383e8       _initterm_e                00000001800393e8 f   MSVCRT:MSVCR100.dll
 0001:000383ee       _encoded_null              00000001800393ee f   MSVCRT:MSVCR100.dll
 0001:000383f4       _amsg_exit                 00000001800393f4 f   MSVCRT:MSVCR100.dll
 0001:000383fa       __C_specific_handler       00000001800393fa f   MSVCRT:MSVCR100.dll
 0001:00038400       __CppXcptFilter            0000000180039400 f   MSVCRT:MSVCR100.dll
 0001:00038408       DllMain                    0000000180039408 f   MSVCRT:dllmain.obj
 0001:0003842c       __security_init_cookie     000000018003942c f   MSVCRT:gs_support.obj
 0001:000384e0       __crt_debugger_hook        00000001800394e0 f   MSVCRT:MSVCR100.dll
 0001:000384e6       __clean_type_info_names_internal 00000001800394e6 f   MSVCRT:MSVCR100.dll
 0001:000384ec       _unlock                    00000001800394ec f   MSVCRT:MSVCR100.dll
 0001:000384f2       __dllonexit                00000001800394f2 f   MSVCRT:MSVCR100.dll
 0001:000384f8       _lock                      00000001800394f8 f   MSVCRT:MSVCR100.dll
 0001:000384fe       EncodePointer              00000001800394fe f   kernel32:KERNEL32.dll
 0001:00038504       DecodePointer              0000000180039504 f   kernel32:KERNEL32.dll
 0001:0003850a       Sleep                      000000018003950a f   kernel32:KERNEL32.dll
 0001:00038510       TerminateProcess           0000000180039510 f   kernel32:KERNEL32.dll
 0001:00038516       GetCurrentProcess          0000000180039516 f   kernel32:KERNEL32.dll
 0001:0003851c       UnhandledExceptionFilter   000000018003951c f   kernel32:KERNEL32.dll
 0001:00038522       SetUnhandledExceptionFilter 0000000180039522 f   kernel32:KERNEL32.dll
 0001:00038528       IsDebuggerPresent          0000000180039528 f   kernel32:KERNEL32.dll
 0001:0003852e       RtlVirtualUnwind           000000018003952e f   kernel32:KERNEL32.dll
 0001:00038534       RtlLookupFunctionEntry     0000000180039534 f   kernel32:KERNEL32.dll
 0001:0003853a       RtlCaptureContext          000000018003953a f   kernel32:KERNEL32.dll
 0001:00038540       DisableThreadLibraryCalls  0000000180039540 f   kernel32:KERNEL32.dll
 0001:00038546       QueryPerformanceCounter    0000000180039546 f   kernel32:KERNEL32.dll
 0001:0003854c       GetTickCount               000000018003954c f   kernel32:KERNEL32.dll
 0001:00038552       GetCurrentThreadId         0000000180039552 f   kernel32:KERNEL32.dll
 0001:00038558       GetCurrentProcessId        0000000180039558 f   kernel32:KERNEL32.dll
 0001:0003855e       GetSystemTimeAsFileTime    000000018003955e f   kernel32:KERNEL32.dll
 0002:00000000       __imp_DisableThreadLibraryCalls 000000018003a000     kernel32:KERNEL32.dll
 0002:00000008       __imp_RtlCaptureContext    000000018003a008     kernel32:KERNEL32.dll
 0002:00000010       __imp_RtlLookupFunctionEntry 000000018003a010     kernel32:KERNEL32.dll
 0002:00000018       __imp_RtlVirtualUnwind     000000018003a018     kernel32:KERNEL32.dll
 0002:00000020       __imp_IsDebuggerPresent    000000018003a020     kernel32:KERNEL32.dll
 0002:00000028       __imp_SetUnhandledExceptionFilter 000000018003a028     kernel32:KERNEL32.dll
 0002:00000030       __imp_UnhandledExceptionFilter 000000018003a030     kernel32:KERNEL32.dll
 0002:00000038       __imp_GetCurrentProcess    000000018003a038     kernel32:KERNEL32.dll
 0002:00000040       __imp_TerminateProcess     000000018003a040     kernel32:KERNEL32.dll
 0002:00000048       __imp_Sleep                000000018003a048     kernel32:KERNEL32.dll
 0002:00000050       __imp_DecodePointer        000000018003a050     kernel32:KERNEL32.dll
 0002:00000058       __imp_EncodePointer        000000018003a058     kernel32:KERNEL32.dll
 0002:00000060       __imp_GetTickCount         000000018003a060     kernel32:KERNEL32.dll
 0002:00000068       __imp_GetCurrentThreadId   000000018003a068     kernel32:KERNEL32.dll
 0002:00000070       __imp_GetCurrentProcessId  000000018003a070     kernel32:KERNEL32.dll
 0002:00000078       __imp_GetSystemTimeAsFileTime 000000018003a078     kernel32:KERNEL32.dll
 0002:00000080       __imp_QueryPerformanceCounter 000000018003a080     kernel32:KERNEL32.dll
 0002:00000088       \177KERNEL32_NULL_THUNK_DATA 000000018003a088     kernel32:KERNEL32.dll
 0002:00000090       __imp_realloc              000000018003a090     MSVCRT:MSVCR100.dll
 0002:00000098       __imp__onexit              000000018003a098     MSVCRT:MSVCR100.dll
 0002:000000a0       __imp__lock                000000018003a0a0     MSVCRT:MSVCR100.dll
 0002:000000a8       __imp___dllonexit          000000018003a0a8     MSVCRT:MSVCR100.dll
 0002:000000b0       __imp__unlock              000000018003a0b0     MSVCRT:MSVCR100.dll
 0002:000000b8       __imp___clean_type_info_names_internal 000000018003a0b8     MSVCRT:MSVCR100.dll
 0002:000000c0       __imp___crt_debugger_hook  000000018003a0c0     MSVCRT:MSVCR100.dll
 0002:000000c8       __imp___CppXcptFilter      000000018003a0c8     MSVCRT:MSVCR100.dll
 0002:000000d0       __imp___C_specific_handler 000000018003a0d0     MSVCRT:MSVCR100.dll
 0002:000000d8       __imp__amsg_exit           000000018003a0d8     MSVCRT:MSVCR100.dll
 0002:000000e0       __imp__encoded_null        000000018003a0e0     MSVCRT:MSVCR100.dll
 0002:000000e8       __imp__initterm_e          000000018003a0e8     MSVCRT:MSVCR100.dll
 0002:000000f0       __imp__initterm            000000018003a0f0     MSVCRT:MSVCR100.dll
 0002:000000f8       __imp__malloc_crt          000000018003a0f8     MSVCRT:MSVCR100.dll
 0002:00000100       __imp_ldexp                000000018003a100     MSVCRT:MSVCR100.dll
 0002:00000108       __imp_strlen               000000018003a108     MSVCRT:MSVCR100.dll
 0002:00000110       __imp_calloc               000000018003a110     MSVCRT:MSVCR100.dll
 0002:00000118       __imp__setjmp              000000018003a118     MSVCRT:MSVCR100.dll
 0002:00000120       __imp_strrchr              000000018003a120     MSVCRT:MSVCR100.dll
 0002:00000128       __imp_ceil                 000000018003a128     MSVCRT:MSVCR100.dll
 0002:00000130       __imp_strncmp              000000018003a130     MSVCRT:MSVCR100.dll
 0002:00000138       __imp_longjmp              000000018003a138     MSVCRT:MSVCR100.dll
 0002:00000140       __imp_strncpy              000000018003a140     MSVCRT:MSVCR100.dll
 0002:00000148       __imp_memcpy               000000018003a148     MSVCRT:MSVCR100.dll
 0002:00000150       __imp_strcat               000000018003a150     MSVCRT:MSVCR100.dll
 0002:00000158       __imp_sprintf              000000018003a158     MSVCRT:MSVCR100.dll
 0002:00000160       __imp_strcmp               000000018003a160     MSVCRT:MSVCR100.dll
 0002:00000168       __imp_free                 000000018003a168     MSVCRT:MSVCR100.dll
 0002:00000170       __imp_malloc               000000018003a170     MSVCRT:MSVCR100.dll
 0002:00000178       __imp_memset               000000018003a178     MSVCRT:MSVCR100.dll
 0002:00000180       \177MSVCR100_NULL_THUNK_DATA 000000018003a180     MSVCRT:MSVCR100.dll
 0002:00000188       __imp_emlrtIsEnumR2009a    000000018003a188     libemlrt:libemlrt.dll
 0002:00000190       __imp_emlrtCheckVsBuiltInR2012b 000000018003a190     libemlrt:libemlrt.dll
 0002:00000198       __imp_emlrtGetEnumUnderlyingArrayR2009a 000000018003a198     libemlrt:libemlrt.dll
 0002:000001a0       __imp_emlrtTranslateUTF16MessagetoLCPstring 000000018003a1a0     libemlrt:libemlrt.dll
 0002:000001a8       __imp_emlrtForLoopVectorIsValidR2011b 000000018003a1a8     libemlrt:libemlrt.dll
 0002:000001b0       __imp_emlrtTranslateMessageIDtoLCPstring 000000018003a1b0     libemlrt:libemlrt.dll
 0002:000001b8       __imp_emlrtExtractMessageId 000000018003a1b8     libemlrt:libemlrt.dll
 0002:000001c0       __imp_emlrtCheckBuiltInR2012b 000000018003a1c0     libemlrt:libemlrt.dll
 0002:000001c8       __imp_emlrtDestroyRootTLS  000000018003a1c8     libemlrt:libemlrt.dll
 0002:000001d0       __imp_emlrtCreateRootTLS   000000018003a1d0     libemlrt:libemlrt.dll
 0002:000001d8       __imp_emlrtCheckEnumR2012b 000000018003a1d8     libemlrt:libemlrt.dll
 0002:000001e0       __imp_emlrtCreateEnumR2012b 000000018003a1e0     libemlrt:libemlrt.dll
 0002:000001e8       __imp_emlrtGetEnumElementR2009a 000000018003a1e8     libemlrt:libemlrt.dll
 0002:000001f0       __imp_emlrtCreateReference 000000018003a1f0     libemlrt:libemlrt.dll
 0002:000001f8       __imp_emlrtImportVsFiArrayR2009b 000000018003a1f8     libemlrt:libemlrt.dll
 0002:00000200       __imp_emlrtNameCapturePostProcessR2012a 000000018003a200     libemlrt:libemlrt.dll
 0002:00000208       \177libemlrt_NULL_THUNK_DATA 000000018003a208     libemlrt:libemlrt.dll
 0002:00000210       __imp_ssRegisterDataTypeFxpFSlopeFixExpBias 000000018003a210     libfixedpoint:libfixedpoint.dll
 0002:00000218       \177libfixedpoint_NULL_THUNK_DATA 000000018003a218     libfixedpoint:libfixedpoint.dll
 0002:00000220       __imp_mexFunctionName      000000018003a220     libmex:libmex.dll
 0002:00000228       __imp_mexMakeMemoryPersistent 000000018003a228     libmex:libmex.dll
 0002:00000230       __imp_mexGetVariable       000000018003a230     libmex:libmex.dll
 0002:00000238       __imp_mexPutVariable       000000018003a238     libmex:libmex.dll
 0002:00000240       __imp_mexSetTrapFlag       000000018003a240     libmex:libmex.dll
 0002:00000248       __imp_mexMakeArrayPersistent 000000018003a248     libmex:libmex.dll
 0002:00000250       __imp_mexErrMsgTxt         000000018003a250     libmex:libmex.dll
 0002:00000258       __imp_mexCallMATLAB        000000018003a258     libmex:libmex.dll
 0002:00000260       __imp_mexUnlock            000000018003a260     libmex:libmex.dll
 0002:00000268       __imp_mexIsLocked          000000018003a268     libmex:libmex.dll
 0002:00000270       __imp_mexWarnMsgTxt        000000018003a270     libmex:libmex.dll
 0002:00000278       __imp_mexLock              000000018003a278     libmex:libmex.dll
[...]
 0001:0000dc20       sf_mex_check_fimath        000000018000ec20 f   sfc_mex:sfc_mex.obj
 0001:0000e7d0       size_mismatch_error        000000018000f7d0 f   sfc_mex:sfc_mex.obj
 0001:0000f270       check_array_dimensions     0000000180010270 f   sfc_mex:sfc_mex.obj
 0001:0000f2e0       check_input_mxarray        00000001800102e0 f   sfc_mex:sfc_mex.obj
 0001:0000fa20       sf_numeric_value_to_double 0000000180010a20 f   sfc_mex:sfc_mex.obj
 0001:0000fa70       ml_generic_out_of_bounds_check 0000000180010a70 f   sfc_mex:sfc_mex.obj
 0001:0000fc40       ml_get_element_value_from_array 0000000180010c40 f   sfc_mex:sfc_mex.obj
 0001:0000ffe0       _ml_generic_castability_check 0000000180010fe0 f   sfc_mex:sfc_mex.obj
 0001:00010d40       ml_generic_castability_check 0000000180011d40 f   sfc_mex:sfc_mex.obj
 0001:00010de0       ml_check_mx_array_for_single_castability 0000000180011de0 f   sfc_mex:sfc_mex.obj
 0001:00010e80       ml_check_mx_array_for_logical_castability 0000000180011e80 f   sfc_mex:sfc_mex.obj
 0001:00010f20       ml_check_mx_array_for_int8_castability 0000000180011f20 f   sfc_mex:sfc_mex.obj
 0001:00010fd0       ml_check_mx_array_for_uint8_castability 0000000180011fd0 f   sfc_mex:sfc_mex.obj
 0001:00011030       ml_check_mx_array_for_int16_castability 0000000180012030 f   sfc_mex:sfc_mex.obj
 0001:00011090       ml_check_mx_array_for_uint16_castability 0000000180012090 f   sfc_mex:sfc_mex.obj
 0001:000110f0       ml_check_mx_array_for_int32_castability 00000001800120f0 f   sfc_mex:sfc_mex.obj
 0001:00011150       ml_check_mx_array_for_uint32_castability 0000000180012150 f   sfc_mex:sfc_mex.obj
 0001:000111b0       ml_check_mx_array_for_castability 00000001800121b0 f   sfc_mex:sfc_mex.obj
 0001:00011ae0       set_data_value             0000000180012ae0 f   sfc_mex:sfc_mex.obj
 0001:00011e50       get_data_value             0000000180012e50 f   sfc_mex:sfc_mex.obj
 0001:00011f60       get_next_element_address   0000000180012f60 f   sfc_mex:sfc_mex.obj
 0001:00012030       sf_normalize_index         0000000180013030 f   sfc_mex:sfc_mex.obj
 0001:000123c0       ml_array_index_bound_check 00000001800133c0 f   sfc_mex:sfc_mex.obj
 0001:00012ee0       mx_value                   0000000180013ee0 f   sfc_mex:sfc_mex.obj
 0001:00012f30       sf_create_numeric_array    0000000180013f30 f   sfc_mex:sfc_mex.obj
 0001:00012fd0       sf_mex_assign_to_mx_array  0000000180013fd0 f   sfc_mex:sfc_mex.obj
 0001:00013320       assign_from_mx_array       0000000180014320 f   sfc_mex:sfc_mex.obj
 0001:00013b50       sf_mex_import_v            0000000180014b50 f   sfc_mex:sfc_mex.obj
 0001:00014250       get_machine_and_chart_file_number 0000000180015250 f   sfc_mex:sfc_sf.obj
 0001:00014340       get_sfun_block_specialization 0000000180015340 f   sfc_mex:sfc_sf.obj
 0001:000143f0       call_sf_machine_global_method_dispatcher 00000001800153f0 f   sfc_mex:sfc_sf.obj
 0001:00014640       mdl_zeroCrossings_processing 0000000180015640 f   sfc_mex:sfc_sf.obj
 0001:00014710       mdl_derivatives_processing 0000000180015710 f   sfc_mex:sfc_sf.obj
 0001:000149d0       mdl_outputs_continuous_legacy 00000001800159d0 f   sfc_mex:sfc_sf.obj
 0001:00014a50       mdl_outputs_processing     0000000180015a50 f   sfc_mex:sfc_sf.obj
 0001:00014cc0       mdl_enable_processing      0000000180015cc0 f   sfc_mex:sfc_sf.obj
 0001:00014d90       mdl_disable_processing     0000000180015d90 f   sfc_mex:sfc_sf.obj
 0001:00015b00       sf_call_output_fcn_enable_disable 0000000180016b00 f   sfc_mex:sfc_sf.obj
 0001:00015d80       set_dwork_information_from_mx_array 0000000180016d80 f   sfc_mex:sfc_sf.obj
 0001:00016640       ptr2mxStruct               0000000180017640 f   sfc_mex:sfc_sf.obj
 0001:00016950       SNPRINTF_WRAPPER           0000000180017950 f   sfc_debug:sfcdebug.obj
 0001:00016970       sf_debug_chart_instance_initialized_quick 0000000180017970 f   sfc_debug:sfcdebug.obj
 0001:00016980       sf_debug_chart_instance_initialized 0000000180017980 f   sfc_debug:sfcdebug.obj
 0001:00016b20       sfrtAddSize                0000000180017b20 f   sfc_debug:sfcdebug.obj
 0001:00016be0       sfrtGenSizeString          0000000180017be0 f   sfc_debug:sfcdebug.obj
 0001:000172f0       fill_single_message_info   00000001800182f0 f   sfc_debug:sfcdebug.obj
 0001:000174b0       sf_debug_sim_status_listener 00000001800184b0 f   sfc_debug:sfcdebug.obj
 0001:00017a20       sf_debug_form_mask_bits    0000000180018a20 f   sfc_debug:sfcdebug.obj
 0001:00017a60       sf_debug_form_sf_data_type_offsets 0000000180018a60 f   sfc_debug:sfcdebug.obj
 0001:00017b20       sf_debug_free_all          0000000180018b20 f   sfc_debug:sfcdebug.obj
 0001:00017cd0       sf_debug_append_debugger_context 0000000180018cd0 f   sfc_debug:sfcdebug.obj
 0001:00017e70       sf_debug_update_always_honor_breakpoints 0000000180018e70 f   sfc_debug:sfcdebug.obj
 0001:00018040       local_strdup               0000000180019040 f   sfc_debug:sfcdebug.obj
 0001:00018f20       sf_debug_em_terminate      0000000180019f20 f   sfc_debug:sfcdebug.obj
 0001:00018f60       sf_debug_push_eml_function 0000000180019f60 f   sfc_debug:sfcdebug.obj
 0001:00019000       sf_debug_pop_eml_function  000000018001a000 f   sfc_debug:sfcdebug.obj
 0001:00019d00       sf_debug_get_machine_number_from_id_or_name 000000018001ad00 f   sfc_debug:sfcdebug.obj
 0001:00019e50       sf_debug_get_chart_number_from_id 000000018001ae50 f   sfc_debug:sfcdebug.obj
 0001:0001abf0       sf_debug_transfer_control_to_debugger_GUI 000000018001bbf0 f   sfc_debug:sfcdebug.obj
 0001:0001bb80       sf_debug_scripts_rehash    000000018001cb80 f   sfc_debug:sfcdebug.obj
 0001:0001bdc0       sf_debug_get_script_line_count 000000018001cdc0 f   sfc_debug:sfcdebug.obj
 0001:0001c6f0       cv_eml_state_cvId          000000018001d6f0 f   sfc_debug:sfcdebug.obj
 0001:0001c760       cv_eml_trans_cvId          000000018001d760 f   sfc_debug:sfcdebug.obj
 0001:0001daf0       sf_debug_data_array_bounds_error 000000018001eaf0 f   sfc_debug:sfcdebug.obj
 0001:0001df20       eml_debug_runtime_error_doclink 000000018001ef20 f   sfc_debug:sfcdebug.obj
 0001:0001e080       sf_debug_runtime_error     000000018001f080 f   sfc_debug:sfcdebug.obj
 0001:0001e0f0       sf_debug_matlab_error      000000018001f0f0 f   sfc_debug:sfcdebug.obj
 0001:0001ea30       sf_debug_data_value_error  000000018001fa30 f   sfc_debug:sfcdebug.obj
 0001:0001f330       sf_debug_data_loss_error   0000000180020330 f   sfc_debug:sfcdebug.obj
 0001:000202c0       call_cv_range_check        00000001800212c0 f   sfc_debug:sfcdebug.obj
 0001:00020a90       sf_debug_invoke_cycle_detection_code 0000000180021a90 f   sfc_debug:sfcdebug.obj
 0001:00021910       sf_reset_debug_info_struct 0000000180022910 f   sfc_debug:sfcdebug.obj
 0001:00022170       cv_script_cvId             0000000180023170 f   sfc_debug:sfcdebug.obj
 0001:00022ed0       sfc_api_chart_visible      0000000180023ed0 f   sfc_debug:sfc_api.obj
 0001:00022f50       sfc_api_active_instance    0000000180023f50 f   sfc_debug:sfc_api.obj
 0001:00022fd0       sfc_api_machine_load       0000000180023fd0 f   sfc_debug:sfc_api.obj
 0001:000230a0       sfc_api_debugger_alive     00000001800240a0 f   sfc_debug:sfc_api.obj
 0001:000230b0       sfc_api_go                 00000001800240b0 f   sfc_debug:sfc_api.obj
 0001:000230c0       sfc_api_step_over          00000001800240c0 f   sfc_debug:sfc_api.obj
 0001:000230d0       sfc_api_step_out           00000001800240d0 f   sfc_debug:sfc_api.obj
 0001:000230e0       sfc_api_resume             00000001800240e0 f   sfc_debug:sfc_api.obj
 0001:000230f0       sfc_api_break              00000001800240f0 f   sfc_debug:sfc_api.obj
 0001:00023100       sfc_api_stop_debugging     0000000180024100 f   sfc_debug:sfc_api.obj
 0001:00023150       sfc_api_is_cycle_detected  0000000180024150 f   sfc_debug:sfc_api.obj
 0001:000231a0       sfc_api_is_array_bounds_detected 00000001800241a0 f   sfc_debug:sfc_api.obj
 0001:000231f0       sfc_api_set_disable_all_breakpoints 00000001800241f0 f   sfc_debug:sfc_api.obj
 0001:00023260       sfc_api_disable_all_breakpoints_and_go 0000000180024260 f   sfc_debug:sfc_api.obj
 0001:00023270       sfc_api_close              0000000180024270 f   sfc_debug:sfc_api.obj
 0001:00023280       sfc_api_browse_data        0000000180024280 f   sfc_debug:sfc_api.obj
 0001:000232f0       sfc_api_watch_data         00000001800242f0 f   sfc_debug:sfc_api.obj
 0001:000233f0       sfc_api_extract_message_post_receive_info 00000001800243f0 f   sfc_debug:sfc_api.obj
 0001:00023410       sfc_api_assign_data        0000000180024410 f   sfc_debug:sfc_api.obj
 0001:000234b0       sfc_api_whos               00000001800244b0 f   sfc_debug:sfc_api.obj
 0001:00023540       sfc_api_get_consistency_info 0000000180024540 f   sfc_debug:sfc_api.obj
 0001:00023550       sfc_api_browse_trace       0000000180024550 f   sfc_debug:sfc_api.obj
 0001:00023560       sfc_api_break_on_chart_entry 0000000180024560 f   sfc_debug:sfc_api.obj
 0001:00023580       sfc_api_break_on_event_broadcast 0000000180024580 f   sfc_debug:sfc_api.obj
 0001:000235a0       sfc_api_break_on_state_entry 00000001800245a0 f   sfc_debug:sfc_api.obj
 0001:000235c0       sfc_api_set_watch          00000001800245c0 f   sfc_debug:sfc_api.obj
 0001:00023660       sfc_api_set_breakpoints    0000000180024660 f   sfc_debug:sfc_api.obj
 0001:00023700       sfc_api_set_eml_breakpoints 0000000180024700 f   sfc_debug:sfc_api.obj
 0001:00023780       sfc_api_set_script_breakpoints 0000000180024780 f   sfc_debug:sfc_api.obj
 0001:000237d0       sfc_api_add_script_breakpoints 00000001800247d0 f   sfc_debug:sfc_api.obj
 0001:00023820       sfc_api_clear_script_breakpoints 0000000180024820 f   sfc_debug:sfc_api.obj
 0001:00023870       sfc_api_query_script_breakpoints 0000000180024870 f   sfc_debug:sfc_api.obj
 0001:000238d0       sfc_api_get_script_id      00000001800248d0 f   sfc_debug:sfc_api.obj
 0001:00023990       sfc_api_get_active_states  0000000180024990 f   sfc_debug:sfc_api.obj
 0001:00023a10       sfc_api_break_between_times 0000000180024a10 f   sfc_debug:sfc_api.obj
 0001:00023a70       sfc_api_get_instance_handle 0000000180024a70 f   sfc_debug:sfc_api.obj
 0001:00023b20       sfc_api_set_animation      0000000180024b20 f   sfc_debug:sfc_api.obj
 0001:00023b70       sfc_api_select_chart       0000000180024b70 f   sfc_debug:sfc_api.obj
 0001:00023bd0       sfc_api_select_charts      0000000180024bd0 f   sfc_debug:sfc_api.obj
 0001:00023c00       sfc_api_cycle_detection_check 0000000180024c00 f   sfc_debug:sfc_api.obj
 0001:00023c50       sfc_api_data_range_check   0000000180024c50 f   sfc_debug:sfc_api.obj
 0001:00023ca0       sfc_api_transition_conflict_check 0000000180024ca0 f   sfc_debug:sfc_api.obj
 0001:00023cf0       sfc_api_state_consistency_check 0000000180024cf0 f   sfc_debug:sfc_api.obj
 0001:00023d40       sfc_api_set_instance_cv_ids 0000000180024d40 f   sfc_debug:sfc_api.obj
 0001:00023e50       sfc_api_set_script_cv_ids  0000000180024e50 f   sfc_debug:sfc_api.obj
 0001:00023f00       sfc_api_get_current_machine_id 0000000180024f00 f   sfc_debug:sfc_api.obj
 0001:00023f30       sfc_api_get_current_machine_number 0000000180024f30 f   sfc_debug:sfc_api.obj
 0001:00023f60       sfc_api_get_current_chart_number 0000000180024f60 f   sfc_debug:sfc_api.obj
 0001:00023f90       sfc_api_get_current_instance_number 0000000180024f90 f   sfc_debug:sfc_api.obj
 0001:00023fc0       sfc_api_get_current_instance_handle 0000000180024fc0 f   sfc_debug:sfc_api.obj
 0001:00023fe0       sfc_api_get_current_is_minor_time_step 0000000180024fe0 f   sfc_debug:sfc_api.obj
 0001:00024010       sfc_api_get_current_machine_name 0000000180025010 f   sfc_debug:sfc_api.obj
 0001:00024030       sfc_api_get_current_chart_id 0000000180025030 f   sfc_debug:sfc_api.obj
 0001:00024060       sfc_api_get_current_object_type 0000000180025060 f   sfc_debug:sfc_api.obj
 0001:00024090       sfc_api_get_current_event_type 0000000180025090 f   sfc_debug:sfc_api.obj
 0001:000240c0       sfc_api_get_current_object_id 00000001800250c0 f   sfc_debug:sfc_api.obj
 0001:000240f0       sfc_get_current_active_event_type 00000001800250f0 f   sfc_debug:sfc_api.obj
 0001:00024120       sfc_api_get_current_active_event_id 0000000180025120 f   sfc_debug:sfc_api.obj
 0001:00024150       sfc_api_get_current_simulation_time 0000000180025150 f   sfc_debug:sfc_api.obj
 0001:00024170       sfc_get_current_tag_type   0000000180025170 f   sfc_debug:sfc_api.obj
 0001:000241a0       sfc_get_current_coverage_percentage 00000001800251a0 f   sfc_debug:sfc_api.obj
 0001:000241c0       sfc_get_current_statement_context 00000001800251c0 f   sfc_debug:sfc_api.obj
 0001:000241e0       sfc_get_current_optional_integer 00000001800251e0 f   sfc_debug:sfc_api.obj
 0001:00024210       sfc_get_current_statement_info 0000000180025210 f   sfc_debug:sfc_api.obj
 0001:000242b0       sfc_api_get                00000001800252b0 f   sfc_debug:sfc_api.obj
 0001:00024f20       sf_debug_sm_fill_state_activity_data 0000000180025f20 f   sfc_debug:sfdb_animation.obj
 0001:00027820       void_ptr_stack_vector_free_total 0000000180028820 f   sfc_debug:sfdb_data_browse.obj
 0001:000278b0       sf_debug_st_terminate_machine 00000001800288b0 f   sfc_debug:sfdb_data_browse.obj
 0001:000278f0       sf_debug_st_terminate_instance 00000001800288f0 f   sfc_debug:sfdb_data_browse.obj
 0001:00027ca0       push_on_to_void_ptr_stack  0000000180028ca0 f   sfc_debug:sfdb_data_browse.obj
 0001:00027e30       pop_from_void_ptr_stack    0000000180028e30 f   sfc_debug:sfdb_data_browse.obj
 0001:00027f60       sf_debug_st_get_data_value 0000000180028f60 f   sfc_debug:sfdb_data_browse.obj
 0001:000284f0       mx_value                   00000001800294f0 f   sfc_debug:sfdb_data_browse.obj
 0001:00028530       sf_debug_st_fill_data_struct 0000000180029530 f   sfc_debug:sfdb_data_browse.obj
 0001:00028870       data_type_format_strings   0000000180029870 f   sfc_debug:sfdb_data_browse.obj
 0001:00028920       sf_debug_st_fill_data      0000000180029920 f   sfc_debug:sfdb_data_browse.obj
 0001:00029670       sf_debug_hm_get_simulink_handle 000000018002a670 f   sfc_debug:sfdb_handle_management.obj
 0001:0002a170       sf_debug_hm_initialize_globals 000000018002b170 f   sfc_debug:sfdb_handle_management.obj
 0001:0002a270       sf_debug_hm_get_machine_debug_flag 000000018002b270 f   sfc_debug:sfdb_handle_management.obj
 0001:0002a3e0       sf_debug_hm_get_machine_id 000000018002b3e0 f   sfc_debug:sfdb_handle_management.obj
 0001:0002a500       sf_debug_hm_get_chart_id   000000018002b500 f   sfc_debug:sfdb_handle_management.obj
 0001:0002a6a0       sf_debug_hm_register_executing_SFunction 000000018002b6a0 f   sfc_debug:sfdb_handle_management.obj
 0001:0002aa30       sf_debug_hm_form_object_boolean_properties 000000018002ba30 f   sfc_debug:sfdb_handle_management.obj
 0001:0002ad00       sf_debug_hm_form_object_properties 000000018002bd00 f   sfc_debug:sfdb_handle_management.obj
 0001:0002af40       sf_debug_hm_terminate_charts 000000018002bf40 f   sfc_debug:sfdb_handle_management.obj
 0001:0002b6a0       sf_debug_hm_terminate_machines 000000018002c6a0 f   sfc_debug:sfdb_handle_management.obj
 0001:0002d2a0       sf_debug_ss_copy_dimension 000000018002e2a0 f   sfc_debug:sfdb_symbol_scope.obj
 0001:0002d360       sf_debug_ss_get_number_elements 000000018002e360 f   sfc_debug:sfdb_symbol_scope.obj
 0001:0002d380       sf_debug_ss_fill_data_struct 000000018002e380 f   sfc_debug:sfdb_symbol_scope.obj
 0001:0002d6d0       sf_debug_ss_reset_data_info 000000018002e6d0 f   sfc_debug:sfdb_symbol_scope.obj
 0001:0002d730       sf_debug_fill_data_info_by_symbol_scope_entry 000000018002e730 f   sfc_debug:sfdb_symbol_scope.obj
 0001:0002d7f0       sf_debug_fill_data_info_by_data_vector 000000018002e7f0 f   sfc_debug:sfdb_symbol_scope.obj
 0001:0002da40       get_data_info_helper       000000018002ea40 f   sfc_debug:sfdb_symbol_scope.obj
 0001:0002db40       sf_debug_ss_get_data_info  000000018002eb40 f   sfc_debug:sfdb_symbol_scope.obj
 0001:0002dd70       sf_debug_select_mex_function 000000018002ed70 f   sfc_debug:sfdb_symbol_scope.obj
 0001:0002dda0       sf_debug_is_dyn_matrix_initialized 000000018002eda0 f   sfc_debug:sfdb_symbol_scope.obj
 0001:0002ddc0       sf_debug_ss_set_data_value_try 000000018002edc0 f   sfc_debug:sfdb_symbol_scope.obj
 0001:0002df90       sf_debug_ss_get_data_value 000000018002ef90 f   sfc_debug:sfdb_symbol_scope.obj
 0001:0002e700       sf_debug_ss_data_bytes_string 000000018002f700 f   sfc_debug:sfdb_symbol_scope.obj
 0001:0002e7b0       sf_debug_ss_data_class_string 000000018002f7b0 f   sfc_debug:sfdb_symbol_scope.obj
 0001:0002eb40       sf_debug_ss_data_size_string 000000018002fb40 f   sfc_debug:sfdb_symbol_scope.obj
 0001:0002ec20       sf_debug_ss_data_create_data_info_struct 000000018002fc20 f   sfc_debug:sfdb_symbol_scope.obj
 0001:0002eef0       sf_debug_ss_data_create_name_value_pair 000000018002fef0 f   sfc_debug:sfdb_symbol_scope.obj
 0001:0002ef90       sf_debug_ss_data_get_whos_info 000000018002ff90 f   sfc_debug:sfdb_symbol_scope.obj
 0001:0002efa0       same_named_data_in_data_array 000000018002ffa0 f   sfc_debug:sfdb_symbol_scope.obj
 0001:00030830       sf_debug_cc_terminate_chart 0000000180031830 f   sfc_debug:sfdb_coverage.obj
 0001:00030bd0       sf_debug_cc_terminate_instance 0000000180031bd0 f   sfc_debug:sfdb_coverage.obj
 0001:000317c0       sf_debug_cc_mark_object_if_needed 00000001800327c0 f   sfc_debug:sfdb_coverage.obj
 0001:000320c0       sf_debug_bm_initialize_eml 00000001800330c0 f   sfc_debug:sfdb_breakpoints.obj
 0001:00033200       sf_debug_bm_map_debug_tag_to_breakpoint_tag 0000000180034200 f   sfc_debug:sfdb_breakpoints.obj
 0001:000332e0       sf_debug_bm_is_a_eml_breakpoint_impl 00000001800342e0 f   sfc_debug:sfdb_breakpoints.obj
 0001:00034e20       sf_debug_sc_push_on_error_stack 0000000180035e20 f   sfc_debug:sfdb_state_consistency.obj
 0001:00034f50       sf_debug_sc_reset_error_stack 0000000180035f50 f   sfc_debug:sfdb_state_consistency.obj
 0001:000350e0       sf_debug_sc_is_state_inconsistent 00000001800360e0 f   sfc_debug:sfdb_state_consistency.obj
 0001:000353e0       sf_debug_sc_fill_consistency_info 00000001800363e0 f   sfc_debug:sfdb_state_consistency.obj
 0001:000359c0       void_assertion_fcn         00000001800369c0 f   sfc_debug:sfdb_call_stack.obj
 0001:00035f40       sf_debug_tm_fill_local_trace 0000000180036f40 f   sfc_debug:sfdb_call_stack.obj
 0001:00036510       sf_debug_cd_terminate_instance 0000000180037510 f   sfc_debug:sfdb_cycle_detection.obj
 0001:00036570       sf_debug_cd_free_checksum_stack 0000000180037570 f   sfc_debug:sfdb_cycle_detection.obj
 0001:000365c0       sf_debug_cd_reset_pack_strings 00000001800375c0 f   sfc_debug:sfdb_cycle_detection.obj
 0001:00036c80       md5file_clear              0000000180037c80 f   sfc_debug:ckmd5.obj
 0001:00036cb0       Encode                     0000000180037cb0 f   sfc_debug:ckmd5.obj
 0001:00036d00       Decode                     0000000180037d00 f   sfc_debug:ckmd5.obj
 0001:00036da0       MD5Transform               0000000180037da0 f   sfc_debug:ckmd5.obj
 0001:000375f0       md5file_addn               00000001800385f0 f   sfc_debug:ckmd5.obj
 0001:000376c0       md5file_hash               00000001800386c0 f   sfc_debug:ckmd5.obj
 0001:00037ba8       pre_c_init                 0000000180038ba8 f   MSVCRT:crtdll.obj
 0001:00037e64       __DllMainCRTStartup        0000000180038e64 f   MSVCRT:crtdll.obj
 0001:00038570       __DllMainCRTStartup$filt$0 0000000180039570 f   MSVCRT:crtdll.obj
 0001:000385a0       __DllMainCRTStartup$fin$1  00000001800395a0 f   MSVCRT:crtdll.obj
 0001:000385ba       _onexit$fin$0              00000001800395ba f   MSVCRT:atonexit.obj
 0001:000385e0       _IsNonwritableInCurrentImage$filt$0 00000001800395e0 f   MSVCRT:pesect.obj
